Archive member included because of file (symbol)

e:/kos/kolibri/drivers/video/drm/i915/../../../ddk/libddk.a(dbglog.o)
                              main.o (dbg_open)
e:/kos/kolibri/drivers/video/drm/i915/../../../ddk/libddk.a(malloc.o)
                              pci.o (malloc)
e:/kos/kolibri/drivers/video/drm/i915/../../../ddk/libddk.a(kref.o)
                              i915_gem.o (kref_init)
e:/kos/kolibri/drivers/video/drm/i915/../../../ddk/libddk.a(memset.o)
                              intel_bios.o (memset)
e:/kos/kolibri/drivers/video/drm/i915/../../../ddk/libddk.a(memcmp.o)
                              intel_bios.o (memcmp)
e:/kos/kolibri/drivers/video/drm/i915/../../../ddk/libddk.a(time.o)
                              intel_pm.o (jiffies_to_msecs)
e:/kos/kolibri/drivers/video/drm/i915/../../../ddk/libddk.a(memcpy.o)
                              intel_dp.o (memcpy)
e:/kos/kolibri/drivers/video/drm/i915/../../../ddk/libddk.a(strncpy.o)
                              intel_dp.o (strncpy)
e:/kos/kolibri/drivers/video/drm/i915/../../../ddk/libddk.a(vsprintf.o)
                              e:/kos/kolibri/drivers/video/drm/i915/../../../ddk/libddk.a(dbglog.o) (vsnprintf)
e:/kos/kolibri/drivers/video/drm/i915/../../../ddk/libddk.a(string.o)
                              e:/kos/kolibri/drivers/video/drm/i915/../i2c/i2c-core.o (strlcpy)
e:/kos/kolibri/drivers/video/drm/i915/../../../ddk/libddk.a(list_sort.o)
                              e:/kos/kolibri/drivers/video/drm/i915/../drm_modes.o (list_sort)
e:/kos/kolibri/drivers/video/drm/i915/../../../ddk/libddk.a(idr.o)
                              e:/kos/kolibri/drivers/video/drm/i915/../drm_crtc.o (idr_pre_get)
e:/kos/kolibri/drivers/video/drm/i915/../../../ddk/libddk.a(strncmp.o)
                              e:/kos/kolibri/drivers/video/drm/i915/../drm_edid.o (strncmp)
e:/kos/kolibri/drivers/video/drm/i915/../../../ddk/libddk.a(finfo.o)
                              e:/kos/kolibri/drivers/video/drm/i915/../../../ddk/libddk.a(dbglog.o) (get_fileinfo)
e:/kos/kolibri/drivers/video/drm/i915/../../../ddk/libddk.a(create.o)
                              e:/kos/kolibri/drivers/video/drm/i915/../../../ddk/libddk.a(dbglog.o) (create_file)
e:/kos/kolibri/drivers/video/drm/i915/../../../ddk/libddk.a(ssize.o)
                              e:/kos/kolibri/drivers/video/drm/i915/../../../ddk/libddk.a(dbglog.o) (set_file_size)
e:/kos/kolibri/drivers/video/drm/i915/../../../ddk/libddk.a(write.o)
                              e:/kos/kolibri/drivers/video/drm/i915/../../../ddk/libddk.a(dbglog.o) (write_file)
e:/kos/kolibri/drivers/video/drm/i915/../../../ddk/libddk.a(_memmove.o)
                              e:/kos/kolibri/drivers/video/drm/i915/../../../ddk/libddk.a(memcpy.o) (_memcpy)
e:/kos/kolibri/drivers/video/drm/i915/../../../ddk/libddk.a(_strncpy.o)
                              e:/kos/kolibri/drivers/video/drm/i915/../../../ddk/libddk.a(strncpy.o) (_strncpy)
e:/kos/kolibri/drivers/video/drm/i915/../../../ddk/libddk.a(ctype.o)
                              e:/kos/kolibri/drivers/video/drm/i915/../../../ddk/libddk.a(vsprintf.o) (_ctype)
e:/kos/kolibri/drivers/video/drm/i915/../../../ddk/libddk.a(strnlen.o)
                              e:/kos/kolibri/drivers/video/drm/i915/../../../ddk/libddk.a(vsprintf.o) (strnlen)
e:/kos/kolibri/drivers/video/drm/i915/../../../ddk/libddk.a(_strncmp.o)
                              e:/kos/kolibri/drivers/video/drm/i915/../../../ddk/libddk.a(strncmp.o) (_strncmp)
e:/kos/kolibri/drivers/video/drm/i915/../../../ddk/libddk.a(_strnlen.o)
                              e:/kos/kolibri/drivers/video/drm/i915/../../../ddk/libddk.a(strnlen.o) (_strnlen)
e:/kos/kolibri/drivers/video/drm/i915/../../../ddk/libcore.a(d000030.o)
                              main.o (_imp__PciRead32)
e:/kos/kolibri/drivers/video/drm/i915/../../../ddk/libcore.a(d000017.o)
                              main.o (_imp__GetService)
e:/kos/kolibri/drivers/video/drm/i915/../../../ddk/libcore.a(d000036.o)
                              main.o (_imp__RegService)
e:/kos/kolibri/drivers/video/drm/i915/../../../ddk/libcore.a(d000033.o)
                              pci.o (_imp__PciWrite32)
e:/kos/kolibri/drivers/video/drm/i915/../../../ddk/libcore.a(d000031.o)
                              pci.o (_imp__PciRead8)
e:/kos/kolibri/drivers/video/drm/i915/../../../ddk/libcore.a(d000029.o)
                              pci.o (_imp__PciRead16)
e:/kos/kolibri/drivers/video/drm/i915/../../../ddk/libcore.a(d000008.o)
                              pci.o (_imp__Delay)
e:/kos/kolibri/drivers/video/drm/i915/../../../ddk/libcore.a(d000028.o)
                              pci.o (_imp__PciApi)
e:/kos/kolibri/drivers/video/drm/i915/../../../ddk/libcore.a(d000023.o)
                              pci.o (_imp__MapIoMem)
e:/kos/kolibri/drivers/video/drm/i915/../../../ddk/libcore.a(d000011.o)
                              pci.o (_imp__FreeKernelSpace)
e:/kos/kolibri/drivers/video/drm/i915/../../../ddk/libcore.a(d000032.o)
                              pci.o (_imp__PciWrite16)
e:/kos/kolibri/drivers/video/drm/i915/../../../ddk/libcore.a(d000025.o)
                              i915_drv.o (_imp__MutexInit)
e:/kos/kolibri/drivers/video/drm/i915/../../../ddk/libcore.a(d000002.o)
                              i915_gem.o (_imp__AllocPage)
e:/kos/kolibri/drivers/video/drm/i915/../../../ddk/libcore.a(d000012.o)
                              i915_gem.o (_imp__FreePage)
e:/kos/kolibri/drivers/video/drm/i915/../../../ddk/libcore.a(d000026.o)
                              i915_gem.o (_imp__MutexLock)
e:/kos/kolibri/drivers/video/drm/i915/../../../ddk/libcore.a(d000027.o)
                              i915_gem.o (_imp__MutexUnlock)
e:/kos/kolibri/drivers/video/drm/i915/../../../ddk/libcore.a(d000019.o)
                              i915_gem.o (_imp__GetTimerTicks)
e:/kos/kolibri/drivers/video/drm/i915/../../../ddk/libcore.a(d000005.o)
                              i915_gem.o (_imp__CreateEvent)
e:/kos/kolibri/drivers/video/drm/i915/../../../ddk/libcore.a(d000043.o)
                              i915_gem.o (_imp__WaitEvent)
e:/kos/kolibri/drivers/video/drm/i915/../../../ddk/libcore.a(d000009.o)
                              i915_gem.o (_imp__DestroyEvent)
e:/kos/kolibri/drivers/video/drm/i915/../../../ddk/libcore.a(d000001.o)
                              i915_gem.o (_imp__AllocKernelSpace)
e:/kos/kolibri/drivers/video/drm/i915/../../../ddk/libcore.a(d000024.o)
                              i915_gem_gtt.o (_imp__MapPage)
e:/kos/kolibri/drivers/video/drm/i915/../../../ddk/libcore.a(d000035.o)
                              i915_irq.o (_imp__RaiseEvent)
e:/kos/kolibri/drivers/video/drm/i915/../../../ddk/libcore.a(d000004.o)
                              i915_irq.o (_imp__AttachIntHandler)
e:/kos/kolibri/drivers/video/drm/i915/../../../ddk/libcore.a(d000034.o)
                              intel_panel.o (_imp__PciWrite8)
e:/kos/kolibri/drivers/video/drm/i915/../../../ddk/libcore.a(d000010.o)
                              kms_display.o (_imp__DestroyObject)
e:/kos/kolibri/drivers/video/drm/i915/../../../ddk/libcore.a(d000041.o)
                              kms_display.o (_imp__TimerHs)
e:/kos/kolibri/drivers/video/drm/i915/../../../ddk/libcore.a(d000021.o)
                              kms_display.o (_imp__KernelAlloc)
e:/kos/kolibri/drivers/video/drm/i915/../../../ddk/libcore.a(d000015.o)
                              kms_display.o (_imp__GetPgAddr)
e:/kos/kolibri/drivers/video/drm/i915/../../../ddk/libcore.a(d000022.o)
                              kms_display.o (_imp__KernelFree)
e:/kos/kolibri/drivers/video/drm/i915/../../../ddk/libcore.a(d000039.o)
                              kms_display.o (_imp__SetScreen)
e:/kos/kolibri/drivers/video/drm/i915/../../../ddk/libcore.a(d000013.o)
                              kms_display.o (_imp__GetDisplay)
e:/kos/kolibri/drivers/video/drm/i915/../../../ddk/libcore.a(d000040.o)
                              e:/kos/kolibri/drivers/video/drm/i915/../../../ddk/libddk.a(dbglog.o) (_imp__SysMsgBoardStr)
e:/kos/kolibri/drivers/video/drm/i915/../../../ddk/libcore.a(d000000.o)
                              e:/kos/kolibri/drivers/video/drm/i915/../../../ddk/libcore.a(d000030.o) (_head_core_dll)
e:/kos/kolibri/drivers/video/drm/i915/../../../ddk/libcore.a(d000044.o)
                              e:/kos/kolibri/drivers/video/drm/i915/../../../ddk/libcore.a(d000000.o) (core_dll_iname)

Allocating common symbols
Common symbol       size              file

cmd_buffer          0x4               kms_display.o
intel_agp_enabled   0x4               Gtt/intel-agp.o
x86_clflush_size    0x4               main.o
i915_lvds_channel_mode
                    0x4               i915_drv.o
main_device         0x4               i915_drv.o
cmd_offset          0x4               kms_display.o

Discarded input sections

 .drectve       0x00000000       0x24 main.o
 .drectve       0x00000000       0x44 i915_drv.o
 .drectve       0x00000000       0x38 kms_display.o
 .drectve       0x00000000       0x24 Gtt/intel-agp.o
 .text          0x00000000        0x8 e:/kos/kolibri/drivers/video/drm/i915/../../../ddk/libcore.a(d000030.o)
 .text          0x00000000        0x8 e:/kos/kolibri/drivers/video/drm/i915/../../../ddk/libcore.a(d000017.o)
 .text          0x00000000        0x8 e:/kos/kolibri/drivers/video/drm/i915/../../../ddk/libcore.a(d000036.o)
 .text          0x00000000        0x8 e:/kos/kolibri/drivers/video/drm/i915/../../../ddk/libcore.a(d000033.o)
 .text          0x00000000        0x8 e:/kos/kolibri/drivers/video/drm/i915/../../../ddk/libcore.a(d000031.o)
 .text          0x00000000        0x8 e:/kos/kolibri/drivers/video/drm/i915/../../../ddk/libcore.a(d000029.o)
 .text          0x00000000        0x8 e:/kos/kolibri/drivers/video/drm/i915/../../../ddk/libcore.a(d000008.o)
 .text          0x00000000        0x8 e:/kos/kolibri/drivers/video/drm/i915/../../../ddk/libcore.a(d000028.o)
 .text          0x00000000        0x8 e:/kos/kolibri/drivers/video/drm/i915/../../../ddk/libcore.a(d000023.o)
 .text          0x00000000        0x8 e:/kos/kolibri/drivers/video/drm/i915/../../../ddk/libcore.a(d000011.o)
 .text          0x00000000        0x8 e:/kos/kolibri/drivers/video/drm/i915/../../../ddk/libcore.a(d000032.o)
 .text          0x00000000        0x8 e:/kos/kolibri/drivers/video/drm/i915/../../../ddk/libcore.a(d000025.o)
 .text          0x00000000        0x8 e:/kos/kolibri/drivers/video/drm/i915/../../../ddk/libcore.a(d000002.o)
 .text          0x00000000        0x8 e:/kos/kolibri/drivers/video/drm/i915/../../../ddk/libcore.a(d000012.o)
 .text          0x00000000        0x8 e:/kos/kolibri/drivers/video/drm/i915/../../../ddk/libcore.a(d000026.o)
 .text          0x00000000        0x8 e:/kos/kolibri/drivers/video/drm/i915/../../../ddk/libcore.a(d000027.o)
 .text          0x00000000        0x8 e:/kos/kolibri/drivers/video/drm/i915/../../../ddk/libcore.a(d000019.o)
 .text          0x00000000        0x8 e:/kos/kolibri/drivers/video/drm/i915/../../../ddk/libcore.a(d000005.o)
 .text          0x00000000        0x8 e:/kos/kolibri/drivers/video/drm/i915/../../../ddk/libcore.a(d000043.o)
 .text          0x00000000        0x8 e:/kos/kolibri/drivers/video/drm/i915/../../../ddk/libcore.a(d000009.o)
 .text          0x00000000        0x8 e:/kos/kolibri/drivers/video/drm/i915/../../../ddk/libcore.a(d000001.o)
 .text          0x00000000        0x8 e:/kos/kolibri/drivers/video/drm/i915/../../../ddk/libcore.a(d000024.o)
 .text          0x00000000        0x8 e:/kos/kolibri/drivers/video/drm/i915/../../../ddk/libcore.a(d000035.o)
 .text          0x00000000        0x8 e:/kos/kolibri/drivers/video/drm/i915/../../../ddk/libcore.a(d000004.o)
 .text          0x00000000        0x8 e:/kos/kolibri/drivers/video/drm/i915/../../../ddk/libcore.a(d000034.o)
 .text          0x00000000        0x8 e:/kos/kolibri/drivers/video/drm/i915/../../../ddk/libcore.a(d000010.o)
 .text          0x00000000        0x8 e:/kos/kolibri/drivers/video/drm/i915/../../../ddk/libcore.a(d000041.o)
 .text          0x00000000        0x8 e:/kos/kolibri/drivers/video/drm/i915/../../../ddk/libcore.a(d000021.o)
 .text          0x00000000        0x8 e:/kos/kolibri/drivers/video/drm/i915/../../../ddk/libcore.a(d000015.o)
 .text          0x00000000        0x8 e:/kos/kolibri/drivers/video/drm/i915/../../../ddk/libcore.a(d000022.o)
 .text          0x00000000        0x8 e:/kos/kolibri/drivers/video/drm/i915/../../../ddk/libcore.a(d000039.o)
 .text          0x00000000        0x8 e:/kos/kolibri/drivers/video/drm/i915/../../../ddk/libcore.a(d000013.o)
 .text          0x00000000        0x8 e:/kos/kolibri/drivers/video/drm/i915/../../../ddk/libcore.a(d000040.o)

Memory Configuration

Name             Origin             Length             Attributes
*default*        0x00000000         0xffffffff

Linker script and memory map

                0x00000000                __image_base__ = 0x0
                0x00000000                __dll__ = 0x0
                0x00000000                ___ImageBase = 0x0
                0x00001000                __section_alignment__ = 0x1000
                0x00000200                __file_alignment__ = 0x200
                0x00000004                __major_os_version__ = 0x4
                0x00000000                __minor_os_version__ = 0x0
                0x00000001                __major_image_version__ = 0x1
                0x00000000                __minor_image_version__ = 0x0
                0x00000004                __major_subsystem_version__ = 0x4
                0x00000000                __minor_subsystem_version__ = 0x0
                0x00000003                __subsystem__ = 0x3
                0x00200000                __size_of_stack_reserve__ = 0x200000
                0x00001000                __size_of_stack_commit__ = 0x1000
                0x00100000                __size_of_heap_reserve__ = 0x100000
                0x00001000                __size_of_heap_commit__ = 0x1000
                0x00000000                __loader_flags__ = 0x0
                0x00000000                __dll_characteristics__ = 0x0
                0x00000268                . = SIZEOF_HEADERS
                0x00001000                . = ALIGN (__section_alignment__)

.text           0x00001000    0x53600
 *(.text)
 .text          0x00001000      0x310 main.o
                0x00001000                display_handler@4
                0x000010a0                pci_scan_filter
                0x00001100                parse_cmdline
                0x00001170                drvEntry
                0x000012f0                cpu_detect
 .text          0x00001310     0x1120 pci.o
                0x000018b0                pci_setup_device
                0x00001b40                pci_scan_slot
                0x00001d40                pci_find_capability
                0x00001e10                enum_pci_devices
                0x00001eb0                find_pci_device
                0x00001f40                pci_get_device
                0x00001fb0                pci_get_bus_and_slot
                0x00002000                pci_get_class
                0x00002050                ioport_map
                0x00002070                pci_iomap
                0x00002130                pci_iounmap
                0x00002150                pci_enable_rom
                0x000021c0                pci_disable_rom
                0x00002210                pci_get_rom_size
                0x000022a0                pci_map_rom
                0x00002360                pci_unmap_rom
                0x000023b0                pci_set_master
 .text          0x00002430      0x5d0 dvo_ch7017.o
 .text          0x00002a00      0x570 dvo_ch7xxx.o
 .text          0x00002f70      0x700 dvo_ivch.o
 .text          0x00003670      0xd80 dvo_ns2501.o
 .text          0x000043f0      0x420 dvo_sil164.o
 .text          0x00004810      0x5e0 dvo_tfp410.o
 .text          0x00004df0      0x9c0 i915_dma.o
                0x00004df0                i915_update_dri1_breadcrumb
                0x00004e50                i915_driver_load
 .text          0x000057b0      0x950 i915_drv.o
                0x000058c0                intel_detect_pch
                0x000059f0                i915_semaphore_is_enabled
                0x00005a20                drm_get_dev
                0x00005b20                i915_init
                0x00005bf0                i915_read8
                0x00005cd0                i915_read16
                0x00005db0                i915_read32
                0x00005e90                i915_read64
                0x00005f70                i915_write8
                0x00005fd0                i915_write16
                0x00006030                i915_write32
                0x00006090                i915_write64
 .text          0x00006100     0x2e70 i915_gem.o
                0x000066e0                drm_gem_object_init
                0x00006750                drm_gem_object_release
                0x00006760                i915_gem_get_aperture_ioctl
                0x000067e0                i915_gem_check_wedge
                0x00006820                i915_gem_release_mmap
                0x000068f0                i915_gem_get_unfenced_gtt_alignment
                0x00006930                i915_gem_object_get_pages
                0x000069d0                i915_gem_object_move_to_active
                0x00006b10                i915_gem_next_request_seqno
                0x00006b60                i915_add_request
                0x00006d60                i915_wait_seqno
                0x00007010                i915_gem_reset
                0x000070e0                i915_gem_retire_requests_ring
                0x00007260                i915_gem_retire_requests
                0x000073e0                i915_gem_object_sync
                0x000074c0                i915_gpu_idle
                0x00007570                i915_gem_object_put_fence
                0x00007600                i915_gem_object_get_fence
                0x000077b0                i915_gem_clflush_object
                0x000078a0                i915_gem_object_set_to_gtt_domain
                0x000079c0                i915_gem_object_finish_gpu
                0x000079f0                i915_gem_object_unbind
                0x00007b80                i915_gem_object_set_cache_level
                0x00007d30                i915_gem_object_set_to_cpu_domain
                0x00007ed0                i915_gem_object_pin
                0x00008360                i915_gem_object_pin_to_display_plane
                0x00008400                i915_gem_object_unpin
                0x00008490                i915_gem_object_init
                0x000084f0                i915_gem_alloc_object
                0x000085a0                i915_gem_init_object
                0x000085d0                i915_gem_free_object
                0x00008750                drm_gem_object_free
                0x000087a0                i915_gem_l3_remap
                0x000088a0                i915_gem_init_swizzling
                0x00008980                i915_gem_init_ppgtt
                0x00008b70                i915_gem_init_hw
                0x00008ce0                i915_gem_init
                0x00008dd0                i915_gem_cleanup_ringbuffer
                0x00008e10                i915_gem_load
 .text          0x00008f70       0x30 i915_gem_context.o
                0x00008f70                i915_gem_context_init
                0x00008f90                i915_switch_context
 .text          0x00008fa0      0x650 i915_gem_gtt.o
                0x000090b0                i915_gem_init_aliasing_ppgtt
                0x00009200                i915_gem_cleanup_aliasing_ppgtt
                0x00009270                i915_ppgtt_bind_object
                0x000093c0                i915_ppgtt_unbind_object
                0x000093f0                i915_gem_gtt_prepare_object
                0x00009400                i915_gem_gtt_bind_object
                0x00009460                i915_gem_gtt_unbind_object
                0x00009490                i915_gem_gtt_finish_object
                0x00009530                i915_gem_init_global_gtt
 .text          0x000095f0      0x3e0 i915_gem_stolen.o
                0x00009680                i915_gem_cleanup_stolen
                0x000096d0                i915_gem_init_stolen
 .text          0x000099d0      0x170 i915_gem_tiling.o
                0x000099d0                i915_gem_detect_bit_6_swizzle
 .text          0x00009b40     0x11f0 i915_irq.o
                0x00009bb0                i915_enable_pipestat
                0x00009c20                i915_disable_pipestat
                0x00009c80                i915_handle_error
                0x0000a320                irq_handler_kms
                0x0000a8a0                intel_irq_init
                0x0000a8b0                drm_irq_install
 .text          0x0000ad30     0x10b0 intel_bios.o
                0x0000ae30                intel_parse_bios
                0x0000bd70                intel_setup_bios
 .text          0x0000bde0      0xf70 intel_crt.o
                0x0000cb20                intel_crt_init
 .text          0x0000cd50      0x7e0 intel_ddi.o
                0x0000cd50                intel_prepare_ddi_buffers
                0x0000cde0                intel_prepare_ddi
                0x0000ce40                hsw_fdi_link_train
                0x0000d090                intel_ddi_init
                0x0000d0f0                intel_ddi_mode_set
                0x0000d3b0                intel_ddi_get_hw_state
                0x0000d470                intel_enable_ddi
                0x0000d4d0                intel_disable_ddi
 .text          0x0000d530     0xb7e0 intel_display.o
                0x0000dc20                intel_crtc_load_lut
                0x0000fef0                intel_dpio_read
                0x0000fff0                intel_pipe_has_type
                0x00010040                intel_wait_for_vblank
                0x00012fa0                intel_wait_for_pipe_off
                0x00013180                assert_pipe
                0x00013580                intel_flush_display_plane
                0x00014260                intel_pin_and_fence_fb_obj
                0x00014350                intel_unpin_fb_obj
                0x00014360                intel_cpt_verify_modeset
                0x000153f0                intel_crtc_update_dpms
                0x00015460                intel_modeset_disable
                0x000154b0                intel_encoder_noop
                0x000154c0                intel_encoder_destroy
                0x000154e0                intel_encoder_dpms
                0x00015510                intel_connector_get_hw_state
                0x00015540                ironlake_init_pch_refclk
                0x00015890                intel_write_eld
                0x00015980                intel_crtc_fb_gamma_set
                0x000159e0                intel_crtc_fb_gamma_get
                0x00015a30                intel_get_load_detect_pipe
                0x00015b90                intel_crtc_mode_get
                0x00015f00                intel_mark_busy
                0x00015f20                intel_mark_idle
                0x00015f30                intel_mark_fb_busy
                0x00015f80                intel_mark_fb_idle
                0x000160a0                intel_encoder_check_is_cloned
                0x00016120                intel_modeset_check_state
                0x00016290                intel_connector_dpms
                0x00016310                intel_set_mode
                0x00017380                intel_release_load_detect_pipe
                0x00017490                intel_get_pipe_from_crtc_id
                0x000174f0                intel_framebuffer_init
                0x00017620                intel_modeset_init_hw
                0x00017650                intel_modeset_init
                0x00018610                intel_modeset_setup_hw_state
                0x00018c30                intel_modeset_gem_init
                0x00018c50                intel_modeset_cleanup
                0x00018c60                intel_best_encoder
                0x00018c70                intel_connector_attach_encoder
                0x00018c90                intel_modeset_vga_set_state
 .text          0x00018d10     0x3310 intel_dp.o
                0x0001b650                intel_encoder_is_pch_edp
                0x0001b670                intel_edp_link_config
                0x0001b6b0                intel_edp_target_clock
                0x0001b6d0                intel_dp_set_m_n
                0x0001b890                intel_trans_dp_port_sel
                0x0001b8e0                intel_dpd_is_edp
                0x0001b940                intel_dp_init
 .text          0x0001c020      0x7f0 intel_dvo.o
                0x0001c560                intel_dvo_init
 .text          0x0001c810      0x4c0 intel_fb.o
                0x0001c810                framebuffer_alloc
                0x0001cbf0                intel_fbdev_init
 .text          0x0001ccd0     0x1770 intel_hdmi.o
                0x0001e120                enc_to_intel_hdmi
                0x0001e130                intel_dip_infoframe_csum
                0x0001e160                intel_hdmi_init
 .text          0x0001e440      0xc20 intel_i2c.o
                0x0001ee00                intel_i2c_reset
                0x0001eeb0                intel_setup_gmbus
                0x0001efe0                intel_gmbus_get_adapter
                0x0001f020                intel_gmbus_set_speed
                0x0001f040                intel_gmbus_force_bit
                0x0001f050                intel_teardown_gmbus
 .text          0x0001f060     0x1180 intel_lvds.o
                0x0001fbe0                intel_lvds_init
 .text          0x000201e0       0xc0 intel_modes.o
                0x000201e0                intel_connector_update_modes
                0x00020240                intel_ddc_get_modes
                0x00020280                intel_attach_force_audio_property
                0x00020290                intel_attach_broadcast_rgb_property
 .text          0x000202a0      0x1c0 intel_opregion.o
                0x000202a0                intel_opregion_setup
 .text          0x00020460      0x7d0 intel_panel.o
                0x000204c0                intel_fixed_panel_mode
                0x00020500                intel_pch_panel_fitting
                0x00020620                intel_panel_get_max_backlight
                0x000208e0                intel_panel_set_backlight
                0x00020910                intel_panel_disable_backlight
                0x000209e0                intel_panel_enable_backlight
                0x00020b20                intel_panel_detect
                0x00020b40                intel_panel_setup_backlight
                0x00020c20                intel_panel_destroy_backlight
 .text          0x00020c30     0x5ea0 intel_pm.o
                0x000248f0                intel_fbc_enabled
                0x00024910                intel_enable_fbc
                0x00024920                intel_disable_fbc
                0x00024940                intel_update_fbc
                0x00024c20                intel_update_watermarks
                0x00024c40                intel_update_linetime_watermarks
                0x00024c60                intel_update_sprite_watermarks
                0x00024ca0                ironlake_set_drps
                0x00024d40                gen6_set_rps
                0x00024e80                intel_enable_rc6
                0x00024f10                ironlake_teardown_rc6
                0x00024f90                i915_chipset_val
                0x00024fc0                i915_mch_val
                0x00025150                i915_update_gfx_val
                0x00025180                i915_gfx_val
                0x000251b0                i915_read_mch_val
                0x000251f0                i915_gpu_raise
                0x00025220                i915_gpu_lower
                0x00025250                i915_gpu_busy
                0x000252a0                i915_gpu_turbo_disable
                0x000252e0                intel_gpu_ips_init
                0x000252f0                intel_gpu_ips_teardown
                0x00025300                intel_disable_gt_powersave
                0x000255e0                intel_enable_gt_powersave
                0x00025df0                intel_init_clock_gating
                0x00025e40                intel_init_power_wells
                0x00025f70                intel_init_pm
                0x000266b0                gen6_gt_force_wake_get
                0x000266e0                gen6_gt_check_fifodbg
                0x00026710                gen6_gt_force_wake_put
                0x00026940                __gen6_gt_wait_for_fifo
                0x000269e0                intel_gt_init
 .text          0x00026ad0     0x2720 intel_ringbuffer.o
                0x000277c0                intel_ring_get_active_head
                0x00027830                intel_ring_setup_status_page
                0x00027bd0                intel_wait_ring_buffer
                0x00027da0                intel_cleanup_ring_buffer
                0x00027e60                intel_ring_begin
                0x00027fa0                intel_ring_advance
                0x00028c30                intel_init_render_ring_buffer
                0x00028f00                intel_init_bsd_ring_buffer
                0x000290a0                intel_init_blt_ring_buffer
                0x00029170                intel_ring_flush_all_caches
                0x000291b0                intel_ring_invalidate_all_caches
 .text          0x000291f0     0x3f60 intel_sdvo.o
                0x0002c990                hweight16
                0x0002c9d0                intel_sdvo_init
 .text          0x0002d150     0x1310 intel_sprite.o
                0x0002e1c0                intel_sprite_set_colorkey
                0x0002e250                intel_sprite_get_colorkey
                0x0002e2d0                intel_plane_init
 .text          0x0002e460      0xc90 kms_display.o
                0x0002e460                restore_cursor@8
                0x0002e470                disable_mouse
                0x0002e480                destroy_cursor
                0x0002e4c0                run_workqueue@4
                0x0002e510                delayed_work_timer_fn@4
                0x0002e590                init_cursor
                0x0002e970                set_mode
                0x0002ec00                init_display_kms
                0x0002ee30                get_videomodes
                0x0002eef0                set_user_mode
                0x0002ef70                queue_delayed_work_on
                0x0002efb0                queue_delayed_work
                0x0002f050                alloc_workqueue
                0x0002f080                getrawmonotonic
                0x0002f0b0                set_normalized_timespec
 .text          0x0002f0f0       0xd0 Gtt/intel-agp.o
                0x0002f0f0                agp_alloc_bridge
                0x0002f130                init_agp
 .text          0x0002f1c0      0xda0 Gtt/intel-gtt.o
                0x0002f500                intel_enable_gtt
                0x0002f660                intel_gtt_insert_sg_entries
                0x0002f6c0                intel_gtt_clear_range
                0x0002f710                intel_gmch_probe
                0x0002ff30                intel_gtt_get
                0x0002ff40                intel_gtt_chipset_flush
 .text          0x0002ff60      0x110 e:/kos/kolibri/drivers/video/drm/i915/../i2c/i2c-core.o
                0x0002ff60                i2c_transfer
                0x0002fff0                i2c_new_device
 .text          0x00030070      0xb50 e:/kos/kolibri/drivers/video/drm/i915/../i2c/i2c-algo-bit.o
                0x00030b60                i2c_bit_add_bus
 .text          0x00030bc0       0x90 e:/kos/kolibri/drivers/video/drm/i915/../drm_pci.o
                0x00030bc0                drm_pci_alloc
                0x00030c40                drm_pcie_get_speed_cap_mask
 .text          0x00030c50      0xdd0 e:/kos/kolibri/drivers/video/drm/i915/../drm_modes.o
                0x00030c90                drm_mode_debug_printmodeline
                0x00030d10                drm_mode_set_name
                0x00030d60                drm_gtf_mode_complex
                0x00030fb0                drm_gtf_mode
                0x00031010                drm_cvt_mode
                0x000313d0                drm_mode_list_concat
                0x00031410                drm_mode_width
                0x00031420                drm_mode_height
                0x00031430                drm_mode_hsync
                0x00031470                drm_mode_vrefresh
                0x000314f0                drm_mode_set_crtcinfo
                0x00031670                drm_mode_copy
                0x000316b0                drm_mode_duplicate
                0x000316f0                drm_mode_equal
                0x000317b0                drm_mode_validate_size
                0x00031810                drm_mode_validate_clocks
                0x00031870                drm_mode_prune_invalid
                0x00031900                drm_mode_sort
                0x00031930                drm_mode_connector_list_update
 .text          0x00031a20       0x80 e:/kos/kolibri/drivers/video/drm/i915/../drm_stub.o
                0x00031a20                drm_err
                0x00031a60                drm_ut_debug_printk
                0x00031a70                drm_order
 .text          0x00031aa0     0x2700 e:/kos/kolibri/drivers/video/drm/i915/../drm_crtc.o
                0x00031bb0                drm_get_dpms_name
                0x00031c10                drm_get_dvi_i_select_name
                0x00031c50                drm_get_dvi_i_subconnector_name
                0x00031c90                drm_get_tv_select_name
                0x00031cd0                drm_get_tv_subconnector_name
                0x00031d10                drm_get_dirty_info_name
                0x00031d50                drm_get_encoder_name
                0x00031da0                drm_get_connector_name
                0x00031df0                drm_get_connector_status_name
                0x00031e10                drm_mode_object_find
                0x00031e90                drm_framebuffer_init
                0x00031ef0                drm_framebuffer_cleanup
                0x00031f40                drm_crtc_init
                0x00031fe0                drm_crtc_cleanup
                0x00032050                drm_mode_probed_add
                0x00032070                drm_connector_init
                0x000321e0                drm_connector_unplug_all
                0x000321f0                drm_encoder_init
                0x00032280                drm_encoder_cleanup
                0x000322f0                drm_plane_init
                0x00032430                drm_plane_cleanup
                0x000324b0                drm_mode_create
                0x00032510                drm_mode_destroy
                0x00032540                drm_mode_remove
                0x00032570                drm_connector_cleanup
                0x00032640                drm_mode_group_init
                0x000326c0                drm_mode_group_init_legacy_group
                0x000327b0                drm_mode_legacy_fb_format
                0x00032840                drm_mode_attachmode_crtc
                0x000329c0                drm_mode_detachmode_crtc
                0x00032a70                drm_property_create
                0x00032b90                drm_property_create_range
                0x00032c10                drm_property_add_enum
                0x00032d30                drm_property_destroy
                0x00032dd0                drm_property_create_bitmask
                0x00032e60                drm_property_create_enum
                0x00032ef0                drm_mode_config_init
                0x00033040                drm_mode_create_dirty_info_property
                0x000330a0                drm_mode_create_dithering_property
                0x00033100                drm_mode_create_scaling_mode_property
                0x00033160                drm_mode_create_tv_properties
                0x000334e0                drm_mode_create_dvi_i_properties
                0x00033570                drm_mode_config_cleanup
                0x000336a0                drm_connector_attach_property
                0x000336f0                drm_connector_property_set_value
                0x00033750                drm_connector_property_get_value
                0x000337b0                drm_object_attach_property
                0x00033800                drm_object_property_set_value
                0x00033860                drm_object_property_get_value
                0x000338c0                drm_mode_connector_update_edid_property
                0x00033a70                drm_mode_connector_attach_encoder
                0x00033ad0                drm_mode_connector_detach_encoder
                0x00033b30                drm_mode_crtc_set_gamma_size
                0x00033ba0                drm_mode_config_reset
                0x00033c50                drm_fb_get_bpp_depth
                0x00033ea0                drm_format_num_planes
                0x00033f40                drm_format_plane_cpp
                0x000340b0                drm_format_horz_chroma_subsampling
                0x00034150                drm_format_vert_chroma_subsampling
 .text          0x000341a0     0x1640 e:/kos/kolibri/drivers/video/drm/i915/../drm_crtc_helper.o
                0x00034250                drm_helper_probe_single_connector_modes
                0x00034510                drm_helper_encoder_in_use
                0x00034560                drm_helper_crtc_in_use
                0x000345d0                drm_helper_disable_unused_functions
                0x00034700                drm_crtc_helper_set_mode
                0x00034b50                drm_crtc_helper_set_config
                0x00035540                drm_helper_connector_dpms
                0x00035640                drm_helper_mode_fill_fb_struct
                0x000356a0                drm_helper_resume_force_mode
 .text          0x000357e0     0x2a50 e:/kos/kolibri/drivers/video/drm/i915/../drm_edid.o
                0x00036680                drm_edid_header_is_valid
                0x000366b0                drm_edid_block_valid
                0x000367d0                drm_edid_is_valid
                0x00036830                drm_probe_ddc
                0x00036860                drm_get_edid
                0x00036b40                drm_mode_find_dmt
                0x00037240                drm_find_cea_extension
                0x00037290                drm_edid_to_eld
                0x00037710                drm_av_sync_delay
                0x00037790                drm_select_eld
                0x000377e0                drm_detect_hdmi_monitor
                0x000378a0                drm_detect_monitor_audio
                0x000379b0                drm_add_edid_modes
                0x00038170                drm_add_modes_noedid
 .text          0x00038230      0x2b0 e:/kos/kolibri/drivers/video/drm/i915/../drm_irq.o
                0x00038230                div64_u64
                0x000382b0                drm_calc_timestamping_constants
                0x000384c0                drm_vblank_pre_modeset
                0x000384d0                drm_vblank_post_modeset
 .text          0x000384e0      0x280 e:/kos/kolibri/drivers/video/drm/i915/../drm_dp_i2c_helper.o
                0x000386e0                i2c_dp_aux_add_bus
 .text          0x00038760      0xe00 e:/kos/kolibri/drivers/video/drm/i915/../drm_mm.o
                0x00038b20                drm_mm_pre_get
                0x00038b90                drm_mm_get_block_generic
                0x00038be0                drm_mm_get_block_range_generic
                0x00038c30                drm_mm_remove_node
                0x00038d70                drm_mm_put_block
                0x00038dd0                drm_mm_search_free_generic
                0x00038f20                drm_mm_insert_node
                0x00038f80                drm_mm_search_free_in_range_generic
                0x000390e0                drm_mm_insert_node_in_range
                0x00039170                drm_mm_replace_node
                0x000391e0                drm_mm_init_scan
                0x00039220                drm_mm_init_scan_with_range
                0x00039270                drm_mm_scan_add_block
                0x000393b0                drm_mm_scan_remove_block
                0x00039440                drm_mm_clean
                0x00039460                drm_mm_init
                0x000394c0                drm_mm_takedown
 .text          0x00039560     0x16f0 e:/kos/kolibri/drivers/video/drm/i915/../drm_fb_helper.o
                0x000398f0                drm_fb_helper_single_add_all_connectors
                0x000399a0                drm_fb_helper_blank
                0x00039a20                drm_fb_helper_init
                0x00039c80                drm_fb_helper_setcmap
                0x00039fe0                drm_fb_helper_check_var
                0x0003a220                drm_fb_helper_set_par
                0x0003a2d0                drm_fb_helper_pan_display
                0x0003a370                drm_fb_helper_single_fb_probe
                0x0003a600                drm_fb_helper_fill_fix
                0x0003a670                drm_fb_helper_fill_var
                0x0003a810                drm_fb_helper_initial_config
 .text          0x0003ac50      0x1d8 e:/kos/kolibri/drivers/video/drm/i915/../../../ddk/libddk.a(dbglog.o)
                0x0003ac50                dbg_open
                0x0003acba                printf
                0x0003ad03                dbgprintf
                0x0003ad98                xf86DrvMsg
 .text          0x0003ae28     0x2274 e:/kos/kolibri/drivers/video/drm/i915/../../../ddk/libddk.a(malloc.o)
                0x0003b29e                malloc
                0x0003c675                free
                0x0003cf45                memalign
 .text          0x0003d09c       0x3c e:/kos/kolibri/drivers/video/drm/i915/../../../ddk/libddk.a(kref.o)
                0x0003d09c                kref_set
                0x0003d0a7                kref_init
                0x0003d0b2                kref_get
                0x0003d0b9                kref_put
 *fill*         0x0003d0d8        0x8 00
 .text          0x0003d0e0       0x50 e:/kos/kolibri/drivers/video/drm/i915/../../../ddk/libddk.a(memset.o)
                0x0003d0e0                memset
 .text          0x0003d130       0x60 e:/kos/kolibri/drivers/video/drm/i915/../../../ddk/libddk.a(memcmp.o)
                0x0003d130                memcmp
 .text          0x0003d190       0x4c e:/kos/kolibri/drivers/video/drm/i915/../../../ddk/libddk.a(time.o)
                0x0003d190                jiffies_to_msecs
                0x0003d196                jiffies_to_usecs
                0x0003d19f                msecs_to_jiffies
                0x0003d1b9                usecs_to_jiffies
 *fill*         0x0003d1dc        0x4 00
 .text          0x0003d1e0       0x20 e:/kos/kolibri/drivers/video/drm/i915/../../../ddk/libddk.a(memcpy.o)
                0x0003d1e0                memcpy
 .text          0x0003d200       0x20 e:/kos/kolibri/drivers/video/drm/i915/../../../ddk/libddk.a(strncpy.o)
                0x0003d200                strncpy
 .text          0x0003d220     0x12dc e:/kos/kolibri/drivers/video/drm/i915/../../../ddk/libddk.a(vsprintf.o)
                0x0003dda9                simple_strtoull
                0x0003de8a                simple_strtoul
                0x0003dead                simple_strtol
                0x0003dee9                simple_strtoll
                0x0003df26                strict_strtoul
                0x0003df82                strict_strtol
                0x0003dfca                strict_strtoull
                0x0003e030                strict_strtoll
                0x0003e07f                vsnprintf
                0x0003e479                vsprintf
                0x0003e4a4                snprintf
                0x0003e4cf                sprintf
 .text          0x0003e4fc       0x3c e:/kos/kolibri/drivers/video/drm/i915/../../../ddk/libddk.a(string.o)
                0x0003e4fc                strlcpy
 .text          0x0003e538      0x130 e:/kos/kolibri/drivers/video/drm/i915/../../../ddk/libddk.a(list_sort.o)
                0x0003e538                list_sort
 .text          0x0003e668      0x638 e:/kos/kolibri/drivers/video/drm/i915/../../../ddk/libddk.a(idr.o)
                0x0003e682                find_first_bit
                0x0003e6c9                find_next_bit
                0x0003e95b                idr_pre_get
                0x0003e9a8                idr_get_new_above
                0x0003e9e7                idr_get_new
                0x0003ea12                idr_remove
                0x0003eb27                idr_remove_all
                0x0003ebb5                idr_destroy
                0x0003ebd5                idr_find
                0x0003ec8b                idr_init_cache
                0x0003ec8c                idr_init
 .text          0x0003eca0       0x10 e:/kos/kolibri/drivers/video/drm/i915/../../../ddk/libddk.a(strncmp.o)
                0x0003eca0                strncmp
 .text          0x0003ecb0       0x28 e:/kos/kolibri/drivers/video/drm/i915/../../../ddk/libddk.a(finfo.o)
                0x0003ecb0                get_fileinfo
 .text          0x0003ecd8       0x28 e:/kos/kolibri/drivers/video/drm/i915/../../../ddk/libddk.a(create.o)
                0x0003ecd8                create_file
 .text          0x0003ed00       0x28 e:/kos/kolibri/drivers/video/drm/i915/../../../ddk/libddk.a(ssize.o)
                0x0003ed00                set_file_size
 .text          0x0003ed28       0x3c e:/kos/kolibri/drivers/video/drm/i915/../../../ddk/libddk.a(write.o)
                0x0003ed28                write_file
 *fill*         0x0003ed64        0xc 00
 .text          0x0003ed70       0x60 e:/kos/kolibri/drivers/video/drm/i915/../../../ddk/libddk.a(_memmove.o)
                0x0003ed70                _memmove
                0x0003ed86                _memcpy
 .text          0x0003edd0       0x20 e:/kos/kolibri/drivers/video/drm/i915/../../../ddk/libddk.a(_strncpy.o)
                0x0003edd0                _strncpy
 .text          0x0003edf0        0x0 e:/kos/kolibri/drivers/video/drm/i915/../../../ddk/libddk.a(ctype.o)
 .text          0x0003edf0       0x10 e:/kos/kolibri/drivers/video/drm/i915/../../../ddk/libddk.a(strnlen.o)
                0x0003edf0                strnlen
 .text          0x0003ee00       0x30 e:/kos/kolibri/drivers/video/drm/i915/../../../ddk/libddk.a(_strncmp.o)
                0x0003ee00                _strncmp
 .text          0x0003ee30       0x20 e:/kos/kolibri/drivers/video/drm/i915/../../../ddk/libddk.a(_strnlen.o)
                0x0003ee30                _strnlen
 *(.rdata)
 .rdata         0x0003ee50       0x74 main.o
 .rdata         0x0003eec4      0x16c pci.o
 .rdata         0x0003f030      0x270 dvo_ch7017.o
 .rdata         0x0003f2a0      0x160 dvo_ch7xxx.o
 .rdata         0x0003f400      0x204 dvo_ivch.o
 .rdata         0x0003f604      0x314 dvo_ns2501.o
 .rdata         0x0003f918      0x178 dvo_sil164.o
 .rdata         0x0003fa90      0x270 dvo_tfp410.o
 .rdata         0x0003fd00      0x34c i915_dma.o
 *fill*         0x0004004c       0x14 00
 .rdata         0x00040060      0xa80 i915_drv.o
 .rdata         0x00040ae0      0x3c0 i915_gem.o
 .rdata         0x00040ea0       0x60 i915_gem_gtt.o
 .rdata         0x00040f00       0xd8 i915_gem_stolen.o
 .rdata         0x00040fd8       0x50 i915_gem_tiling.o
 .rdata         0x00041028      0x408 i915_irq.o
 .rdata         0x00041430      0x55c intel_bios.o
 *fill*         0x0004198c       0x14 00
 .rdata         0x000419a0      0x360 intel_crt.o
 .rdata         0x00041d00     0x14e0 intel_ddi.o
 .rdata         0x000431e0     0x2040 intel_display.o
 .rdata         0x00045220      0xa60 intel_dp.o
 .rdata         0x00045c80      0x180 intel_dvo.o
 .rdata         0x00045e00       0x80 intel_fb.o
 .rdata         0x00045e80      0x180 intel_hdmi.o
 .rdata         0x00046000      0x160 intel_i2c.o
 .rdata         0x00046160      0x260 intel_lvds.o
 .rdata         0x000463c0       0xec intel_opregion.o
 .rdata         0x000464ac       0x84 intel_panel.o
 *fill*         0x00046530       0x10 00
 .rdata         0x00046540     0x1680 intel_pm.o
 .rdata         0x00047bc0      0x2c0 intel_ringbuffer.o
 .rdata         0x00047e80     0x2880 intel_sdvo.o
 .rdata         0x0004a700       0x40 intel_sprite.o
 .rdata         0x0004a740      0x148 kms_display.o
 .rdata         0x0004a888       0x1c Gtt/intel-agp.o
 *fill*         0x0004a8a4       0x1c 00
 .rdata         0x0004a8c0      0x9a0 Gtt/intel-gtt.o
 .rdata         0x0004b260       0x24 e:/kos/kolibri/drivers/video/drm/i915/../i2c/i2c-core.o
 .rdata         0x0004b284      0x1a8 e:/kos/kolibri/drivers/video/drm/i915/../i2c/i2c-algo-bit.o
                0x0004b3e4                i2c_bit_algo
 .rdata         0x0004b42c       0x70 e:/kos/kolibri/drivers/video/drm/i915/../drm_modes.o
 .rdata         0x0004b49c       0x18 e:/kos/kolibri/drivers/video/drm/i915/../drm_stub.o
 *fill*         0x0004b4b4        0xc 00
 .rdata         0x0004b4c0      0x300 e:/kos/kolibri/drivers/video/drm/i915/../drm_crtc.o
 .rdata         0x0004b7c0      0x3f8 e:/kos/kolibri/drivers/video/drm/i915/../drm_crtc_helper.o
 *fill*         0x0004bbb8        0x8 00
 .rdata         0x0004bbc0     0x80c0 e:/kos/kolibri/drivers/video/drm/i915/../drm_edid.o
 .rdata         0x00053c80       0xe0 e:/kos/kolibri/drivers/video/drm/i915/../drm_irq.o
 .rdata         0x00053d60       0x2c e:/kos/kolibri/drivers/video/drm/i915/../drm_dp_i2c_helper.o
 *fill*         0x00053d8c       0x14 00
 .rdata         0x00053da0      0x160 e:/kos/kolibri/drivers/video/drm/i915/../drm_mm.o
 .rdata         0x00053f00      0x38c e:/kos/kolibri/drivers/video/drm/i915/../drm_fb_helper.o
 .rdata         0x0005428c       0x80 e:/kos/kolibri/drivers/video/drm/i915/../../../ddk/libddk.a(malloc.o)
 .rdata         0x0005430c      0x12c e:/kos/kolibri/drivers/video/drm/i915/../../../ddk/libddk.a(vsprintf.o)
                0x000543f4                hex_asc
 .rdata         0x00054438       0x74 e:/kos/kolibri/drivers/video/drm/i915/../../../ddk/libddk.a(idr.o)
 .rdata         0x000544ac      0x100 e:/kos/kolibri/drivers/video/drm/i915/../../../ddk/libddk.a(ctype.o)
                0x000544ac                _ctype

.eh_frame       0x00055000     0xa400
 .eh_frame      0x00055000       0xdc main.o
 .eh_frame      0x000550dc      0x3d0 pci.o
 .eh_frame      0x000554ac      0x174 dvo_ch7017.o
 .eh_frame      0x00055620      0x188 dvo_ch7xxx.o
 .eh_frame      0x000557a8      0x198 dvo_ivch.o
 .eh_frame      0x00055940      0x24c dvo_ns2501.o
 .eh_frame      0x00055b8c      0x138 dvo_sil164.o
 .eh_frame      0x00055cc4      0x164 dvo_tfp410.o
 .eh_frame      0x00055e28       0x88 i915_dma.o
 .eh_frame      0x00055eb0      0x23c i915_drv.o
 .eh_frame      0x000560ec      0x8dc i915_gem.o
 .eh_frame      0x000569c8       0x40 i915_gem_context.o
 .eh_frame      0x00056a08      0x214 i915_gem_gtt.o
 .eh_frame      0x00056c1c       0xa8 i915_gem_stolen.o
 .eh_frame      0x00056cc4       0x40 i915_gem_tiling.o
 .eh_frame      0x00056d04      0x184 i915_irq.o
 .eh_frame      0x00056e88       0xc8 intel_bios.o
 .eh_frame      0x00056f50      0x2d0 intel_crt.o
 .eh_frame      0x00057220      0x1cc intel_ddi.o
 .eh_frame      0x000573ec     0x1344 intel_display.o
 .eh_frame      0x00058730      0x92c intel_dp.o
 .eh_frame      0x0005905c      0x210 intel_dvo.o
 .eh_frame      0x0005926c       0x9c intel_fb.o
 .eh_frame      0x00059308      0x50c intel_hdmi.o
 .eh_frame      0x00059814      0x290 intel_i2c.o
 .eh_frame      0x00059aa4      0x210 intel_lvds.o
 .eh_frame      0x00059cb4       0x90 intel_modes.o
 .eh_frame      0x00059d44       0x44 intel_opregion.o
 .eh_frame      0x00059d88      0x1ac intel_panel.o
 .eh_frame      0x00059f34      0xfb0 intel_pm.o
 .eh_frame      0x0005aee4      0x6ec intel_ringbuffer.o
 .eh_frame      0x0005b5d0      0x604 intel_sdvo.o
 .eh_frame      0x0005bbd4      0x2f4 intel_sprite.o
 .eh_frame      0x0005bec8      0x320 kms_display.o
 .eh_frame      0x0005c1e8       0x5c Gtt/intel-agp.o
 .eh_frame      0x0005c244      0x250 Gtt/intel-gtt.o
 .eh_frame      0x0005c494       0x7c e:/kos/kolibri/drivers/video/drm/i915/../i2c/i2c-core.o
 .eh_frame      0x0005c510      0x23c e:/kos/kolibri/drivers/video/drm/i915/../i2c/i2c-algo-bit.o
 .eh_frame      0x0005c74c       0x5c e:/kos/kolibri/drivers/video/drm/i915/../drm_pci.o
 .eh_frame      0x0005c7a8      0x334 e:/kos/kolibri/drivers/video/drm/i915/../drm_modes.o
 .eh_frame      0x0005cadc       0x58 e:/kos/kolibri/drivers/video/drm/i915/../drm_stub.o
 .eh_frame      0x0005cb34      0x9f4 e:/kos/kolibri/drivers/video/drm/i915/../drm_crtc.o
 .eh_frame      0x0005d528      0x2c8 e:/kos/kolibri/drivers/video/drm/i915/../drm_crtc_helper.o
 .eh_frame      0x0005d7f0      0x6ac e:/kos/kolibri/drivers/video/drm/i915/../drm_edid.o
 .eh_frame      0x0005de9c       0x94 e:/kos/kolibri/drivers/video/drm/i915/../drm_irq.o
 .eh_frame      0x0005df30       0x8c e:/kos/kolibri/drivers/video/drm/i915/../drm_dp_i2c_helper.o
 .eh_frame      0x0005dfbc      0x380 e:/kos/kolibri/drivers/video/drm/i915/../drm_mm.o
 .eh_frame      0x0005e33c      0x378 e:/kos/kolibri/drivers/video/drm/i915/../drm_fb_helper.o
 .eh_frame      0x0005e6b4       0xb8 e:/kos/kolibri/drivers/video/drm/i915/../../../ddk/libddk.a(dbglog.o)
 .eh_frame      0x0005e76c      0x170 e:/kos/kolibri/drivers/video/drm/i915/../../../ddk/libddk.a(malloc.o)
 .eh_frame      0x0005e8dc       0x6c e:/kos/kolibri/drivers/video/drm/i915/../../../ddk/libddk.a(kref.o)
 .eh_frame      0x0005e948       0x68 e:/kos/kolibri/drivers/video/drm/i915/../../../ddk/libddk.a(time.o)
 .eh_frame      0x0005e9b0      0x530 e:/kos/kolibri/drivers/video/drm/i915/../../../ddk/libddk.a(vsprintf.o)
 .eh_frame      0x0005eee0       0x44 e:/kos/kolibri/drivers/video/drm/i915/../../../ddk/libddk.a(string.o)
 .eh_frame      0x0005ef24       0x58 e:/kos/kolibri/drivers/video/drm/i915/../../../ddk/libddk.a(list_sort.o)
 .eh_frame      0x0005ef7c      0x23c e:/kos/kolibri/drivers/video/drm/i915/../../../ddk/libddk.a(idr.o)
 .eh_frame      0x0005f1b8       0x34 e:/kos/kolibri/drivers/video/drm/i915/../../../ddk/libddk.a(finfo.o)
 .eh_frame      0x0005f1ec       0x34 e:/kos/kolibri/drivers/video/drm/i915/../../../ddk/libddk.a(create.o)
 .eh_frame      0x0005f220       0x34 e:/kos/kolibri/drivers/video/drm/i915/../../../ddk/libddk.a(ssize.o)
 .eh_frame      0x0005f254       0x3c e:/kos/kolibri/drivers/video/drm/i915/../../../ddk/libddk.a(write.o)

.data           0x00060000      0xa00
 *(.data)
 .data          0x00060000        0x4 main.o
                0x00060000                i915_modeset
 .data          0x00060004        0x8 pci.o
 *fill*         0x0006000c       0x14 00
 .data          0x00060020       0x40 dvo_ch7017.o
                0x00060020                ch7017_ops
 .data          0x00060060       0x40 dvo_ch7xxx.o
                0x00060060                ch7xxx_ops
 .data          0x000600a0       0x40 dvo_ivch.o
                0x000600a0                ivch_ops
 .data          0x000600e0       0x40 dvo_ns2501.o
                0x000600e0                ns2501_ops
 .data          0x00060120       0x40 dvo_sil164.o
                0x00060120                sil164_ops
 .data          0x00060160       0x40 dvo_tfp410.o
                0x00060160                tfp410_ops
 .data          0x000601a0        0x0 i915_dma.o
 .data          0x000601a0       0x10 i915_drv.o
                0x000601a0                i915_preliminary_hw_support
                0x000601a4                i915_vbt_sdvo_panel_type
                0x000601a8                i915_panel_use_ssc
                0x000601ac                i915_semaphores
 .data          0x000601b0        0x0 i915_gem.o
 .data          0x000601b0        0x0 i915_gem_context.o
 .data          0x000601b0        0x0 i915_gem_gtt.o
 .data          0x000601b0        0x0 i915_gem_stolen.o
 .data          0x000601b0        0x0 i915_gem_tiling.o
 .data          0x000601b0        0x0 i915_irq.o
 .data          0x000601b0        0x0 intel_bios.o
 .data          0x000601b0        0x0 intel_crt.o
 .data          0x000601b0        0x0 intel_ddi.o
 *fill*         0x000601b0       0x10 00
 .data          0x000601c0       0xc0 intel_display.o
 .data          0x00060280        0x0 intel_dp.o
 .data          0x00060280        0x0 intel_dvo.o
 .data          0x00060280       0x80 intel_fb.o
 .data          0x00060300        0x0 intel_hdmi.o
 .data          0x00060300        0x0 intel_i2c.o
 .data          0x00060300        0x0 intel_lvds.o
 .data          0x00060300        0x0 intel_modes.o
 .data          0x00060300        0x0 intel_opregion.o
 .data          0x00060300        0x0 intel_panel.o
 .data          0x00060300        0x0 intel_pm.o
 .data          0x00060300        0x0 intel_ringbuffer.o
 .data          0x00060300        0x0 intel_sdvo.o
 .data          0x00060300       0x2c intel_sprite.o
 .data          0x0006032c        0x0 kms_display.o
 *fill*         0x0006032c       0x14 00
 .data          0x00060340      0x360 Gtt/intel-agp.o
 .data          0x000606a0        0x0 Gtt/intel-gtt.o
 .data          0x000606a0        0x0 e:/kos/kolibri/drivers/video/drm/i915/../i2c/i2c-core.o
 .data          0x000606a0        0x0 e:/kos/kolibri/drivers/video/drm/i915/../i2c/i2c-algo-bit.o
 .data          0x000606a0        0x0 e:/kos/kolibri/drivers/video/drm/i915/../drm_pci.o
 .data          0x000606a0        0x0 e:/kos/kolibri/drivers/video/drm/i915/../drm_modes.o
 .data          0x000606a0        0x8 e:/kos/kolibri/drivers/video/drm/i915/../drm_stub.o
                0x000606a0                drm_timestamp_precision
                0x000606a4                drm_vblank_offdelay
 *fill*         0x000606a8       0x18 00
 .data          0x000606c0      0x1e0 e:/kos/kolibri/drivers/video/drm/i915/../drm_crtc.o
 .data          0x000608a0        0x0 e:/kos/kolibri/drivers/video/drm/i915/../drm_crtc_helper.o
 .data          0x000608a0      0x100 e:/kos/kolibri/drivers/video/drm/i915/../drm_edid.o
 .data          0x000609a0        0x0 e:/kos/kolibri/drivers/video/drm/i915/../drm_irq.o
 .data          0x000609a0        0x0 e:/kos/kolibri/drivers/video/drm/i915/../drm_dp_i2c_helper.o
 .data          0x000609a0        0x0 e:/kos/kolibri/drivers/video/drm/i915/../drm_mm.o
 .data          0x000609a0        0x8 e:/kos/kolibri/drivers/video/drm/i915/../drm_fb_helper.o
 .data          0x000609a8        0x0 e:/kos/kolibri/drivers/video/drm/i915/../../../ddk/libddk.a(dbglog.o)
 .data          0x000609a8        0xc e:/kos/kolibri/drivers/video/drm/i915/../../../ddk/libddk.a(malloc.o)
 .data          0x000609b4        0x0 e:/kos/kolibri/drivers/video/drm/i915/../../../ddk/libddk.a(kref.o)
 .data          0x000609b4        0x0 e:/kos/kolibri/drivers/video/drm/i915/../../../ddk/libddk.a(memset.o)
 .data          0x000609b4        0x0 e:/kos/kolibri/drivers/video/drm/i915/../../../ddk/libddk.a(memcmp.o)
 .data          0x000609b4        0x0 e:/kos/kolibri/drivers/video/drm/i915/../../../ddk/libddk.a(time.o)
 .data          0x000609b4        0x0 e:/kos/kolibri/drivers/video/drm/i915/../../../ddk/libddk.a(memcpy.o)
 .data          0x000609b4        0x0 e:/kos/kolibri/drivers/video/drm/i915/../../../ddk/libddk.a(strncpy.o)
 .data          0x000609b4        0x4 e:/kos/kolibri/drivers/video/drm/i915/../../../ddk/libddk.a(vsprintf.o)
                0x000609b4                kptr_restrict
 .data          0x000609b8        0x0 e:/kos/kolibri/drivers/video/drm/i915/../../../ddk/libddk.a(string.o)
 .data          0x000609b8        0x0 e:/kos/kolibri/drivers/video/drm/i915/../../../ddk/libddk.a(list_sort.o)
 .data          0x000609b8        0x0 e:/kos/kolibri/drivers/video/drm/i915/../../../ddk/libddk.a(idr.o)
 .data          0x000609b8        0x0 e:/kos/kolibri/drivers/video/drm/i915/../../../ddk/libddk.a(strncmp.o)
 .data          0x000609b8        0x0 e:/kos/kolibri/drivers/video/drm/i915/../../../ddk/libddk.a(finfo.o)
 .data          0x000609b8        0x0 e:/kos/kolibri/drivers/video/drm/i915/../../../ddk/libddk.a(create.o)
 .data          0x000609b8        0x0 e:/kos/kolibri/drivers/video/drm/i915/../../../ddk/libddk.a(ssize.o)
 .data          0x000609b8        0x0 e:/kos/kolibri/drivers/video/drm/i915/../../../ddk/libddk.a(write.o)
 .data          0x000609b8        0x0 e:/kos/kolibri/drivers/video/drm/i915/../../../ddk/libddk.a(_memmove.o)
 .data          0x000609b8        0x0 e:/kos/kolibri/drivers/video/drm/i915/../../../ddk/libddk.a(_strncpy.o)
 .data          0x000609b8        0x0 e:/kos/kolibri/drivers/video/drm/i915/../../../ddk/libddk.a(ctype.o)
 .data          0x000609b8        0x0 e:/kos/kolibri/drivers/video/drm/i915/../../../ddk/libddk.a(strnlen.o)
 .data          0x000609b8        0x0 e:/kos/kolibri/drivers/video/drm/i915/../../../ddk/libddk.a(_strncmp.o)
 .data          0x000609b8        0x0 e:/kos/kolibri/drivers/video/drm/i915/../../../ddk/libddk.a(_strnlen.o)

.bss            0x00061000      0x858
 *(.bss)
 .bss           0x00061000      0x100 main.o
 .bss           0x00061100        0x0 pci.o
 .bss           0x00061100        0x0 dvo_ch7017.o
 .bss           0x00061100        0x0 dvo_ch7xxx.o
 .bss           0x00061100        0x0 dvo_ivch.o
 .bss           0x00061100        0x0 dvo_ns2501.o
 .bss           0x00061100        0x0 dvo_sil164.o
 .bss           0x00061100        0x0 dvo_tfp410.o
 .bss           0x00061100        0x0 i915_dma.o
 .bss           0x00061100      0x200 i915_drv.o
                0x00061100                i915_enable_ppgtt
                0x00061104                i915_enable_hangcheck
                0x00061108                i915_lvds_downclock
                0x0006110c                i915_enable_fbc
                0x00061110                i915_enable_rc6
                0x00061114                i915_powersave
                0x00061118                i915_panel_ignore_lid
 .bss           0x00061300        0x0 i915_gem.o
 .bss           0x00061300        0x0 i915_gem_context.o
 .bss           0x00061300        0x0 i915_gem_gtt.o
 .bss           0x00061300        0x0 i915_gem_stolen.o
 .bss           0x00061300        0x0 i915_gem_tiling.o
 .bss           0x00061300        0x4 i915_irq.o
 .bss           0x00061304        0x4 intel_bios.o
 .bss           0x00061308        0x0 intel_crt.o
 .bss           0x00061308        0x0 intel_ddi.o
 .bss           0x00061308        0x0 intel_display.o
 .bss           0x00061308        0x0 intel_dp.o
 .bss           0x00061308        0x0 intel_dvo.o
 *fill*         0x00061308       0x18 00
 .bss           0x00061320       0x40 intel_fb.o
 .bss           0x00061360        0x0 intel_hdmi.o
 .bss           0x00061360        0x0 intel_i2c.o
 .bss           0x00061360        0x0 intel_lvds.o
 .bss           0x00061360        0x0 intel_modes.o
 .bss           0x00061360        0x0 intel_opregion.o
 .bss           0x00061360        0x0 intel_panel.o
 .bss           0x00061360        0x8 intel_pm.o
                0x00061360                mchdev_lock
 .bss           0x00061368        0x0 intel_ringbuffer.o
 .bss           0x00061368        0x0 intel_sdvo.o
 .bss           0x00061368        0x0 intel_sprite.o
 .bss           0x00061368        0x4 kms_display.o
 *fill*         0x0006136c       0x14 00
 .bss           0x00061380      0x1e0 Gtt/intel-agp.o
 .bss           0x00061560       0x80 Gtt/intel-gtt.o
 .bss           0x000615e0        0x0 e:/kos/kolibri/drivers/video/drm/i915/../i2c/i2c-core.o
 .bss           0x000615e0        0x0 e:/kos/kolibri/drivers/video/drm/i915/../i2c/i2c-algo-bit.o
 .bss           0x000615e0        0x0 e:/kos/kolibri/drivers/video/drm/i915/../drm_pci.o
 .bss           0x000615e0        0x0 e:/kos/kolibri/drivers/video/drm/i915/../drm_modes.o
 .bss           0x000615e0        0x4 e:/kos/kolibri/drivers/video/drm/i915/../drm_stub.o
                0x000615e0                drm_debug
 *fill*         0x000615e4       0x1c 00
 .bss           0x00061600       0x40 e:/kos/kolibri/drivers/video/drm/i915/../drm_crtc.o
 .bss           0x00061640        0x0 e:/kos/kolibri/drivers/video/drm/i915/../drm_crtc_helper.o
 .bss           0x00061640        0x0 e:/kos/kolibri/drivers/video/drm/i915/../drm_edid.o
 .bss           0x00061640        0x0 e:/kos/kolibri/drivers/video/drm/i915/../drm_irq.o
 .bss           0x00061640        0x0 e:/kos/kolibri/drivers/video/drm/i915/../drm_dp_i2c_helper.o
 .bss           0x00061640        0x0 e:/kos/kolibri/drivers/video/drm/i915/../drm_mm.o
 .bss           0x00061640        0x0 e:/kos/kolibri/drivers/video/drm/i915/../drm_fb_helper.o
 .bss           0x00061640        0x8 e:/kos/kolibri/drivers/video/drm/i915/../../../ddk/libddk.a(dbglog.o)
 .bss           0x00061648      0x1f8 e:/kos/kolibri/drivers/video/drm/i915/../../../ddk/libddk.a(malloc.o)
 .bss           0x00061840        0x0 e:/kos/kolibri/drivers/video/drm/i915/../../../ddk/libddk.a(kref.o)
 .bss           0x00061840        0x0 e:/kos/kolibri/drivers/video/drm/i915/../../../ddk/libddk.a(memset.o)
 .bss           0x00061840        0x0 e:/kos/kolibri/drivers/video/drm/i915/../../../ddk/libddk.a(memcmp.o)
 .bss           0x00061840        0x0 e:/kos/kolibri/drivers/video/drm/i915/../../../ddk/libddk.a(time.o)
 .bss           0x00061840        0x0 e:/kos/kolibri/drivers/video/drm/i915/../../../ddk/libddk.a(memcpy.o)
 .bss           0x00061840        0x0 e:/kos/kolibri/drivers/video/drm/i915/../../../ddk/libddk.a(strncpy.o)
 .bss           0x00061840        0x0 e:/kos/kolibri/drivers/video/drm/i915/../../../ddk/libddk.a(vsprintf.o)
 .bss           0x00061840        0x0 e:/kos/kolibri/drivers/video/drm/i915/../../../ddk/libddk.a(string.o)
 .bss           0x00061840        0x0 e:/kos/kolibri/drivers/video/drm/i915/../../../ddk/libddk.a(list_sort.o)
 .bss           0x00061840        0x0 e:/kos/kolibri/drivers/video/drm/i915/../../../ddk/libddk.a(idr.o)
 .bss           0x00061840        0x0 e:/kos/kolibri/drivers/video/drm/i915/../../../ddk/libddk.a(strncmp.o)
 .bss           0x00061840        0x0 e:/kos/kolibri/drivers/video/drm/i915/../../../ddk/libddk.a(finfo.o)
 .bss           0x00061840        0x0 e:/kos/kolibri/drivers/video/drm/i915/../../../ddk/libddk.a(create.o)
 .bss           0x00061840        0x0 e:/kos/kolibri/drivers/video/drm/i915/../../../ddk/libddk.a(ssize.o)
 .bss           0x00061840        0x0 e:/kos/kolibri/drivers/video/drm/i915/../../../ddk/libddk.a(write.o)
 .bss           0x00061840        0x0 e:/kos/kolibri/drivers/video/drm/i915/../../../ddk/libddk.a(_memmove.o)
 .bss           0x00061840        0x0 e:/kos/kolibri/drivers/video/drm/i915/../../../ddk/libddk.a(_strncpy.o)
 .bss           0x00061840        0x0 e:/kos/kolibri/drivers/video/drm/i915/../../../ddk/libddk.a(ctype.o)
 .bss           0x00061840        0x0 e:/kos/kolibri/drivers/video/drm/i915/../../../ddk/libddk.a(strnlen.o)
 .bss           0x00061840        0x0 e:/kos/kolibri/drivers/video/drm/i915/../../../ddk/libddk.a(_strncmp.o)
 .bss           0x00061840        0x0 e:/kos/kolibri/drivers/video/drm/i915/../../../ddk/libddk.a(_strnlen.o)
 *(COMMON)
 COMMON         0x00061840        0x4 main.o
                0x00061840                x86_clflush_size
 COMMON         0x00061844        0x8 i915_drv.o
                0x00061844                i915_lvds_channel_mode
                0x00061848                main_device
 COMMON         0x0006184c        0x8 kms_display.o
                0x0006184c                cmd_buffer
                0x00061850                cmd_offset
 COMMON         0x00061854        0x4 Gtt/intel-agp.o
                0x00061854                intel_agp_enabled

/DISCARD/
 *(.debug$S)
 *(.debug$T)
 *(.debug$F)
 *(.drectve)
 *(.edata)

.idata          0x00062000      0x400
 SORT(*)(.idata$2)
 .idata$2       0x00062000       0x14 e:/kos/kolibri/drivers/video/drm/i915/../../../ddk/libcore.a(d000000.o)
                0x00062000                _head_core_dll
 SORT(*)(.idata$3)
                0x00062014        0x4 LONG 0x0
                0x00062018        0x4 LONG 0x0
                0x0006201c        0x4 LONG 0x0
                0x00062020        0x4 LONG 0x0
                0x00062024        0x4 LONG 0x0
 SORT(*)(.idata$4)
 .idata$4       0x00062028        0x0 e:/kos/kolibri/drivers/video/drm/i915/../../../ddk/libcore.a(d000000.o)
 .idata$4       0x00062028        0x4 e:/kos/kolibri/drivers/video/drm/i915/../../../ddk/libcore.a(d000001.o)
 .idata$4       0x0006202c        0x4 e:/kos/kolibri/drivers/video/drm/i915/../../../ddk/libcore.a(d000002.o)
 .idata$4       0x00062030        0x4 e:/kos/kolibri/drivers/video/drm/i915/../../../ddk/libcore.a(d000004.o)
 .idata$4       0x00062034        0x4 e:/kos/kolibri/drivers/video/drm/i915/../../../ddk/libcore.a(d000005.o)
 .idata$4       0x00062038        0x4 e:/kos/kolibri/drivers/video/drm/i915/../../../ddk/libcore.a(d000008.o)
 .idata$4       0x0006203c        0x4 e:/kos/kolibri/drivers/video/drm/i915/../../../ddk/libcore.a(d000009.o)
 .idata$4       0x00062040        0x4 e:/kos/kolibri/drivers/video/drm/i915/../../../ddk/libcore.a(d000010.o)
 .idata$4       0x00062044        0x4 e:/kos/kolibri/drivers/video/drm/i915/../../../ddk/libcore.a(d000011.o)
 .idata$4       0x00062048        0x4 e:/kos/kolibri/drivers/video/drm/i915/../../../ddk/libcore.a(d000012.o)
 .idata$4       0x0006204c        0x4 e:/kos/kolibri/drivers/video/drm/i915/../../../ddk/libcore.a(d000013.o)
 .idata$4       0x00062050        0x4 e:/kos/kolibri/drivers/video/drm/i915/../../../ddk/libcore.a(d000015.o)
 .idata$4       0x00062054        0x4 e:/kos/kolibri/drivers/video/drm/i915/../../../ddk/libcore.a(d000017.o)
 .idata$4       0x00062058        0x4 e:/kos/kolibri/drivers/video/drm/i915/../../../ddk/libcore.a(d000019.o)
 .idata$4       0x0006205c        0x4 e:/kos/kolibri/drivers/video/drm/i915/../../../ddk/libcore.a(d000021.o)
 .idata$4       0x00062060        0x4 e:/kos/kolibri/drivers/video/drm/i915/../../../ddk/libcore.a(d000022.o)
 .idata$4       0x00062064        0x4 e:/kos/kolibri/drivers/video/drm/i915/../../../ddk/libcore.a(d000023.o)
 .idata$4       0x00062068        0x4 e:/kos/kolibri/drivers/video/drm/i915/../../../ddk/libcore.a(d000024.o)
 .idata$4       0x0006206c        0x4 e:/kos/kolibri/drivers/video/drm/i915/../../../ddk/libcore.a(d000025.o)
 .idata$4       0x00062070        0x4 e:/kos/kolibri/drivers/video/drm/i915/../../../ddk/libcore.a(d000026.o)
 .idata$4       0x00062074        0x4 e:/kos/kolibri/drivers/video/drm/i915/../../../ddk/libcore.a(d000027.o)
 .idata$4       0x00062078        0x4 e:/kos/kolibri/drivers/video/drm/i915/../../../ddk/libcore.a(d000028.o)
 .idata$4       0x0006207c        0x4 e:/kos/kolibri/drivers/video/drm/i915/../../../ddk/libcore.a(d000029.o)
 .idata$4       0x00062080        0x4 e:/kos/kolibri/drivers/video/drm/i915/../../../ddk/libcore.a(d000030.o)
 .idata$4       0x00062084        0x4 e:/kos/kolibri/drivers/video/drm/i915/../../../ddk/libcore.a(d000031.o)
 .idata$4       0x00062088        0x4 e:/kos/kolibri/drivers/video/drm/i915/../../../ddk/libcore.a(d000032.o)
 .idata$4       0x0006208c        0x4 e:/kos/kolibri/drivers/video/drm/i915/../../../ddk/libcore.a(d000033.o)
 .idata$4       0x00062090        0x4 e:/kos/kolibri/drivers/video/drm/i915/../../../ddk/libcore.a(d000034.o)
 .idata$4       0x00062094        0x4 e:/kos/kolibri/drivers/video/drm/i915/../../../ddk/libcore.a(d000035.o)
 .idata$4       0x00062098        0x4 e:/kos/kolibri/drivers/video/drm/i915/../../../ddk/libcore.a(d000036.o)
 .idata$4       0x0006209c        0x4 e:/kos/kolibri/drivers/video/drm/i915/../../../ddk/libcore.a(d000039.o)
 .idata$4       0x000620a0        0x4 e:/kos/kolibri/drivers/video/drm/i915/../../../ddk/libcore.a(d000040.o)
 .idata$4       0x000620a4        0x4 e:/kos/kolibri/drivers/video/drm/i915/../../../ddk/libcore.a(d000041.o)
 .idata$4       0x000620a8        0x4 e:/kos/kolibri/drivers/video/drm/i915/../../../ddk/libcore.a(d000043.o)
 .idata$4       0x000620ac        0x4 e:/kos/kolibri/drivers/video/drm/i915/../../../ddk/libcore.a(d000044.o)
 SORT(*)(.idata$5)
 .idata$5       0x000620b0        0x0 e:/kos/kolibri/drivers/video/drm/i915/../../../ddk/libcore.a(d000000.o)
 .idata$5       0x000620b0        0x4 e:/kos/kolibri/drivers/video/drm/i915/../../../ddk/libcore.a(d000001.o)
                0x000620b0                _imp__AllocKernelSpace
 .idata$5       0x000620b4        0x4 e:/kos/kolibri/drivers/video/drm/i915/../../../ddk/libcore.a(d000002.o)
                0x000620b4                _imp__AllocPage
 .idata$5       0x000620b8        0x4 e:/kos/kolibri/drivers/video/drm/i915/../../../ddk/libcore.a(d000004.o)
                0x000620b8                _imp__AttachIntHandler
 .idata$5       0x000620bc        0x4 e:/kos/kolibri/drivers/video/drm/i915/../../../ddk/libcore.a(d000005.o)
                0x000620bc                _imp__CreateEvent
 .idata$5       0x000620c0        0x4 e:/kos/kolibri/drivers/video/drm/i915/../../../ddk/libcore.a(d000008.o)
                0x000620c0                _imp__Delay
 .idata$5       0x000620c4        0x4 e:/kos/kolibri/drivers/video/drm/i915/../../../ddk/libcore.a(d000009.o)
                0x000620c4                _imp__DestroyEvent
 .idata$5       0x000620c8        0x4 e:/kos/kolibri/drivers/video/drm/i915/../../../ddk/libcore.a(d000010.o)
                0x000620c8                _imp__DestroyObject
 .idata$5       0x000620cc        0x4 e:/kos/kolibri/drivers/video/drm/i915/../../../ddk/libcore.a(d000011.o)
                0x000620cc                _imp__FreeKernelSpace
 .idata$5       0x000620d0        0x4 e:/kos/kolibri/drivers/video/drm/i915/../../../ddk/libcore.a(d000012.o)
                0x000620d0                _imp__FreePage
 .idata$5       0x000620d4        0x4 e:/kos/kolibri/drivers/video/drm/i915/../../../ddk/libcore.a(d000013.o)
                0x000620d4                _imp__GetDisplay
 .idata$5       0x000620d8        0x4 e:/kos/kolibri/drivers/video/drm/i915/../../../ddk/libcore.a(d000015.o)
                0x000620d8                _imp__GetPgAddr
 .idata$5       0x000620dc        0x4 e:/kos/kolibri/drivers/video/drm/i915/../../../ddk/libcore.a(d000017.o)
                0x000620dc                _imp__GetService
 .idata$5       0x000620e0        0x4 e:/kos/kolibri/drivers/video/drm/i915/../../../ddk/libcore.a(d000019.o)
                0x000620e0                _imp__GetTimerTicks
 .idata$5       0x000620e4        0x4 e:/kos/kolibri/drivers/video/drm/i915/../../../ddk/libcore.a(d000021.o)
                0x000620e4                _imp__KernelAlloc
 .idata$5       0x000620e8        0x4 e:/kos/kolibri/drivers/video/drm/i915/../../../ddk/libcore.a(d000022.o)
                0x000620e8                _imp__KernelFree
 .idata$5       0x000620ec        0x4 e:/kos/kolibri/drivers/video/drm/i915/../../../ddk/libcore.a(d000023.o)
                0x000620ec                _imp__MapIoMem
 .idata$5       0x000620f0        0x4 e:/kos/kolibri/drivers/video/drm/i915/../../../ddk/libcore.a(d000024.o)
                0x000620f0                _imp__MapPage
 .idata$5       0x000620f4        0x4 e:/kos/kolibri/drivers/video/drm/i915/../../../ddk/libcore.a(d000025.o)
                0x000620f4                _imp__MutexInit
 .idata$5       0x000620f8        0x4 e:/kos/kolibri/drivers/video/drm/i915/../../../ddk/libcore.a(d000026.o)
                0x000620f8                _imp__MutexLock
 .idata$5       0x000620fc        0x4 e:/kos/kolibri/drivers/video/drm/i915/../../../ddk/libcore.a(d000027.o)
                0x000620fc                _imp__MutexUnlock
 .idata$5       0x00062100        0x4 e:/kos/kolibri/drivers/video/drm/i915/../../../ddk/libcore.a(d000028.o)
                0x00062100                _imp__PciApi
 .idata$5       0x00062104        0x4 e:/kos/kolibri/drivers/video/drm/i915/../../../ddk/libcore.a(d000029.o)
                0x00062104                _imp__PciRead16
 .idata$5       0x00062108        0x4 e:/kos/kolibri/drivers/video/drm/i915/../../../ddk/libcore.a(d000030.o)
                0x00062108                _imp__PciRead32
 .idata$5       0x0006210c        0x4 e:/kos/kolibri/drivers/video/drm/i915/../../../ddk/libcore.a(d000031.o)
                0x0006210c                _imp__PciRead8
 .idata$5       0x00062110        0x4 e:/kos/kolibri/drivers/video/drm/i915/../../../ddk/libcore.a(d000032.o)
                0x00062110                _imp__PciWrite16
 .idata$5       0x00062114        0x4 e:/kos/kolibri/drivers/video/drm/i915/../../../ddk/libcore.a(d000033.o)
                0x00062114                _imp__PciWrite32
 .idata$5       0x00062118        0x4 e:/kos/kolibri/drivers/video/drm/i915/../../../ddk/libcore.a(d000034.o)
                0x00062118                _imp__PciWrite8
 .idata$5       0x0006211c        0x4 e:/kos/kolibri/drivers/video/drm/i915/../../../ddk/libcore.a(d000035.o)
                0x0006211c                _imp__RaiseEvent
 .idata$5       0x00062120        0x4 e:/kos/kolibri/drivers/video/drm/i915/../../../ddk/libcore.a(d000036.o)
                0x00062120                _imp__RegService
 .idata$5       0x00062124        0x4 e:/kos/kolibri/drivers/video/drm/i915/../../../ddk/libcore.a(d000039.o)
                0x00062124                _imp__SetScreen
 .idata$5       0x00062128        0x4 e:/kos/kolibri/drivers/video/drm/i915/../../../ddk/libcore.a(d000040.o)
                0x00062128                _imp__SysMsgBoardStr
 .idata$5       0x0006212c        0x4 e:/kos/kolibri/drivers/video/drm/i915/../../../ddk/libcore.a(d000041.o)
                0x0006212c                _imp__TimerHs
 .idata$5       0x00062130        0x4 e:/kos/kolibri/drivers/video/drm/i915/../../../ddk/libcore.a(d000043.o)
                0x00062130                _imp__WaitEvent
 .idata$5       0x00062134        0x4 e:/kos/kolibri/drivers/video/drm/i915/../../../ddk/libcore.a(d000044.o)
 SORT(*)(.idata$6)
 .idata$6       0x00062138       0x14 e:/kos/kolibri/drivers/video/drm/i915/../../../ddk/libcore.a(d000001.o)
 .idata$6       0x0006214c        0xc e:/kos/kolibri/drivers/video/drm/i915/../../../ddk/libcore.a(d000002.o)
 .idata$6       0x00062158       0x14 e:/kos/kolibri/drivers/video/drm/i915/../../../ddk/libcore.a(d000004.o)
 .idata$6       0x0006216c       0x10 e:/kos/kolibri/drivers/video/drm/i915/../../../ddk/libcore.a(d000005.o)
 .idata$6       0x0006217c        0x8 e:/kos/kolibri/drivers/video/drm/i915/../../../ddk/libcore.a(d000008.o)
 .idata$6       0x00062184       0x10 e:/kos/kolibri/drivers/video/drm/i915/../../../ddk/libcore.a(d000009.o)
 .idata$6       0x00062194       0x10 e:/kos/kolibri/drivers/video/drm/i915/../../../ddk/libcore.a(d000010.o)
 .idata$6       0x000621a4       0x14 e:/kos/kolibri/drivers/video/drm/i915/../../../ddk/libcore.a(d000011.o)
 .idata$6       0x000621b8        0xc e:/kos/kolibri/drivers/video/drm/i915/../../../ddk/libcore.a(d000012.o)
 .idata$6       0x000621c4       0x10 e:/kos/kolibri/drivers/video/drm/i915/../../../ddk/libcore.a(d000013.o)
 .idata$6       0x000621d4        0xc e:/kos/kolibri/drivers/video/drm/i915/../../../ddk/libcore.a(d000015.o)
 .idata$6       0x000621e0       0x10 e:/kos/kolibri/drivers/video/drm/i915/../../../ddk/libcore.a(d000017.o)
 .idata$6       0x000621f0       0x10 e:/kos/kolibri/drivers/video/drm/i915/../../../ddk/libcore.a(d000019.o)
 .idata$6       0x00062200       0x10 e:/kos/kolibri/drivers/video/drm/i915/../../../ddk/libcore.a(d000021.o)
 .idata$6       0x00062210       0x10 e:/kos/kolibri/drivers/video/drm/i915/../../../ddk/libcore.a(d000022.o)
 .idata$6       0x00062220        0xc e:/kos/kolibri/drivers/video/drm/i915/../../../ddk/libcore.a(d000023.o)
 .idata$6       0x0006222c        0xc e:/kos/kolibri/drivers/video/drm/i915/../../../ddk/libcore.a(d000024.o)
 .idata$6       0x00062238        0xc e:/kos/kolibri/drivers/video/drm/i915/../../../ddk/libcore.a(d000025.o)
 .idata$6       0x00062244        0xc e:/kos/kolibri/drivers/video/drm/i915/../../../ddk/libcore.a(d000026.o)
 .idata$6       0x00062250       0x10 e:/kos/kolibri/drivers/video/drm/i915/../../../ddk/libcore.a(d000027.o)
 .idata$6       0x00062260        0xc e:/kos/kolibri/drivers/video/drm/i915/../../../ddk/libcore.a(d000028.o)
 .idata$6       0x0006226c        0xc e:/kos/kolibri/drivers/video/drm/i915/../../../ddk/libcore.a(d000029.o)
 .idata$6       0x00062278        0xc e:/kos/kolibri/drivers/video/drm/i915/../../../ddk/libcore.a(d000030.o)
 .idata$6       0x00062284        0xc e:/kos/kolibri/drivers/video/drm/i915/../../../ddk/libcore.a(d000031.o)
 .idata$6       0x00062290       0x10 e:/kos/kolibri/drivers/video/drm/i915/../../../ddk/libcore.a(d000032.o)
 .idata$6       0x000622a0       0x10 e:/kos/kolibri/drivers/video/drm/i915/../../../ddk/libcore.a(d000033.o)
 .idata$6       0x000622b0        0xc e:/kos/kolibri/drivers/video/drm/i915/../../../ddk/libcore.a(d000034.o)
 .idata$6       0x000622bc       0x10 e:/kos/kolibri/drivers/video/drm/i915/../../../ddk/libcore.a(d000035.o)
 .idata$6       0x000622cc       0x10 e:/kos/kolibri/drivers/video/drm/i915/../../../ddk/libcore.a(d000036.o)
 .idata$6       0x000622dc        0xc e:/kos/kolibri/drivers/video/drm/i915/../../../ddk/libcore.a(d000039.o)
 .idata$6       0x000622e8       0x14 e:/kos/kolibri/drivers/video/drm/i915/../../../ddk/libcore.a(d000040.o)
 .idata$6       0x000622fc        0xc e:/kos/kolibri/drivers/video/drm/i915/../../../ddk/libcore.a(d000041.o)
 .idata$6       0x00062308        0xc e:/kos/kolibri/drivers/video/drm/i915/../../../ddk/libcore.a(d000043.o)
 SORT(*)(.idata$7)
 .idata$7       0x00062314        0x4 e:/kos/kolibri/drivers/video/drm/i915/../../../ddk/libcore.a(d000001.o)
 .idata$7       0x00062318        0x4 e:/kos/kolibri/drivers/video/drm/i915/../../../ddk/libcore.a(d000002.o)
 .idata$7       0x0006231c        0x4 e:/kos/kolibri/drivers/video/drm/i915/../../../ddk/libcore.a(d000004.o)
 .idata$7       0x00062320        0x4 e:/kos/kolibri/drivers/video/drm/i915/../../../ddk/libcore.a(d000005.o)
 .idata$7       0x00062324        0x4 e:/kos/kolibri/drivers/video/drm/i915/../../../ddk/libcore.a(d000008.o)
 .idata$7       0x00062328        0x4 e:/kos/kolibri/drivers/video/drm/i915/../../../ddk/libcore.a(d000009.o)
 .idata$7       0x0006232c        0x4 e:/kos/kolibri/drivers/video/drm/i915/../../../ddk/libcore.a(d000010.o)
 .idata$7       0x00062330        0x4 e:/kos/kolibri/drivers/video/drm/i915/../../../ddk/libcore.a(d000011.o)
 .idata$7       0x00062334        0x4 e:/kos/kolibri/drivers/video/drm/i915/../../../ddk/libcore.a(d000012.o)
 .idata$7       0x00062338        0x4 e:/kos/kolibri/drivers/video/drm/i915/../../../ddk/libcore.a(d000013.o)
 .idata$7       0x0006233c        0x4 e:/kos/kolibri/drivers/video/drm/i915/../../../ddk/libcore.a(d000015.o)
 .idata$7       0x00062340        0x4 e:/kos/kolibri/drivers/video/drm/i915/../../../ddk/libcore.a(d000017.o)
 .idata$7       0x00062344        0x4 e:/kos/kolibri/drivers/video/drm/i915/../../../ddk/libcore.a(d000019.o)
 .idata$7       0x00062348        0x4 e:/kos/kolibri/drivers/video/drm/i915/../../../ddk/libcore.a(d000021.o)
 .idata$7       0x0006234c        0x4 e:/kos/kolibri/drivers/video/drm/i915/../../../ddk/libcore.a(d000022.o)
 .idata$7       0x00062350        0x4 e:/kos/kolibri/drivers/video/drm/i915/../../../ddk/libcore.a(d000023.o)
 .idata$7       0x00062354        0x4 e:/kos/kolibri/drivers/video/drm/i915/../../../ddk/libcore.a(d000024.o)
 .idata$7       0x00062358        0x4 e:/kos/kolibri/drivers/video/drm/i915/../../../ddk/libcore.a(d000025.o)
 .idata$7       0x0006235c        0x4 e:/kos/kolibri/drivers/video/drm/i915/../../../ddk/libcore.a(d000026.o)
 .idata$7       0x00062360        0x4 e:/kos/kolibri/drivers/video/drm/i915/../../../ddk/libcore.a(d000027.o)
 .idata$7       0x00062364        0x4 e:/kos/kolibri/drivers/video/drm/i915/../../../ddk/libcore.a(d000028.o)
 .idata$7       0x00062368        0x4 e:/kos/kolibri/drivers/video/drm/i915/../../../ddk/libcore.a(d000029.o)
 .idata$7       0x0006236c        0x4 e:/kos/kolibri/drivers/video/drm/i915/../../../ddk/libcore.a(d000030.o)
 .idata$7       0x00062370        0x4 e:/kos/kolibri/drivers/video/drm/i915/../../../ddk/libcore.a(d000031.o)
 .idata$7       0x00062374        0x4 e:/kos/kolibri/drivers/video/drm/i915/../../../ddk/libcore.a(d000032.o)
 .idata$7       0x00062378        0x4 e:/kos/kolibri/drivers/video/drm/i915/../../../ddk/libcore.a(d000033.o)
 .idata$7       0x0006237c        0x4 e:/kos/kolibri/drivers/video/drm/i915/../../../ddk/libcore.a(d000034.o)
 .idata$7       0x00062380        0x4 e:/kos/kolibri/drivers/video/drm/i915/../../../ddk/libcore.a(d000035.o)
 .idata$7       0x00062384        0x4 e:/kos/kolibri/drivers/video/drm/i915/../../../ddk/libcore.a(d000036.o)
 .idata$7       0x00062388        0x4 e:/kos/kolibri/drivers/video/drm/i915/../../../ddk/libcore.a(d000039.o)
 .idata$7       0x0006238c        0x4 e:/kos/kolibri/drivers/video/drm/i915/../../../ddk/libcore.a(d000040.o)
 .idata$7       0x00062390        0x4 e:/kos/kolibri/drivers/video/drm/i915/../../../ddk/libcore.a(d000041.o)
 .idata$7       0x00062394        0x4 e:/kos/kolibri/drivers/video/drm/i915/../../../ddk/libcore.a(d000043.o)
 .idata$7       0x00062398        0xc e:/kos/kolibri/drivers/video/drm/i915/../../../ddk/libcore.a(d000044.o)
                0x00062398                core_dll_iname

.reloc          0x00063000     0x2000
 *(.reloc)
 .reloc         0x00063000     0x1f4c dll stuff
LOAD main.o
LOAD pci.o
LOAD dvo_ch7017.o
LOAD dvo_ch7xxx.o
LOAD dvo_ivch.o
LOAD dvo_ns2501.o
LOAD dvo_sil164.o
LOAD dvo_tfp410.o
LOAD i915_dma.o
LOAD i915_drv.o
LOAD i915_gem.o
LOAD i915_gem_context.o
LOAD i915_gem_gtt.o
LOAD i915_gem_stolen.o
LOAD i915_gem_tiling.o
LOAD i915_irq.o
LOAD intel_bios.o
LOAD intel_crt.o
LOAD intel_ddi.o
LOAD intel_display.o
LOAD intel_dp.o
LOAD intel_dvo.o
LOAD intel_fb.o
LOAD intel_hdmi.o
LOAD intel_i2c.o
LOAD intel_lvds.o
LOAD intel_modes.o
LOAD intel_opregion.o
LOAD intel_panel.o
LOAD intel_pm.o
LOAD intel_ringbuffer.o
LOAD intel_sdvo.o
LOAD intel_sprite.o
LOAD kms_display.o
LOAD Gtt/intel-agp.o
LOAD Gtt/intel-gtt.o
LOAD e:/kos/kolibri/drivers/video/drm/i915/../i2c/i2c-core.o
LOAD e:/kos/kolibri/drivers/video/drm/i915/../i2c/i2c-algo-bit.o
LOAD e:/kos/kolibri/drivers/video/drm/i915/../drm_pci.o
LOAD e:/kos/kolibri/drivers/video/drm/i915/../drm_modes.o
LOAD e:/kos/kolibri/drivers/video/drm/i915/../drm_stub.o
LOAD e:/kos/kolibri/drivers/video/drm/i915/../drm_crtc.o
LOAD e:/kos/kolibri/drivers/video/drm/i915/../drm_crtc_helper.o
LOAD e:/kos/kolibri/drivers/video/drm/i915/../drm_edid.o
LOAD e:/kos/kolibri/drivers/video/drm/i915/../drm_irq.o
LOAD e:/kos/kolibri/drivers/video/drm/i915/../drm_dp_i2c_helper.o
LOAD e:/kos/kolibri/drivers/video/drm/i915/../drm_mm.o
LOAD e:/kos/kolibri/drivers/video/drm/i915/../drm_fb_helper.o
LOAD e:/kos/kolibri/drivers/video/drm/i915/../../../ddk/libddk.a
LOAD e:/kos/kolibri/drivers/video/drm/i915/../../../ddk/libcore.a
LOAD e:/kos/kolibri/drivers/video/drm/i915/../../../ddk/libgcc.a
OUTPUT(i915.dll pei-i386)
LOAD dll stuff
