Archive member included to satisfy reference by file (symbol)

../../../contrib/sdk/lib/libSDLn.a(SDL.o)
                              sdl.o (SDL_InitSubSystem)
../../../contrib/sdk/lib/libSDLn.a(SDL_error.o)
                              ../../../contrib/sdk/lib/libSDLn.a(SDL.o) (SDL_SetError)
../../../contrib/sdk/lib/libSDLn.a(SDL_fatal.o)
                              ../../../contrib/sdk/lib/libSDLn.a(SDL.o) (SDL_InstallParachute)
../../../contrib/sdk/lib/libSDLn.a(SDL_getenv.o)
                              ../../../contrib/sdk/lib/libSDLn.a(SDL.o) (SDL_getenv)
../../../contrib/sdk/lib/libSDLn.a(SDL_kolibri_audio.o)
                              ../../../contrib/sdk/lib/libSDLn.a(SDL.o) (SDL_AudioInit)
../../../contrib/sdk/lib/libSDLn.a(SDL_events.o)
                              sdl.o (SDL_PollEvent)
../../../contrib/sdk/lib/libSDLn.a(SDL_keyboard.o)
                              ../../../contrib/sdk/lib/libSDLn.a(SDL_events.o) (SDL_KeyboardInit)
../../../contrib/sdk/lib/libSDLn.a(SDL_mouse.o)
                              ../../../contrib/sdk/lib/libSDLn.a(SDL_events.o) (SDL_MouseInit)
../../../contrib/sdk/lib/libSDLn.a(SDL_quit.o)
                              ../../../contrib/sdk/lib/libSDLn.a(SDL_events.o) (SDL_QuitInit)
../../../contrib/sdk/lib/libSDLn.a(SDL_sysmutex.o)
                              ../../../contrib/sdk/lib/libSDLn.a(SDL_events.o) (SDL_CreateMutex)
../../../contrib/sdk/lib/libSDLn.a(SDL_syssem.o)
                              ../../../contrib/sdk/lib/libSDLn.a(SDL_sysmutex.o) (SDL_CreateSemaphore)
../../../contrib/sdk/lib/libSDLn.a(SDL_systhread.o)
                              ../../../contrib/sdk/lib/libSDLn.a(SDL_events.o) (SDL_ThreadID)
../../../contrib/sdk/lib/libSDLn.a(SDL_thread.o)
                              ../../../contrib/sdk/lib/libSDLn.a(SDL_events.o) (SDL_CreateThread)
../../../contrib/sdk/lib/libSDLn.a(SDL_timer.o)
                              ../../../contrib/sdk/lib/libSDLn.a(SDL_events.o) (SDL_SetTimerThreaded)
../../../contrib/sdk/lib/libSDLn.a(SDL_systimer.o)
                              ../../../contrib/sdk/lib/libSDLn.a(SDL.o) (SDL_StartTicks)
../../../contrib/sdk/lib/libSDLn.a(SDL_cursor.o)
                              sdl.o (SDL_ShowCursor)
../../../contrib/sdk/lib/libSDLn.a(SDL_pixels.o)
                              ../../../contrib/sdk/lib/libSDLn.a(SDL_cursor.o) (SDL_MapRGB)
../../../contrib/sdk/lib/libSDLn.a(SDL_surface.o)
                              sdl.o (SDL_LockSurface)
../../../contrib/sdk/lib/libSDLn.a(SDL_video.o)
                              sdl.o (SDL_VideoDriverName)
../../../contrib/sdk/lib/libSDLn.a(SDL_kolibri_video.o)
                              ../../../contrib/sdk/lib/libSDLn.a(SDL_video.o) (kos_video_bootstrab)
../../../contrib/sdk/lib/libSDLn.a(SDL_active.o)
                              ../../../contrib/sdk/lib/libSDLn.a(SDL_events.o) (SDL_AppActiveInit)
../../../contrib/sdk/lib/libSDLn.a(SDL_resize.o)
                              ../../../contrib/sdk/lib/libSDLn.a(SDL_video.o) (SDL_PrivateResize)
../../../contrib/sdk/lib/libSDLn.a(SDL_RLEaccel.o)
                              ../../../contrib/sdk/lib/libSDLn.a(SDL_pixels.o) (SDL_UnRLESurface)
../../../contrib/sdk/lib/libSDLn.a(SDL_blit.o)
                              ../../../contrib/sdk/lib/libSDLn.a(SDL_pixels.o) (SDL_CalculateBlit)
../../../contrib/sdk/lib/libSDLn.a(SDL_blit_0.o)
                              ../../../contrib/sdk/lib/libSDLn.a(SDL_blit.o) (SDL_CalculateBlit0)
../../../contrib/sdk/lib/libSDLn.a(SDL_blit_1.o)
                              ../../../contrib/sdk/lib/libSDLn.a(SDL_blit.o) (SDL_CalculateBlit1)
../../../contrib/sdk/lib/libSDLn.a(SDL_blit_N.o)
                              ../../../contrib/sdk/lib/libSDLn.a(SDL_blit.o) (SDL_CalculateBlitN)
../../../contrib/sdk/lib/libSDLn.a(SDL_kolibri_events.o)
                              ../../../contrib/sdk/lib/libSDLn.a(SDL_kolibri_video.o) (kos_InitOSKeymap)
../../../contrib/sdk/lib/libSDLn.a(mmx_main.o)
                              ../../../contrib/sdk/lib/libSDLn.a(SDL_blit_N.o) (ConvertMMX)
../../../contrib/sdk/lib/libSDLn.a(mmxp2_32.o)
                              ../../../contrib/sdk/lib/libSDLn.a(SDL_blit_N.o) (ConvertMMXpII32_16RGB565)
../../../contrib/sdk/lib/libSDLn.a(x86_main.o)
                              ../../../contrib/sdk/lib/libSDLn.a(SDL_blit_N.o) (ConvertX86)
../../../contrib/sdk/lib/libSDLn.a(x86p_16.o)
                              ../../../contrib/sdk/lib/libSDLn.a(SDL_blit_N.o) (ConvertX86p16_16BGR565)
../../../contrib/sdk/lib/libSDLn.a(x86p_32.o)
                              ../../../contrib/sdk/lib/libSDLn.a(SDL_blit_N.o) (ConvertX86p32_32BGR888)
../../../contrib/sdk/lib/libSDLn.a(SDL_blit_A.o)
                              ../../../contrib/sdk/lib/libSDLn.a(SDL_blit_N.o) (SDL_CalculateAlphaBlit)
../../develop/sdk/trunk/sound/src/sound.lib(init.obj)
                              ../../../contrib/sdk/lib/libSDLn.a(SDL_kolibri_audio.o) (InitSound@4)
[...]
Memory Configuration

Name             Origin             Length             Attributes
*default*        0x0000000000000000 0xffffffffffffffff

Linker script and memory map

                0x0000000000000000                __image_base__ = 0x0
                0x0000000000000000                __dll__ = 0x0
                0x0000000000000000                ___ImageBase = 0x0
                0x0000000000000010                __section_alignment__ = 0x10
                0x0000000000000010                __file_alignment__ = 0x10
                0x0000000000000004                __major_os_version__ = 0x4
                0x0000000000000000                __minor_os_version__ = 0x0
                0x0000000000000001                __major_image_version__ = 0x1
                0x0000000000000000                __minor_image_version__ = 0x0
                0x0000000000000004                __major_subsystem_version__ = 0x4
                0x0000000000000000                __minor_subsystem_version__ = 0x0
                0x0000000000000001                __subsystem__ = 0x1
                0x0000000000200000                __size_of_stack_reserve__ = 0x200000
                0x0000000000001000                __size_of_stack_commit__ = 0x1000
                0x0000000000100000                __size_of_heap_reserve__ = 0x100000
                0x0000000000001000                __size_of_heap_commit__ = 0x1000
                0x0000000000000000                __loader_flags__ = 0x0
                0x0000000000000000                __dll_characteristics__ = 0x0

.text           0x0000000000000000   0x104770
                0x0000000000000000        0x4 LONG 0x554e454d
                0x0000000000000004        0x4 LONG 0x32305445
                0x0000000000000008        0x4 LONG 0x1
                0x000000000000000c        0x4 LONG 0x34 __start
                0x0000000000000010        0x4 LONG 0x14c938 ___iend
                0x0000000000000014        0x4 LONG 0x25d470 ___memsize
                0x0000000000000018        0x4 LONG 0x25d470 ___stacktop
                0x000000000000001c        0x4 LONG 0x25cf60 ___cmdline
                0x0000000000000020        0x4 LONG 0x25d060 ___pgmname
                0x0000000000000024        0x4 LONG 0x1 __subsystem__
                0x0000000000000028        0x4 LONG 0x14d170 __idata_start
                0x000000000000002c        0x4 LONG 0x14d72c __idata_end
                0x0000000000000030        0x4 LONG 0x103630 _main
 *(.init)
 .init          0x0000000000000034       0x84 ../../../contrib/sdk/lib/libgcc.a(_start.o)
                0x0000000000000034                _start
 *(.text)
 *fill*         0x00000000000000b8        0x8 
 .text          0x00000000000000c0      0x2b0 romload.o
                0x00000000000000c0                set_rom_path
                0x00000000000000d0                load_rom
                0x0000000000000360                unload_rom
 .text          0x0000000000000370      0x320 ckvp.o
                0x0000000000000370                ckvp_parse
 .text          0x0000000000000690     0x1220 system.o
                0x0000000000000a20                path_type
                0x0000000000000a40                dgen_userdir
                0x0000000000000ac0                dgen_dir
                0x0000000000000ba0                dgen_freopen
                0x0000000000000e70                dgen_fopen
                0x0000000000000e90                dgen_basename
                0x0000000000000ec0                unload
                0x0000000000000f20                load_finish
                0x0000000000000f30                load
                0x00000000000011b0                complete_path
                0x00000000000013d0                complete_path_free
                0x0000000000001410                backslashify
                0x0000000000001630                utf8u32
                0x0000000000001730                utf32u8
                0x00000000000017f0                prefix_casematch
                0x0000000000001860                prefix_getuint
 .text          0x00000000000018b0     0x5aa0 fm.o
                0x0000000000002cb0                YM2612UpdateOne
                0x00000000000060a0                YM2612Shutdown
                0x00000000000060c0                YM2612ResetChip
                0x00000000000065e0                YM2612Init
                0x0000000000006950                YM2612Write
                0x0000000000006e80                YM2612Read
                0x0000000000006ea0                YM2612TimerOver
                0x0000000000007240                YM2612_dump
                0x0000000000007270                YM2612_restore
 .text          0x0000000000007350      0x340 decode.o
                0x0000000000007350                genie_decode
                0x0000000000007480                hex_decode
                0x0000000000007520                decode
 .text          0x0000000000007690      0x2c0 main.o
                0x0000000000007750                md_save(md&)
                0x0000000000007830                md_load(md&)
                0x0000000000007910                ram_save(md&)
                0x0000000000007930                ram_load(md&)
 .text          0x0000000000007950       0x50 joystick.o
                0x0000000000007950                md::init_joysticks()
                0x0000000000007960                md::deinit_joysticks()
                0x0000000000007970                _ksys_sleep
                0x0000000000007980                usleep
 .text          0x00000000000079a0     0x16d0 mdfr.o
                0x00000000000079a0                md::md_set_musa_sync(bool)
                0x0000000000007aa0                md::md_set_musa(bool)
                0x0000000000007b20                md::md_set_star_sync(bool)
                0x0000000000007be0                md::md_set_star(bool)
                0x0000000000007c60                md::md_set_cz80_sync(bool)
                0x0000000000007ea0                md::md_set_cz80(bool)
                0x0000000000007f00                md::md_set_mz80_sync(bool)
                0x00000000000080b0                md::md_set_mz80(bool)
                0x0000000000008130                md::md_set(bool)
                0x00000000000081c0                md::m68k_read_pc()
                0x0000000000008270                md::m68k_odo()
                0x00000000000082c0                md::m68k_run()
                0x0000000000008360                md::m68k_irq(int)
                0x0000000000008400                md::m68k_vdp_irq_trigger()
                0x0000000000008470                md::m68k_vdp_irq_handler()
                0x00000000000084d0                md::z80_odo()
                0x0000000000008530                md::z80_run()
                0x00000000000085e0                md::z80_sync(int)
                0x00000000000086a0                md::m68k_busreq_request()
                0x00000000000086d0                md::m68k_busreq_cancel()
                0x0000000000008700                md::z80_irq(int)
                0x0000000000008760                md::z80_irq_clear()
                0x00000000000087a0                md::frame_usecs()
                0x0000000000008800                md::vblank()
                0x0000000000008830                md::pad_update()
                0x0000000000008880                md::calculate_coo8()
                0x0000000000008910                md::calculate_coo9()
                0x0000000000008960                md::may_want_to_get_sound(sndinfo*)
                0x0000000000008b00                md::one_frame(bmap*, unsigned char*, sndinfo*)
 .text          0x0000000000009070     0x1880 rc.o
                0x0000000000009070                rc_region(char const*, int*)
                0x00000000000090c0                rc_ctv(char const*, int*)
                0x0000000000009100                rc_scaling(char const*, int*)
                0x0000000000009140                rc_emu_z80(char const*, int*)
                0x0000000000009180                rc_emu_m68k(char const*, int*)
                0x00000000000091c0                rc_keysym(char const*, int*)
                0x00000000000092a0                rc_string(char const*, int*)
                0x00000000000092c0                rc_rom_path(char const*, int*)
                0x0000000000009300                rc_number(char const*, int*)
                0x0000000000009320                rc_soundrate(char const*, int*)
                0x0000000000009350                rc_bind(char const*, int*)
                0x0000000000009480                rc_str_cleanup()
                0x0000000000009510                rc_boolean(char const*, int*)
                0x00000000000097a0                rc_joypad(char const*, int*)
                0x00000000000098d0                rc_mouse(char const*, int*)
                0x0000000000009980                dump_keysym(int)
                0x0000000000009ac0                dump_joypad(int)
                0x0000000000009c30                dump_mouse(int)
                0x0000000000009d10                rc_binding_add(char const*, char const*)
                0x0000000000009fa0                rc_binding_del(rc_field*)
                0x000000000000a140                parse_rc(__sFILE*, char const*)
                0x000000000000a5a0                dump_rc(__sFILE*)
 .text          0x000000000000a8f0      0x570 myfm.o
                0x000000000000a970                md::myfm_write(int, int, int)
                0x000000000000ab40                md::mysn_write(int)
                0x000000000000ab60                md::fm_timer_callback()
                0x000000000000ac40                md::myfm_read(int)
                0x000000000000ac80                md::fm_reset()
                0x000000000000ad90                md::dac_init()
                0x000000000000ae10                md::dac_submit(unsigned char)
                0x000000000000ae50                md::dac_enable(unsigned char)
 .text          0x000000000000ae60       0x50 graph.o
                0x000000000000ae60                get_md_palette(unsigned char*, unsigned char*)
 .text          0x000000000000aeb0     0x2330 md.o
                0x000000000000af00                star_irq_callback()
                0x000000000000af30                musa_irq_callback(int)
                0x000000000000af70                md::memory_map()
                0x000000000000b460                md::musa_memory_map()
                0x000000000000b760                md::z80_init()
                0x000000000000b870                md::z80_reset()
                0x000000000000b8b0                md::reset()
                0x000000000000bb40                md::init_sound()
                0x000000000000bc20                md::init_pal()
                0x000000000000bcc0                md::md(bool, char)
                0x000000000000bcc0                md::md(bool, char)
                0x000000000000c4b0                byteswap_memory(unsigned char*, int)
                0x000000000000c4e0                md::plug_in(unsigned char*, int)
                0x000000000000c680                md::region_guess()
                0x000000000000c760                md::unplug()
                0x000000000000c980                md::~md()
                0x000000000000c980                md::~md()
                0x000000000000cae0                md::load(char const*)
                0x000000000000cda0                md::cycle_z80()
                0x000000000000cdd0                md::cycle_cpu()
                0x000000000000ce00                md::z80dump()
                0x000000000000ce40                md::patch(char const*, unsigned int*, unsigned int*, unsigned int*)
                0x000000000000d100                md::get_save_ram(__sFILE*)
                0x000000000000d130                md::put_save_ram(__sFILE*)
                0x000000000000d160                md::fix_rom_checksum()
 .text          0x000000000000d1e0      0xed0 mem.o
                0x000000000000d220                md::z80_port_read(unsigned short)
                0x000000000000d230                md::z80_port_write(unsigned short, unsigned char)
                0x000000000000d240                md::m68k_ROM_read(unsigned int)
                0x000000000000d290                md::m68k_VDP_read(unsigned int)
                0x000000000000d320                md::misc_readbyte(unsigned int)
                0x000000000000d380                md::z80_read(unsigned short)
                0x000000000000d3e0                md::m68k_IO_read(unsigned int)
                0x000000000000d6c0                md::m68k_ROM_write(unsigned int, unsigned char)
                0x000000000000d6f0                md::misc_readword(unsigned int)
                0x000000000000d800                md::misc_writeword(unsigned int, unsigned short)
                0x000000000000d9a0                md::misc_writebyte(unsigned int, unsigned char)
                0x000000000000da80                md::z80_write(unsigned short, unsigned char)
                0x000000000000db60                md::m68k_IO_write(unsigned int, unsigned char)
                0x000000000000dd70                m68k_read_memory_32
                0x000000000000ddb0                m68k_read_immediate_8
                0x000000000000ddd0                m68k_read_memory_8
                0x000000000000dde0                m68k_read_immediate_32
                0x000000000000ddf0                m68k_read_instruction
                0x000000000000de10                m68k_read_immediate_16
                0x000000000000de20                m68k_read_memory_16
                0x000000000000de30                m68k_write_memory_8
                0x000000000000de50                m68k_write_memory_16
                0x000000000000de70                m68k_write_memory_32
                0x000000000000deb0                star_readbyte
                0x000000000000ded0                star_readword
                0x000000000000def0                star_writebyte
                0x000000000000df10                star_writeword
                0x000000000000df40                mz80_read
                0x000000000000df60                mz80_write
                0x000000000000df90                mz80_ioread
                0x000000000000dfb0                mz80_iowrite
                0x000000000000dfc0                cz80_memread
                0x000000000000dfe0                cz80_memwrite
                0x000000000000e000                cz80_memread16
                0x000000000000e040                cz80_memwrite16
                0x000000000000e090                cz80_ioread
                0x000000000000e0a0                cz80_iowrite
 .text          0x000000000000e0b0     0x1f10 ras.o
                0x000000000000e0b0                md_vdp::draw_window(int, int)
                0x000000000000e280                md_vdp::sprite_masking_overflow(int)
                0x000000000000e470                md_vdp::sprite_mask_generate()
                0x000000000000e830                md_vdp::draw_sprites(int, bool)
                0x000000000000ee80                md_vdp::draw_plane_back0(int)
                0x000000000000f1c0                md_vdp::draw_plane_back1(int)
                0x000000000000f4b0                md_vdp::draw_plane_front0(int)
                0x000000000000f7f0                md_vdp::draw_plane_front1(int)
                0x000000000000fb00                md_vdp::draw_scanline(bmap*, int)
                0x000000000000fef0                md_vdp::draw_pixel(bmap*, int, int, unsigned int)
 .text          0x000000000000ffc0      0xb20 vdp.o
                0x000000000000ffc0                md_vdp::reset()
                0x00000000000102d0                md_vdp::md_vdp(md&)
                0x00000000000102d0                md_vdp::md_vdp(md&)
                0x0000000000010320                md_vdp::~md_vdp()
                0x0000000000010320                md_vdp::~md_vdp()
                0x0000000000010330                md_vdp::dma_len()
                0x0000000000010350                md_vdp::dma_addr()
                0x0000000000010380                md_vdp::dma_mem_read(int)
                0x0000000000010390                md_vdp::poke_vram(int, unsigned char)
                0x00000000000103f0                md_vdp::poke_cram(int, unsigned char)
                0x0000000000010450                md_vdp::poke_vsram(int, unsigned char)
                0x0000000000010480                md_vdp::putword(unsigned short)
                0x00000000000105c0                md_vdp::putbyte(unsigned char)
                0x0000000000010670                md_vdp::readword()
                0x0000000000010730                md_vdp::readbyte()
                0x0000000000010790                md_vdp::command(unsigned short)
                0x0000000000010960                md_vdp::writeword(unsigned short)
                0x00000000000109f0                md_vdp::writebyte(unsigned char)
                0x0000000000010a80                md_vdp::write_reg(unsigned char, unsigned char)
 .text          0x0000000000010ae0      0xba0 save.o
                0x0000000000010ae0                md::m68k_state_dump()
                0x0000000000010b70                md::m68k_state_restore()
                0x0000000000010c00                md::z80_state_dump()
                0x0000000000010cb0                md::z80_state_restore()
                0x0000000000010d70                md::import_gst(__sFILE*)
                0x0000000000011300                md::export_gst(__sFILE*)
 .text          0x0000000000011680      0xa10 getopt.o
                0x0000000000011730                getenv
                0x0000000000011740                _getopt_internal
                0x0000000000012030                getopt
                0x0000000000012060                getopt_long
 .text          0x0000000000012090      0x9c0 sn76496.o
                0x0000000000012090                SN76496_dump
                0x00000000000120c0                SN76496_restore
                0x00000000000120f0                SN76496Write
                0x0000000000012300                SN76496_0_w
                0x0000000000012310                SN76496_1_w
                0x0000000000012320                SN76496_2_w
                0x0000000000012330                SN76496_3_w
                0x0000000000012340                SN76496Update_8_2
                0x00000000000125e0                SN76496Update_16_2
                0x0000000000012870                SN76496_set_clock
                0x00000000000128c0                SN76496_init
                0x0000000000012a40                SN76496_sh_start
 .text          0x0000000000012a50       0x40 cpp_dep.o
                0x0000000000012a50                operator new(unsigned int)
                0x0000000000012a60                operator new[](unsigned int)
                0x0000000000012a70                operator delete(void*)
                0x0000000000012a80                operator delete[](void*)
 .text          0x0000000000012a90      0x3d0 font.o
                0x0000000000012a90                font_select(unsigned int, unsigned int, font_type)
                0x0000000000012b10                font_text_width(char const*, unsigned int, unsigned int, unsigned int, font_type)
                0x0000000000012b60                font_text_max_len(unsigned int, unsigned int, font_type)
                0x0000000000012ba0                font_text(unsigned char*, unsigned int, unsigned int, unsigned int, unsigned int, char const*, unsigned int, unsigned int, font_type)
 .text          0x0000000000012e60        0x0 dgenfont_8x13.o
 .text          0x0000000000012e60     0xb730 sdl.o
                0x0000000000018ae0                cbuf_write(cbuf_t*, unsigned char*, unsigned int)
                0x0000000000018bc0                cbuf_read(unsigned char*, cbuf_t*, unsigned int)
                0x0000000000018ce0                pd_usecs()
                0x0000000000018d00                pd_help()
                0x0000000000018d20                pd_rc()
                0x0000000000018d40                pd_option(char, char const*)
                0x0000000000018e10                pd_graphics_palette_update()
                0x0000000000018e60                pd_graphics_update(bool)
                0x0000000000019bb0                pd_graphics_init(int, int, int)
                0x0000000000019f80                pd_graphics_reinit(int, int, int)
                0x000000000001a1f0                pd_sound_deinit()
                0x000000000001a250                pd_sound_init(long&, unsigned int&)
                0x000000000001a490                pd_sound_rp()
                0x000000000001a4c0                pd_sound_wp()
                0x000000000001a500                pd_sound_write()
                0x000000000001a540                pd_stopped()
                0x000000000001a550                pd_message(char const*, ...)
                0x000000000001c460                pd_handle_events(md&)
                0x000000000001df30                pd_clear_message()
                0x000000000001df50                pd_show_carthead(md&)
                0x000000000001e490                pd_quit()
 .text          0x000000000001e590        0x0 dgenfont_16x26.o
 .text          0x000000000001e590        0x0 dgenfont_7x5.o
 .text          0x000000000001e590      0xee0 prompt.o
                0x000000000001e590                prompt_parse_clean
                0x000000000001e650                prompt_parse
                0x000000000001ed30                prompt_init
                0x000000000001eda0                prompt_push
                0x000000000001ef10                prompt_older
                0x000000000001efa0                prompt_newer
                0x000000000001f030                prompt_put
                0x000000000001f110                prompt_delete
                0x000000000001f1a0                prompt_replace
                0x000000000001f300                prompt_left
                0x000000000001f310                prompt_right
                0x000000000001f370                prompt_begin
                0x000000000001f380                prompt_end
                0x000000000001f3e0                prompt_clear
                0x000000000001f450                prompt_backspace
 .text          0x000000000001f470     0x18b0 scalebit.o
                0x000000000001f470                scale_precondition
                0x000000000001f4e0                scale
 .text          0x0000000000020d20     0x65a0 scale2x.o
                0x0000000000020d20                scale2x_8_def
                0x0000000000020fd0                scale2x_16_def
                0x00000000000212b0                scale2x_32_def
                0x00000000000215b0                scale2x3_8_def
                0x0000000000021a80                scale2x3_16_def
                0x0000000000021fd0                scale2x3_32_def
                0x00000000000224d0                scale2x4_8_def
                0x0000000000022bb0                scale2x4_16_def
                0x0000000000023360                scale2x4_32_def
                0x0000000000023a90                scale2x_8_mmx
                0x0000000000023e90                scale2x_16_mmx
                0x0000000000024290                scale2x_32_mmx
                0x0000000000024690                scale2x3_8_mmx
                0x0000000000024cb0                scale2x3_16_mmx
                0x0000000000025320                scale2x3_32_mmx
                0x0000000000025930                scale2x4_8_mmx
                0x0000000000026190                scale2x4_16_mmx
                0x0000000000026a70                scale2x4_32_mmx
 .text          0x00000000000272c0     0x1180 scale3x.o
                0x00000000000272c0                scale3x_8_def
                0x0000000000027850                scale3x_16_def
                0x0000000000027e60                scale3x_32_def
 .text          0x0000000000028440     0x5420 cz80.o
                0x0000000000028440                Cz80_Read_Dummy
                0x0000000000028450                Cz80_Write_Dummy
                0x0000000000028460                Cz80_Interrupt_Ack_Dummy
                0x0000000000028470                Cz80_RetI_Dummy
                0x0000000000028480                Cz80_Init
                0x0000000000028660                Cz80_Reset
                0x00000000000286f0                Cz80_Exec
                0x000000000002d350                Cz80_Set_IRQ
                0x000000000002d370                Cz80_Set_NMI
                0x000000000002d390                Cz80_Clear_IRQ
                0x000000000002d3a0                Cz80_Clear_NMI
                0x000000000002d3b0                Cz80_Get_CycleToDo
                0x000000000002d3d0                Cz80_Get_CycleRemaining
                0x000000000002d3f0                Cz80_Get_CycleDone
                0x000000000002d410                Cz80_Release_Cycle
                0x000000000002d430                Cz80_Add_Cycle
                0x000000000002d450                Cz80_Set_Ctx
                0x000000000002d460                Cz80_Read_Byte
                0x000000000002d480                Cz80_Read_Word
                0x000000000002d4a0                Cz80_Write_Byte
                0x000000000002d4d0                Cz80_Write_Word
                0x000000000002d500                Cz80_Set_Fetch
                0x000000000002d550                Cz80_Set_ReadB
                0x000000000002d560                Cz80_Set_WriteB
                0x000000000002d570                Cz80_Set_ReadW
                0x000000000002d580                Cz80_Set_WriteW
                0x000000000002d590                Cz80_Set_INPort
                0x000000000002d5a0                Cz80_Set_OUTPort
                0x000000000002d5b0                Cz80_Set_IRQ_Callback
                0x000000000002d5c0                Cz80_Set_RETI_Callback
                0x000000000002d5d0                Cz80_Get_BC
                0x000000000002d5e0                Cz80_Get_DE
                0x000000000002d5f0                Cz80_Get_HL
                0x000000000002d600                Cz80_Get_AF
                0x000000000002d620                Cz80_Get_BC2
                0x000000000002d630                Cz80_Get_DE2
                0x000000000002d640                Cz80_Get_HL2
                0x000000000002d650                Cz80_Get_AF2
                0x000000000002d670                Cz80_Get_IX
                0x000000000002d680                Cz80_Get_IY
                0x000000000002d690                Cz80_Get_SP
                0x000000000002d6a0                Cz80_Get_PC
                0x000000000002d6b0                Cz80_Get_R
                0x000000000002d6c0                Cz80_Get_IFF
                0x000000000002d6e0                Cz80_Get_IM
                0x000000000002d6f0                Cz80_Get_I
                0x000000000002d700                Cz80_Set_BC
                0x000000000002d710                Cz80_Set_DE
                0x000000000002d720                Cz80_Set_HL
                0x000000000002d730                Cz80_Set_AF
                0x000000000002d750                Cz80_Set_BC2
                0x000000000002d760                Cz80_Set_DE2
                0x000000000002d770                Cz80_Set_HL2
                0x000000000002d780                Cz80_Set_AF2
                0x000000000002d7a0                Cz80_Set_IX
                0x000000000002d7b0                Cz80_Set_IY
                0x000000000002d7c0                Cz80_Set_SP
                0x000000000002d7d0                Cz80_Set_PC
                0x000000000002d7f0                Cz80_Set_R
                0x000000000002d810                Cz80_Set_IFF
                0x000000000002d840                Cz80_Set_IM
                0x000000000002d850                Cz80_Set_I
 .text          0x000000000002d860     0x1630 m68kcpu.o
                0x000000000002e110                m68k_get_reg
                0x000000000002e320                m68k_set_int_ack_callback
                0x000000000002e340                m68k_set_bkpt_ack_callback
                0x000000000002e360                m68k_set_reset_instr_callback
                0x000000000002e380                m68k_set_cmpild_instr_callback
                0x000000000002e3a0                m68k_set_rte_instr_callback
                0x000000000002e3c0                m68k_set_tas_instr_callback
                0x000000000002e3e0                m68k_set_pc_changed_callback
                0x000000000002e400                m68k_set_fc_callback
                0x000000000002e420                m68k_set_instr_hook_callback
                0x000000000002e440                m68k_register_memory
                0x000000000002e460                m68k_set_cpu_type
                0x000000000002e670                m68k_set_reg
                0x000000000002e8b0                m68k_execute
                0x000000000002ea40                m68k_cycles_run
                0x000000000002ea50                m68k_cycles_remaining
                0x000000000002ea60                m68k_modify_timeslice
                0x000000000002ea90                m68k_end_timeslice
                0x000000000002eab0                m68k_set_irq
                0x000000000002eb20                m68k_init
                0x000000000002eba0                m68k_pulse_reset
                0x000000000002ee10                m68k_pulse_halt
                0x000000000002ee20                m68k_context_size
                0x000000000002ee30                m68k_get_context
                0x000000000002ee60                m68k_set_context
 .text          0x000000000002ee90    0x34980 m68kops.o
                0x000000000002ef60                m68k_op_abcd_8_rr
                0x000000000002f020                m68k_op_add_8_er_d
                0x000000000002f090                m68k_op_add_16_er_d
                0x000000000002f100                m68k_op_add_16_er_a
                0x000000000002f170                m68k_op_add_32_er_d
                0x000000000002f1e0                m68k_op_add_32_er_a
                0x000000000002f250                m68k_op_adda_16_d
                0x000000000002f280                m68k_op_adda_16_a
                0x000000000002f2b0                m68k_op_adda_32_d
                0x000000000002f2e0                m68k_op_adda_32_a
                0x000000000002f310                m68k_op_addq_8_d
                0x000000000002f370                m68k_op_addq_16_d
                0x000000000002f3e0                m68k_op_addq_32_d
                0x000000000002f440                m68k_op_addq_32_a
                0x000000000002f470                m68k_op_addq_16_a
                0x000000000002f480                m68k_op_addx_8_rr
                0x000000000002f500                m68k_op_addx_16_rr
                0x000000000002f580                m68k_op_addx_32_rr
                0x000000000002f600                m68k_op_and_8_er_d
                0x000000000002f650                m68k_op_and_16_er_d
                0x000000000002f6b0                m68k_op_and_32_er_d
                0x000000000002f700                m68k_op_asr_8_s
                0x000000000002f790                m68k_op_asr_16_s
                0x000000000002f830                m68k_op_asr_32_s
                0x000000000002f8c0                m68k_op_asr_8_r
                0x000000000002fa10                m68k_op_asr_16_r
                0x000000000002fb70                m68k_op_asr_32_r
                0x000000000002fcd0                m68k_op_asl_8_s
                0x000000000002fd80                m68k_op_asl_16_s
                0x000000000002fe40                m68k_op_asl_32_s
                0x000000000002fee0                m68k_op_asl_8_r
                0x0000000000030010                m68k_op_asl_16_r
                0x0000000000030150                m68k_op_asl_32_r
                0x0000000000030280                m68k_op_bchg_32_r_d
                0x00000000000302c0                m68k_op_bclr_32_r_d
                0x0000000000030300                m68k_op_bra_8
                0x0000000000030330                m68k_op_bra_32
                0x0000000000030360                m68k_op_bset_32_r_d
                0x00000000000303a0                m68k_op_btst_32_r_d
                0x00000000000303d0                m68k_op_clr_8_d
                0x0000000000030420                m68k_op_clr_16_d
                0x0000000000030470                m68k_op_clr_32_d
                0x00000000000304b0                m68k_op_cmp_8_d
                0x0000000000030510                m68k_op_cmp_16_d
                0x0000000000030580                m68k_op_cmp_16_a
                0x00000000000305f0                m68k_op_cmp_32_d
                0x0000000000030650                m68k_op_cmp_32_a
                0x00000000000306b0                m68k_op_cmpa_16_d
                0x0000000000030720                m68k_op_cmpa_16_a
                0x0000000000030790                m68k_op_cmpa_32_d
                0x00000000000307f0                m68k_op_cmpa_32_a
                0x0000000000030850                m68k_op_dbt_16
                0x0000000000030860                m68k_op_eor_8_d
                0x00000000000308c0                m68k_op_eor_16_d
                0x0000000000030920                m68k_op_eor_32_d
                0x0000000000030970                m68k_op_exg_32_dd
                0x00000000000309a0                m68k_op_exg_32_aa
                0x00000000000309e0                m68k_op_exg_32_da
                0x0000000000030a20                m68k_op_ext_16
                0x0000000000030a80                m68k_op_ext_32
                0x0000000000030ad0                m68k_op_jmp_32_ai
                0x0000000000030b00                m68k_op_lsr_8_s
                0x0000000000030b90                m68k_op_lsr_16_s
                0x0000000000030c20                m68k_op_lsr_32_s
                0x0000000000030ca0                m68k_op_lsr_8_r
                0x0000000000030da0                m68k_op_lsr_16_r
                0x0000000000030eb0                m68k_op_lsr_32_r
                0x0000000000030fc0                m68k_op_lsl_8_s
                0x0000000000031040                m68k_op_lsl_16_s
                0x00000000000310d0                m68k_op_lsl_32_s
                0x0000000000031150                m68k_op_lsl_8_r
                0x0000000000031250                m68k_op_lsl_16_r
                0x0000000000031360                m68k_op_lsl_32_r
                0x0000000000031470                m68k_op_move_8_d_d
                0x00000000000314c0                m68k_op_move_16_d_d
                0x0000000000031510                m68k_op_move_16_d_a
                0x0000000000031560                m68k_op_move_32_d_d
                0x00000000000315b0                m68k_op_move_32_d_a
                0x0000000000031600                m68k_op_movea_16_d
                0x0000000000031620                m68k_op_movea_16_a
                0x0000000000031640                m68k_op_movea_32_d
                0x0000000000031660                m68k_op_movea_32_a
                0x0000000000031680                m68k_op_lea_32_ai
                0x0000000000031690                m68k_op_move_16_toc_d
                0x00000000000316f0                m68k_op_move_16_frs_d
                0x00000000000317b0                m68k_op_moveq_32
                0x00000000000317f0                m68k_op_muls_16_d
                0x0000000000031840                m68k_op_mulu_16_d
                0x0000000000031890                m68k_op_nbcd_8_d
                0x0000000000031950                m68k_op_neg_8_d
                0x00000000000319a0                m68k_op_neg_16_d
                0x0000000000031a00                m68k_op_neg_32_d
                0x0000000000031a50                m68k_op_negx_8_d
                0x0000000000031ab0                m68k_op_negx_16_d
                0x0000000000031b20                m68k_op_negx_32_d
                0x0000000000031b80                m68k_op_nop
                0x0000000000031b90                m68k_op_not_8_d
                0x0000000000031be0                m68k_op_not_16_d
                0x0000000000031c30                m68k_op_not_32_d
                0x0000000000031c70                m68k_op_or_8_er_d
                0x0000000000031cd0                m68k_op_or_16_er_d
                0x0000000000031d30                m68k_op_or_32_er_d
                0x0000000000031d80                m68k_op_ror_8_s
                0x0000000000031e20                m68k_op_ror_16_s
                0x0000000000031ec0                m68k_op_ror_32_s
                0x0000000000031f40                m68k_op_ror_8_r
                0x0000000000032010                m68k_op_ror_16_r
                0x00000000000320f0                m68k_op_ror_32_r
                0x00000000000321c0                m68k_op_rol_8_s
                0x0000000000032260                m68k_op_rol_16_s
                0x0000000000032300                m68k_op_rol_32_s
                0x0000000000032380                m68k_op_rol_8_r
                0x0000000000032460                m68k_op_rol_16_r
                0x0000000000032510                m68k_op_rol_32_r
                0x00000000000325e0                m68k_op_roxr_8_s
                0x0000000000032670                m68k_op_roxr_16_s
                0x0000000000032710                m68k_op_roxr_32_s
                0x00000000000327e0                m68k_op_roxr_8_r
                0x00000000000328c0                m68k_op_roxr_16_r
                0x00000000000329b0                m68k_op_roxr_32_r
                0x0000000000032ac0                m68k_op_roxl_8_s
                0x0000000000032b50                m68k_op_roxl_16_s
                0x0000000000032bf0                m68k_op_roxl_32_s
                0x0000000000032cd0                m68k_op_roxl_8_r
                0x0000000000032db0                m68k_op_roxl_16_r
                0x0000000000032ea0                m68k_op_roxl_32_r
                0x0000000000032fb0                m68k_op_sbcd_8_rr
                0x0000000000033080                m68k_op_st_8_d
                0x00000000000330a0                m68k_op_sf_8_d
                0x00000000000330c0                m68k_op_sub_8_er_d
                0x0000000000033130                m68k_op_sub_16_er_d
                0x00000000000331b0                m68k_op_sub_16_er_a
                0x0000000000033230                m68k_op_sub_32_er_d
                0x00000000000332a0                m68k_op_sub_32_er_a
                0x0000000000033310                m68k_op_suba_16_d
                0x0000000000033340                m68k_op_suba_16_a
                0x0000000000033370                m68k_op_suba_32_d
                0x00000000000333a0                m68k_op_suba_32_a
                0x00000000000333d0                m68k_op_subq_8_d
                0x0000000000033440                m68k_op_subq_16_d
                0x00000000000334b0                m68k_op_subq_32_d
                0x0000000000033510                m68k_op_subq_32_a
                0x0000000000033540                m68k_op_subq_16_a
                0x0000000000033550                m68k_op_subx_8_rr
                0x00000000000335d0                m68k_op_subx_16_rr
                0x0000000000033660                m68k_op_subx_32_rr
                0x00000000000336e0                m68k_op_swap_32
                0x0000000000033720                m68k_op_tas_8_d
                0x0000000000033770                m68k_op_tst_8_d
                0x00000000000337b0                m68k_op_tst_16_d
                0x00000000000337f0                m68k_op_tst_32_d
                0x0000000000033850                m68k_op_blt_32
                0x0000000000033880                m68k_op_bge_32
                0x00000000000338b0                m68k_op_bmi_32
                0x00000000000338e0                m68k_op_bpl_32
                0x0000000000033910                m68k_op_bvs_32
                0x0000000000033940                m68k_op_bvc_32
                0x0000000000033970                m68k_op_beq_32
                0x00000000000339a0                m68k_op_bne_32
                0x00000000000339d0                m68k_op_bcs_32
                0x0000000000033a00                m68k_op_bcc_32
                0x0000000000033a30                m68k_op_bhi_32
                0x0000000000033a60                m68k_op_bgt_8
                0x0000000000033aa0                m68k_op_blt_8
                0x0000000000033ad0                m68k_op_bge_8
                0x0000000000033b00                m68k_op_bmi_8
                0x0000000000033b30                m68k_op_bpl_8
                0x0000000000033b60                m68k_op_bvs_8
                0x0000000000033b90                m68k_op_bvc_8
                0x0000000000033bc0                m68k_op_beq_8
                0x0000000000033bf0                m68k_op_bne_8
                0x0000000000033c20                m68k_op_bcs_8
                0x0000000000033c50                m68k_op_bcc_8
                0x0000000000033c80                m68k_op_bhi_8
                0x0000000000033cb0                m68k_op_bgt_32
                0x0000000000033cf0                m68k_op_ble_32
                0x0000000000033d40                m68k_op_ble_8
                0x0000000000033d80                m68k_op_slt_8_d
                0x0000000000033dc0                m68k_op_sge_8_d
                0x0000000000033e00                m68k_op_smi_8_d
                0x0000000000033e30                m68k_op_spl_8_d
                0x0000000000033e60                m68k_op_svs_8_d
                0x0000000000033e90                m68k_op_svc_8_d
                0x0000000000033ec0                m68k_op_seq_8_d
                0x0000000000033ef0                m68k_op_sne_8_d
                0x0000000000033f20                m68k_op_scs_8_d
                0x0000000000033f50                m68k_op_scc_8_d
                0x0000000000033f80                m68k_op_shi_8_d
                0x0000000000033fc0                m68k_op_sgt_8_d
                0x0000000000034000                m68k_op_sle_8_d
                0x0000000000034160                m68k_op_bsr_32
                0x00000000000341a0                m68k_op_bsr_8
                0x00000000000341b0                m68k_op_jsr_32_ai
                0x00000000000341f0                m68k_op_pea_32_ai
                0x0000000000034220                m68k_op_clr_32_ai
                0x0000000000034270                m68k_op_clr_32_pi
                0x00000000000342d0                m68k_op_clr_32_pd
                0x0000000000034330                m68k_op_move_32_ai_d
                0x0000000000034390                m68k_op_move_32_ai_a
                0x00000000000343f0                m68k_op_move_32_pi_d
                0x0000000000034460                m68k_op_move_32_pi_a
                0x0000000000034600                m68k_op_clr_16_ai
                0x0000000000034650                m68k_op_clr_16_pi
                0x00000000000346b0                m68k_op_clr_16_pd
                0x0000000000034710                m68k_op_move_16_ai_d
                0x0000000000034770                m68k_op_move_16_ai_a
                0x00000000000347d0                m68k_op_move_16_pi_d
                0x0000000000034840                m68k_op_move_16_pi_a
                0x00000000000348b0                m68k_op_move_16_pd_d
                0x0000000000034920                m68k_op_move_16_pd_a
                0x0000000000034990                m68k_op_move_32_pd_d
                0x0000000000034a10                m68k_op_move_32_pd_a
                0x0000000000034a90                m68k_op_move_16_frs_ai
                0x0000000000034b30                m68k_op_move_16_frs_pi
                0x0000000000034be0                m68k_op_move_16_frs_pd
                0x0000000000034d70                m68k_op_1010
                0x0000000000034eb0                m68k_op_chk_16_d
                0x0000000000034f20                m68k_op_divs_16_d
                0x0000000000035000                m68k_op_divu_16_d
                0x0000000000035080                m68k_op_trapv
                0x00000000000350a0                m68k_op_trap
                0x00000000000350b0                m68k_op_add_32_er_i
                0x0000000000035130                m68k_op_adda_32_i
                0x0000000000035170                m68k_op_addi_32_d
                0x00000000000351f0                m68k_op_and_32_er_i
                0x0000000000035250                m68k_op_andi_32_d
                0x00000000000352b0                m68k_op_clr_16_al
                0x0000000000035310                m68k_op_clr_32_al
                0x0000000000035370                m68k_op_cmp_32_i
                0x00000000000353f0                m68k_op_cmpa_32_i
                0x0000000000035470                m68k_op_cmpi_32_d
                0x00000000000354e0                m68k_op_eori_32_d
                0x0000000000035540                m68k_op_jmp_32_al
                0x0000000000035580                m68k_op_jsr_32_al
                0x00000000000355d0                m68k_op_move_16_al_d
                0x0000000000035640                m68k_op_move_16_al_a
                0x00000000000356b0                m68k_op_move_32_d_i
                0x0000000000035710                m68k_op_move_32_ai_i
                0x0000000000035780                m68k_op_move_32_pi_i
                0x0000000000035800                m68k_op_move_32_pd_i
                0x0000000000035890                m68k_op_move_32_al_d
                0x00000000000358f0                m68k_op_move_32_al_a
                0x0000000000035950                m68k_op_move_32_al_i
                0x00000000000359c0                m68k_op_movea_32_i
                0x0000000000035a00                m68k_op_lea_32_al
                0x0000000000035a10                m68k_op_move_16_frs_al
                0x0000000000035ac0                m68k_op_or_32_er_i
                0x0000000000035b30                m68k_op_ori_32_d
                0x0000000000035b90                m68k_op_pea_32_al
                0x0000000000035bd0                m68k_op_sub_32_er_i
                0x0000000000035c50                m68k_op_suba_32_i
                0x0000000000035c90                m68k_op_subi_32_d
                0x0000000000035d10                m68k_op_add_32_er_ai
                0x0000000000035d90                m68k_op_adda_32_ai
                0x0000000000035dd0                m68k_op_and_32_er_ai
                0x0000000000035e30                m68k_op_cmp_32_ai
                0x0000000000035ea0                m68k_op_cmpa_32_ai
                0x0000000000035f10                m68k_op_cmpi_32_ai
                0x0000000000035f90                m68k_op_move_32_d_ai
                0x0000000000035ff0                m68k_op_move_32_ai_ai
                0x0000000000036050                m68k_op_move_32_pi_ai
                0x00000000000360c0                m68k_op_move_32_pd_ai
                0x0000000000036140                m68k_op_move_32_al_ai
                0x00000000000361b0                m68k_op_movea_32_ai
                0x00000000000361e0                m68k_op_or_32_er_ai
                0x0000000000036240                m68k_op_sub_32_er_ai
                0x00000000000362c0                m68k_op_suba_32_ai
                0x0000000000036300                m68k_op_tst_32_ai
                0x0000000000036370                m68k_op_add_32_er_pi
                0x00000000000363e0                m68k_op_cmp_32_pi
                0x0000000000036440                m68k_op_cmpa_32_pi
                0x00000000000364a0                m68k_op_move_32_pd_pi
                0x0000000000036510                m68k_op_sub_32_er_pi
                0x0000000000036580                m68k_op_cmpi_32_pi
                0x0000000000036620                m68k_op_add_32_er_pd
                0x0000000000036690                m68k_op_cmp_32_pd
                0x00000000000366f0                m68k_op_cmpa_32_pd
                0x0000000000036750                m68k_op_move_32_pi_pd
                0x00000000000367b0                m68k_op_move_32_pd_pd
                0x0000000000036820                m68k_op_sub_32_er_pd
                0x0000000000036890                m68k_op_cmpi_32_pd
                0x0000000000036900                m68k_op_move_32_al_pd
                0x0000000000036990                m68k_op_cmpa_32_al
                0x00000000000369f0                m68k_op_move_32_pd_al
                0x0000000000036a60                m68k_op_cmpi_32_al
                0x0000000000036ad0                m68k_op_add_32_re_ai
                0x0000000000036b50                m68k_op_add_32_re_pi
                0x0000000000036be0                m68k_op_add_32_re_pd
                0x0000000000036c70                m68k_op_add_32_re_al
                0x0000000000036d00                m68k_op_addi_32_ai
                0x0000000000036d90                m68k_op_addi_32_pi
                0x0000000000036e30                m68k_op_addi_32_pd
                0x0000000000036ed0                m68k_op_addi_32_al
                0x0000000000036f70                m68k_op_addq_32_ai
                0x0000000000036fe0                m68k_op_addq_32_pi
                0x0000000000037060                m68k_op_addq_32_pd
                0x00000000000370e0                m68k_op_addq_32_al
                0x0000000000037160                m68k_op_addx_32_mm
                0x00000000000371f0                m68k_op_and_32_re_ai
                0x0000000000037250                m68k_op_and_32_re_pi
                0x00000000000372c0                m68k_op_and_32_re_pd
                0x0000000000037330                m68k_op_and_32_re_al
                0x00000000000373a0                m68k_op_andi_32_ai
                0x0000000000037410                m68k_op_andi_32_pi
                0x0000000000037490                m68k_op_andi_32_pd
                0x0000000000037510                m68k_op_andi_32_al
                0x0000000000037740                m68k_op_eor_32_ai
                0x00000000000377a0                m68k_op_eor_32_pi
                0x0000000000037810                m68k_op_eor_32_pd
                0x0000000000037880                m68k_op_eor_32_al
                0x00000000000378f0                m68k_op_eori_32_ai
                0x0000000000037960                m68k_op_eori_32_pi
                0x00000000000379e0                m68k_op_eori_32_pd
                0x0000000000037a60                m68k_op_eori_32_al
                0x0000000000037ae0                m68k_op_neg_32_ai
                0x0000000000037b40                m68k_op_neg_32_pi
                0x0000000000037bb0                m68k_op_neg_32_pd
                0x0000000000037c20                m68k_op_neg_32_al
                0x0000000000037c90                m68k_op_negx_32_ai
                0x0000000000037d00                m68k_op_negx_32_pi
                0x0000000000037d80                m68k_op_negx_32_pd
                0x0000000000037e00                m68k_op_negx_32_al
                0x0000000000037e70                m68k_op_not_32_ai
                0x0000000000037ec0                m68k_op_not_32_pi
                0x0000000000037f20                m68k_op_not_32_pd
                0x0000000000037f80                m68k_op_not_32_al
                0x0000000000037fe0                m68k_op_or_32_re_ai
                0x0000000000038040                m68k_op_or_32_re_pi
                0x00000000000380b0                m68k_op_or_32_re_pd
                0x0000000000038120                m68k_op_or_32_re_al
                0x0000000000038190                m68k_op_ori_32_ai
                0x0000000000038200                m68k_op_ori_32_pi
                0x0000000000038280                m68k_op_ori_32_pd
                0x0000000000038300                m68k_op_ori_32_al
                0x0000000000038380                m68k_op_rts_32
                0x00000000000383a0                m68k_op_unlk_32
                0x00000000000383e0                m68k_op_sub_32_re_ai
                0x0000000000038460                m68k_op_sub_32_re_pi
                0x00000000000384f0                m68k_op_sub_32_re_pd
                0x0000000000038580                m68k_op_sub_32_re_al
                0x0000000000038610                m68k_op_subi_32_ai
                0x00000000000386a0                m68k_op_subi_32_pi
                0x0000000000038740                m68k_op_subi_32_pd
                0x00000000000387e0                m68k_op_subi_32_al
                0x0000000000038870                m68k_op_subq_32_ai
                0x00000000000388e0                m68k_op_subq_32_pi
                0x0000000000038960                m68k_op_subq_32_pd
                0x00000000000389e0                m68k_op_subq_32_al
                0x0000000000038a60                m68k_op_subx_32_mm
                0x0000000000038af0                m68k_op_unlk_32_a7
                0x0000000000038b10                m68k_op_move_32_fru
                0x0000000000038b40                m68k_op_move_32_tou
                0x0000000000038b70                m68k_op_reset
                0x0000000000038ba0                m68k_op_move_16_tos_d
                0x0000000000038cb0                m68k_op_add_8_er_pd
                0x0000000000038d20                m68k_op_and_8_er_pd
                0x0000000000038d70                m68k_op_btst_8_r_pd
                0x0000000000038da0                m68k_op_cmp_8_pd
                0x0000000000038df0                m68k_op_move_8_d_pd
                0x0000000000038e40                m68k_op_or_8_er_pd
                0x0000000000038e90                m68k_op_sub_8_er_pd
                0x0000000000038f00                m68k_op_tst_8_pd
                0x0000000000038f30                m68k_op_add_8_er_pd7
                0x0000000000038fa0                m68k_op_and_8_er_pd7
                0x0000000000039000                m68k_op_btst_8_r_pd7
                0x0000000000039040                m68k_op_cmp_8_pd7
                0x00000000000390a0                m68k_op_move_8_d_pd7
                0x0000000000039100                m68k_op_or_8_er_pd7
                0x0000000000039160                m68k_op_sub_8_er_pd7
                0x00000000000391d0                m68k_op_tst_8_pd7
                0x0000000000039210                m68k_op_add_8_er_ai
                0x0000000000039280                m68k_op_and_8_er_ai
                0x00000000000392e0                m68k_op_btst_8_r_ai
                0x0000000000039320                m68k_op_cmp_8_ai
                0x0000000000039380                m68k_op_move_8_d_ai
                0x00000000000393e0                m68k_op_or_8_er_ai
                0x0000000000039440                m68k_op_sub_8_er_ai
                0x00000000000394b0                m68k_op_tst_8_ai
                0x0000000000039520                m68k_op_add_8_er_pi
                0x0000000000039590                m68k_op_sub_8_er_pi
                0x0000000000039600                m68k_op_add_8_er_pi7
                0x0000000000039670                m68k_op_and_8_er_pi7
                0x00000000000396d0                m68k_op_btst_8_r_pi7
                0x0000000000039710                m68k_op_cmp_8_pi7
                0x0000000000039770                m68k_op_cmpm_8_axy7
                0x00000000000397d0                m68k_op_move_8_d_pi7
                0x0000000000039830                m68k_op_or_8_er_pi7
                0x0000000000039890                m68k_op_sub_8_er_pi7
                0x0000000000039900                m68k_op_tst_8_pi7
                0x0000000000039940                m68k_op_cmpm_8_ay7
                0x00000000000399b0                m68k_op_tas_8_ai
                0x00000000000399f0                m68k_op_tas_8_pi
                0x0000000000039a40                m68k_op_tas_8_pi7
                0x0000000000039a80                m68k_op_tas_8_pd
                0x0000000000039ad0                m68k_op_tas_8_pd7
                0x0000000000039b10                m68k_op_tas_8_al
                0x0000000000039c20                m68k_op_abcd_8_mm_ax7
                0x0000000000039ce0                m68k_op_abcd_8_mm_ay7
                0x0000000000039db0                m68k_op_abcd_8_mm_axy7
                0x0000000000039e70                m68k_op_abcd_8_mm
                0x0000000000039f30                m68k_op_add_8_re_ai
                0x0000000000039fa0                m68k_op_add_8_re_pi
                0x000000000003a020                m68k_op_add_8_re_pi7
                0x000000000003a090                m68k_op_add_8_re_pd
                0x000000000003a110                m68k_op_add_8_re_pd7
                0x000000000003a180                m68k_op_add_8_re_al
                0x000000000003a200                m68k_op_addq_8_ai
                0x000000000003a260                m68k_op_addq_8_pi
                0x000000000003a2d0                m68k_op_addq_8_pi7
                0x000000000003a330                m68k_op_addq_8_pd
                0x000000000003a3a0                m68k_op_addq_8_pd7
                0x000000000003a400                m68k_op_addq_8_al
                0x000000000003a470                m68k_op_addx_8_mm_ax7
                0x000000000003a4e0                m68k_op_addx_8_mm_ay7
                0x000000000003a570                m68k_op_addx_8_mm_axy7
                0x000000000003a5e0                m68k_op_addx_8_mm
                0x000000000003a660                m68k_op_and_8_re_ai
                0x000000000003a6c0                m68k_op_and_8_re_pi
                0x000000000003a730                m68k_op_and_8_re_pi7
                0x000000000003a790                m68k_op_and_8_re_pd
                0x000000000003a800                m68k_op_and_8_re_pd7
                0x000000000003a860                m68k_op_and_8_re_al
                0x000000000003a8d0                m68k_op_bchg_8_r_ai
                0x000000000003a920                m68k_op_bchg_8_r_pi
                0x000000000003a980                m68k_op_bchg_8_r_pi7
                0x000000000003a9d0                m68k_op_bchg_8_r_pd
                0x000000000003aa30                m68k_op_bchg_8_r_pd7
                0x000000000003aa80                m68k_op_bchg_8_r_al
                0x000000000003aae0                m68k_op_bclr_8_r_ai
                0x000000000003ab40                m68k_op_bclr_8_r_pi
                0x000000000003abb0                m68k_op_bclr_8_r_pi7
                0x000000000003ac10                m68k_op_bclr_8_r_pd
                0x000000000003ac70                m68k_op_bclr_8_r_pd7
                0x000000000003acd0                m68k_op_bclr_8_r_al
                0x000000000003ad30                m68k_op_bset_8_r_ai
                0x000000000003ad80                m68k_op_bset_8_r_pi
                0x000000000003ade0                m68k_op_bset_8_r_pi7
                0x000000000003ae30                m68k_op_bset_8_r_pd
                0x000000000003ae90                m68k_op_bset_8_r_pd7
                0x000000000003aee0                m68k_op_bset_8_r_al
                0x000000000003af40                m68k_op_clr_8_ai
                0x000000000003af90                m68k_op_clr_8_pi
                0x000000000003aff0                m68k_op_clr_8_pi7
                0x000000000003b040                m68k_op_clr_8_pd
                0x000000000003b0a0                m68k_op_clr_8_pd7
                0x000000000003b0f0                m68k_op_clr_8_al
                0x000000000003b150                m68k_op_eor_8_ai
                0x000000000003b1b0                m68k_op_eor_8_pi
                0x000000000003b220                m68k_op_eor_8_pi7
                0x000000000003b280                m68k_op_eor_8_pd
                0x000000000003b2f0                m68k_op_eor_8_pd7
                0x000000000003b350                m68k_op_eor_8_al
                0x000000000003b3c0                m68k_op_move_8_ai_d
                0x000000000003b410                m68k_op_move_8_ai_ai
                0x000000000003b470                m68k_op_move_8_ai_pi7
                0x000000000003b4d0                m68k_op_move_8_ai_pd
                0x000000000003b520                m68k_op_move_8_ai_pd7
                0x000000000003b580                m68k_op_move_8_pi7_d
                0x000000000003b5d0                m68k_op_move_8_pi_d
                0x000000000003b630                m68k_op_move_8_pi7_ai
                0x000000000003b690                m68k_op_move_8_pi7_pi7
                0x000000000003b6f0                m68k_op_move_8_pi7_pd
                0x000000000003b740                m68k_op_move_8_pi7_pd7
                0x000000000003b7a0                m68k_op_move_8_pi_ai
                0x000000000003b810                m68k_op_move_8_pi_pi
                0x000000000003b870                m68k_op_move_8_pi_pi7
                0x000000000003b8e0                m68k_op_move_8_pi_pd
                0x000000000003b940                m68k_op_move_8_pi_pd7
                0x000000000003b9b0                m68k_op_move_8_pd7_d
                0x000000000003ba00                m68k_op_move_8_pd_d
                0x000000000003ba60                m68k_op_move_8_pd7_ai
                0x000000000003bac0                m68k_op_move_8_pd7_pi7
                0x000000000003bb20                m68k_op_move_8_pd7_pd
                0x000000000003bb70                m68k_op_move_8_pd7_pd7
                0x000000000003bbd0                m68k_op_move_8_pd_ai
                0x000000000003bc40                m68k_op_move_8_pd_pi
                0x000000000003bca0                m68k_op_move_8_pd_pi7
                0x000000000003bd10                m68k_op_move_8_pd_pd
                0x000000000003bd70                m68k_op_move_8_pd_pd7
                0x000000000003bde0                m68k_op_move_8_al_d
                0x000000000003be40                m68k_op_move_8_al_ai
                0x000000000003beb0                m68k_op_move_8_al_pi7
                0x000000000003bf10                m68k_op_move_8_al_pd
                0x000000000003bf70                m68k_op_move_8_al_pd7
                0x000000000003bfd0                m68k_op_nbcd_8_ai
                0x000000000003c090                m68k_op_nbcd_8_pi
                0x000000000003c160                m68k_op_nbcd_8_pi7
                0x000000000003c220                m68k_op_nbcd_8_pd
                0x000000000003c2f0                m68k_op_nbcd_8_pd7
                0x000000000003c3b0                m68k_op_nbcd_8_al
                0x000000000003c480                m68k_op_neg_8_ai
                0x000000000003c4d0                m68k_op_neg_8_pi
                0x000000000003c530                m68k_op_neg_8_pi7
                0x000000000003c580                m68k_op_neg_8_pd
                0x000000000003c5e0                m68k_op_neg_8_pd7
                0x000000000003c630                m68k_op_neg_8_al
                0x000000000003c690                m68k_op_negx_8_ai
                0x000000000003c6f0                m68k_op_negx_8_pi
                0x000000000003c760                m68k_op_negx_8_pi7
                0x000000000003c7c0                m68k_op_negx_8_pd
                0x000000000003c830                m68k_op_negx_8_pd7
                0x000000000003c890                m68k_op_negx_8_al
                0x000000000003c900                m68k_op_not_8_ai
                0x000000000003c950                m68k_op_not_8_pi
                0x000000000003c9b0                m68k_op_not_8_pi7
                0x000000000003ca00                m68k_op_not_8_pd
                0x000000000003ca60                m68k_op_not_8_pd7
                0x000000000003cab0                m68k_op_not_8_al
                0x000000000003cb10                m68k_op_or_8_re_ai
                0x000000000003cb70                m68k_op_or_8_re_pi
                0x000000000003cbe0                m68k_op_or_8_re_pi7
                0x000000000003cc40                m68k_op_or_8_re_pd
                0x000000000003ccb0                m68k_op_or_8_re_pd7
                0x000000000003cd10                m68k_op_or_8_re_al
                0x000000000003cd80                m68k_op_sbcd_8_mm_ax7
                0x000000000003ce40                m68k_op_sbcd_8_mm_ay7
                0x000000000003cf20                m68k_op_sbcd_8_mm_axy7
                0x000000000003cff0                m68k_op_sbcd_8_mm
                0x000000000003d0c0                m68k_op_st_8_ai
                0x000000000003d0e0                m68k_op_st_8_pi
                0x000000000003d110                m68k_op_st_8_pi7
                0x000000000003d130                m68k_op_st_8_pd
                0x000000000003d160                m68k_op_st_8_pd7
                0x000000000003d180                m68k_op_st_8_al
                0x000000000003d1b0                m68k_op_sf_8_ai
                0x000000000003d1d0                m68k_op_sf_8_pi
                0x000000000003d200                m68k_op_sf_8_pi7
                0x000000000003d220                m68k_op_sf_8_pd
                0x000000000003d250                m68k_op_sf_8_pd7
                0x000000000003d270                m68k_op_sf_8_al
                0x000000000003d2a0                m68k_op_shi_8_ai
                0x000000000003d2e0                m68k_op_shi_8_pi
                0x000000000003d330                m68k_op_shi_8_pi7
                0x000000000003d360                m68k_op_shi_8_pd
                0x000000000003d3a0                m68k_op_shi_8_pd7
                0x000000000003d3d0                m68k_op_shi_8_al
                0x000000000003d420                m68k_op_sls_8_ai
                0x000000000003d460                m68k_op_sls_8_pi
                0x000000000003d4b0                m68k_op_sls_8_pi7
                0x000000000003d4f0                m68k_op_sls_8_pd
                0x000000000003d530                m68k_op_sls_8_pd7
                0x000000000003d570                m68k_op_sls_8_al
                0x000000000003d5c0                m68k_op_scc_8_ai
                0x000000000003d5f0                m68k_op_scc_8_pi
                0x000000000003d630                m68k_op_scc_8_pi7
                0x000000000003d660                m68k_op_scc_8_pd
                0x000000000003d6a0                m68k_op_scc_8_pd7
                0x000000000003d6d0                m68k_op_scc_8_al
                0x000000000003d710                m68k_op_scs_8_ai
                0x000000000003d740                m68k_op_scs_8_pi
                0x000000000003d780                m68k_op_scs_8_pi7
                0x000000000003d7b0                m68k_op_scs_8_pd
                0x000000000003d7f0                m68k_op_scs_8_pd7
                0x000000000003d820                m68k_op_scs_8_al
                0x000000000003d860                m68k_op_sne_8_ai
                0x000000000003d890                m68k_op_sne_8_pi
                0x000000000003d8d0                m68k_op_sne_8_pi7
                0x000000000003d900                m68k_op_sne_8_pd
                0x000000000003d930                m68k_op_sne_8_pd7
                0x000000000003d960                m68k_op_sne_8_al
                0x000000000003d9a0                m68k_op_seq_8_ai
                0x000000000003d9d0                m68k_op_seq_8_pi
                0x000000000003da10                m68k_op_seq_8_pi7
                0x000000000003da40                m68k_op_seq_8_pd
                0x000000000003da80                m68k_op_seq_8_pd7
                0x000000000003dab0                m68k_op_seq_8_al
                0x000000000003daf0                m68k_op_svc_8_ai
                0x000000000003db20                m68k_op_svc_8_pi
                0x000000000003db60                m68k_op_svc_8_pi7
                0x000000000003db90                m68k_op_svc_8_pd
                0x000000000003dbd0                m68k_op_svc_8_pd7
                0x000000000003dc00                m68k_op_svc_8_al
                0x000000000003dc40                m68k_op_svs_8_ai
                0x000000000003dc70                m68k_op_svs_8_pi
                0x000000000003dcb0                m68k_op_svs_8_pi7
                0x000000000003dce0                m68k_op_svs_8_pd
                0x000000000003dd20                m68k_op_svs_8_pd7
                0x000000000003dd50                m68k_op_svs_8_al
                0x000000000003dd90                m68k_op_spl_8_ai
                0x000000000003ddc0                m68k_op_spl_8_pi
                0x000000000003de00                m68k_op_spl_8_pi7
                0x000000000003de30                m68k_op_spl_8_pd
                0x000000000003de70                m68k_op_spl_8_pd7
                0x000000000003dea0                m68k_op_spl_8_al
                0x000000000003dee0                m68k_op_smi_8_ai
                0x000000000003df10                m68k_op_smi_8_pi
                0x000000000003df50                m68k_op_smi_8_pi7
                0x000000000003df80                m68k_op_smi_8_pd
                0x000000000003dfc0                m68k_op_smi_8_pd7
                0x000000000003dff0                m68k_op_smi_8_al
                0x000000000003e030                m68k_op_sge_8_ai
                0x000000000003e070                m68k_op_sge_8_pi
                0x000000000003e0c0                m68k_op_sge_8_pi7
                0x000000000003e0f0                m68k_op_sge_8_pd
                0x000000000003e130                m68k_op_sge_8_pd7
                0x000000000003e160                m68k_op_sge_8_al
                0x000000000003e1b0                m68k_op_slt_8_ai
                0x000000000003e1e0                m68k_op_slt_8_pi
                0x000000000003e220                m68k_op_slt_8_pi7
                0x000000000003e250                m68k_op_slt_8_pd
                0x000000000003e290                m68k_op_slt_8_pd7
                0x000000000003e2c0                m68k_op_slt_8_al
                0x000000000003e310                m68k_op_sgt_8_ai
                0x000000000003e350                m68k_op_sgt_8_pi
                0x000000000003e3a0                m68k_op_sgt_8_pi7
                0x000000000003e3e0                m68k_op_sgt_8_pd
                0x000000000003e430                m68k_op_sgt_8_pd7
                0x000000000003e470                m68k_op_sgt_8_al
                0x000000000003e4c0                m68k_op_sle_8_ai
                0x000000000003e500                m68k_op_sle_8_pi
                0x000000000003e550                m68k_op_sle_8_pi7
                0x000000000003e590                m68k_op_sle_8_pd
                0x000000000003e5e0                m68k_op_sle_8_pd7
                0x000000000003e620                m68k_op_sle_8_al
                0x000000000003e680                m68k_op_sub_8_re_ai
                0x000000000003e6f0                m68k_op_sub_8_re_pi
                0x000000000003e770                m68k_op_sub_8_re_pi7
                0x000000000003e7e0                m68k_op_sub_8_re_pd
                0x000000000003e860                m68k_op_sub_8_re_pd7
                0x000000000003e8d0                m68k_op_sub_8_re_al
                0x000000000003e950                m68k_op_subq_8_ai
                0x000000000003e9b0                m68k_op_subq_8_pi
                0x000000000003ea20                m68k_op_subq_8_pi7
                0x000000000003ea80                m68k_op_subq_8_pd
                0x000000000003eaf0                m68k_op_subq_8_pd7
                0x000000000003eb50                m68k_op_subq_8_al
                0x000000000003ebc0                m68k_op_subx_8_mm_ax7
                0x000000000003ec30                m68k_op_subx_8_mm_ay7
                0x000000000003ecc0                m68k_op_subx_8_mm_axy7
                0x000000000003ed40                m68k_op_subx_8_mm
                0x000000000003eec0                m68k_op_add_8_er_di
                0x000000000003ef30                m68k_op_and_8_er_di
                0x000000000003ef80                m68k_op_btst_8_r_di
                0x000000000003efb0                m68k_op_cmp_8_di
                0x000000000003f000                m68k_op_move_8_d_di
                0x000000000003f050                m68k_op_move_8_ai_di
                0x000000000003f0a0                m68k_op_move_8_pi7_di
                0x000000000003f0f0                m68k_op_move_8_pi_di
                0x000000000003f150                m68k_op_move_8_pd7_di
                0x000000000003f1a0                m68k_op_move_8_pd_di
                0x000000000003f200                m68k_op_move_8_al_di
                0x000000000003f260                m68k_op_or_8_er_di
                0x000000000003f2b0                m68k_op_sub_8_er_di
                0x000000000003f320                m68k_op_tst_8_di
                0x000000000003f3c0                m68k_op_add_8_er_ix
                0x000000000003f430                m68k_op_and_8_er_ix
                0x000000000003f480                m68k_op_cmp_8_ix
                0x000000000003f4d0                m68k_op_move_8_ai_ix
                0x000000000003f520                m68k_op_move_8_pi_ix
                0x000000000003f580                m68k_op_move_8_pd_ix
                0x000000000003f5e0                m68k_op_move_8_al_ix
                0x000000000003f640                m68k_op_sub_8_er_ix
                0x000000000003f6b0                m68k_op_jmp_32_pcix
                0x000000000003f6e0                m68k_op_jsr_32_pcix
                0x000000000003f720                m68k_op_lea_32_pcix
                0x000000000003f750                m68k_op_pea_32_pcix
                0x000000000003f7a0                m68k_op_add_32_er_ix
                0x000000000003f810                m68k_op_cmp_32_ix
                0x000000000003f870                m68k_op_cmpa_32_ix
                0x000000000003f8d0                m68k_op_cmpi_32_ix
                0x000000000003f940                m68k_op_move_32_ai_ix
                0x000000000003f990                m68k_op_move_32_pi_ix
                0x000000000003f9f0                m68k_op_move_32_pd_ix
                0x000000000003fa60                m68k_op_move_32_al_ix
                0x000000000003fac0                m68k_op_sub_32_er_ix
                0x000000000003fb30                m68k_op_add_8_re_ix
                0x000000000003fba0                m68k_op_add_32_re_ix
                0x000000000003fc20                m68k_op_addi_32_ix
                0x000000000003fcb0                m68k_op_addq_8_ix
                0x000000000003fd10                m68k_op_addq_32_ix
                0x000000000003fd80                m68k_op_and_8_re_ix
                0x000000000003fdf0                m68k_op_and_32_re_ix
                0x000000000003fe60                m68k_op_andi_32_ix
                0x000000000003fed0                m68k_op_bchg_8_r_ix
                0x000000000003ff30                m68k_op_bclr_8_r_ix
                0x000000000003ff90                m68k_op_bset_8_r_ix
                0x000000000003fff0                m68k_op_clr_8_ix
                0x0000000000040040                m68k_op_clr_16_ix
                0x0000000000040090                m68k_op_clr_32_ix
                0x00000000000400e0                m68k_op_eor_8_ix
                0x0000000000040150                m68k_op_eor_32_ix
                0x00000000000401c0                m68k_op_eori_32_ix
                0x0000000000040230                m68k_op_jmp_32_ix
                0x0000000000040270                m68k_op_jsr_32_ix
                0x00000000000402b0                m68k_op_lea_32_ix
                0x00000000000402e0                m68k_op_move_8_ix_d
                0x0000000000040340                m68k_op_move_8_ix_ai
                0x00000000000403a0                m68k_op_move_8_ix_pi
                0x00000000000403f0                m68k_op_move_8_ix_pi7
                0x0000000000040450                m68k_op_move_8_ix_pd
                0x00000000000404a0                m68k_op_move_8_ix_pd7
                0x0000000000040500                m68k_op_move_8_ix_di
                0x0000000000040550                m68k_op_move_8_ix_ix
                0x00000000000405a0                m68k_op_move_16_ix_d
                0x0000000000040600                m68k_op_move_16_ix_a
                0x0000000000040660                m68k_op_move_32_ix_d
                0x00000000000406c0                m68k_op_move_32_ix_a
                0x0000000000040720                m68k_op_move_32_ix_ai
                0x0000000000040790                m68k_op_move_32_ix_pd
                0x00000000000407f0                m68k_op_move_32_ix_ix
                0x0000000000040850                m68k_op_move_32_ix_i
                0x00000000000408c0                m68k_op_move_16_frs_ix
                0x0000000000040960                m68k_op_nbcd_8_ix
                0x0000000000040a30                m68k_op_neg_8_ix
                0x0000000000040a90                m68k_op_neg_32_ix
                0x0000000000040af0                m68k_op_negx_8_ix
                0x0000000000040b50                m68k_op_negx_32_ix
                0x0000000000040bc0                m68k_op_not_8_ix
                0x0000000000040c20                m68k_op_not_32_ix
                0x0000000000040c80                m68k_op_or_8_re_ix
                0x0000000000040cf0                m68k_op_or_32_re_ix
                0x0000000000040d60                m68k_op_ori_32_ix
                0x0000000000040dd0                m68k_op_pea_32_ix
                0x0000000000040e00                m68k_op_st_8_ix
                0x0000000000040e30                m68k_op_sf_8_ix
                0x0000000000040e60                m68k_op_shi_8_ix
                0x0000000000040ea0                m68k_op_sls_8_ix
                0x0000000000040ef0                m68k_op_scc_8_ix
                0x0000000000040f30                m68k_op_scs_8_ix
                0x0000000000040f70                m68k_op_sne_8_ix
                0x0000000000040fb0                m68k_op_seq_8_ix
                0x0000000000040ff0                m68k_op_svc_8_ix
                0x0000000000041030                m68k_op_svs_8_ix
                0x0000000000041070                m68k_op_spl_8_ix
                0x00000000000410b0                m68k_op_smi_8_ix
                0x00000000000410f0                m68k_op_sge_8_ix
                0x0000000000041130                m68k_op_slt_8_ix
                0x0000000000041170                m68k_op_sgt_8_ix
                0x00000000000411c0                m68k_op_sle_8_ix
                0x0000000000041210                m68k_op_sub_8_re_ix
                0x0000000000041280                m68k_op_sub_32_re_ix
                0x0000000000041300                m68k_op_subi_32_ix
                0x0000000000041390                m68k_op_subq_8_ix
                0x00000000000413f0                m68k_op_subq_32_ix
                0x0000000000041460                m68k_op_tas_8_ix
                0x00000000000414d0                m68k_op_add_32_er_pcdi
                0x0000000000041540                m68k_op_cmp_32_pcdi
                0x00000000000415a0                m68k_op_cmpa_32_pcdi
                0x0000000000041600                m68k_op_move_32_pd_pcdi
                0x0000000000041670                m68k_op_sub_32_er_pcdi
                0x00000000000416e0                m68k_op_jmp_32_pcdi
                0x0000000000041720                m68k_op_jsr_32_pcdi
                0x0000000000041770                m68k_op_lea_32_pcdi
                0x00000000000417b0                m68k_op_pea_32_pcdi
                0x00000000000417f0                m68k_op_add_8_er_i
                0x0000000000041870                m68k_op_add_16_er_i
                0x0000000000041930                m68k_op_add_32_er_di
                0x00000000000419a0                m68k_op_adda_32_di
                0x00000000000419d0                m68k_op_and_32_er_di
                0x0000000000041a20                m68k_op_cmp_32_di
                0x0000000000041a80                m68k_op_cmpa_32_di
                0x0000000000041ae0                m68k_op_cmpi_32_di
                0x0000000000041b50                m68k_op_move_32_d_di
                0x0000000000041ba0                m68k_op_move_32_ai_di
                0x0000000000041bf0                m68k_op_move_32_pi_di
                0x0000000000041c50                m68k_op_move_32_pd_di
                0x0000000000041cc0                m68k_op_move_32_ix_di
                0x0000000000041d20                m68k_op_move_32_al_di
                0x0000000000041d80                m68k_op_movea_32_di
                0x0000000000041db0                m68k_op_or_32_er_di
                0x0000000000041e00                m68k_op_sub_32_er_di
                0x0000000000041e70                m68k_op_suba_32_di
                0x0000000000041ea0                m68k_op_tst_32_di
                0x0000000000041f00                m68k_op_cmpa_32_aw
                0x0000000000041f60                m68k_op_cmpi_32_aw
                0x0000000000041fd0                m68k_op_move_32_pd_aw
                0x0000000000042040                m68k_op_add_8_re_di
                0x00000000000420d0                m68k_op_add_8_re_aw
                0x0000000000042150                m68k_op_add_32_re_di
                0x00000000000421f0                m68k_op_add_32_re_aw
                0x0000000000042280                m68k_op_adda_16_i
                0x00000000000422c0                m68k_op_addi_8_d
                0x0000000000042340                m68k_op_addi_8_ai
                0x00000000000423c0                m68k_op_addi_8_pi
                0x0000000000042450                m68k_op_addi_8_pi7
                0x00000000000424d0                m68k_op_addi_8_pd
                0x0000000000042550                m68k_op_addi_8_pd7
                0x00000000000425d0                m68k_op_addi_8_di
                0x0000000000042670                m68k_op_addi_8_ix
                0x00000000000426f0                m68k_op_addi_8_aw
                0x0000000000042780                m68k_op_addi_8_al
                0x0000000000042800                m68k_op_addi_16_d
                0x0000000000042880                m68k_op_addi_32_di
                0x0000000000042930                m68k_op_addi_32_aw
                0x00000000000429d0                m68k_op_addq_8_di
                0x0000000000042a50                m68k_op_addq_8_aw
                0x0000000000042ac0                m68k_op_addq_32_di
                0x0000000000042b50                m68k_op_addq_32_aw
                0x0000000000042bd0                m68k_op_and_8_er_i
                0x0000000000042c40                m68k_op_and_16_er_i
                0x0000000000042cb0                m68k_op_and_8_re_di
                0x0000000000042d30                m68k_op_and_8_re_aw
                0x0000000000042da0                m68k_op_and_32_re_di
                0x0000000000042e20                m68k_op_and_32_re_aw
                0x0000000000042e90                m68k_op_andi_8_d
                0x0000000000042f00                m68k_op_andi_8_ai
                0x0000000000042f70                m68k_op_andi_8_pi
                0x0000000000042ff0                m68k_op_andi_8_pi7
                0x0000000000043060                m68k_op_andi_8_pd
                0x00000000000430e0                m68k_op_andi_8_pd7
                0x0000000000043150                m68k_op_andi_8_di
                0x00000000000431e0                m68k_op_andi_8_ix
                0x0000000000043250                m68k_op_andi_8_aw
                0x00000000000432d0                m68k_op_andi_8_al
                0x0000000000043350                m68k_op_andi_16_d
                0x00000000000433c0                m68k_op_andi_32_di
                0x0000000000043450                m68k_op_andi_32_aw
                0x00000000000434d0                m68k_op_andi_16_toc
                0x0000000000043590                m68k_op_bchg_8_r_di
                0x0000000000043600                m68k_op_bchg_8_r_aw
                0x0000000000043660                m68k_op_bchg_32_s_d
                0x00000000000436b0                m68k_op_bchg_8_s_ai
                0x0000000000043710                m68k_op_bchg_8_s_pi
                0x0000000000043780                m68k_op_bchg_8_s_pi7
                0x00000000000437e0                m68k_op_bchg_8_s_pd
                0x0000000000043850                m68k_op_bchg_8_s_pd7
                0x00000000000438b0                m68k_op_bchg_8_s_di
                0x0000000000043930                m68k_op_bchg_8_s_ix
                0x0000000000043990                m68k_op_bchg_8_s_aw
                0x0000000000043a00                m68k_op_bchg_8_s_al
                0x0000000000043a70                m68k_op_bclr_8_r_di
                0x0000000000043af0                m68k_op_bclr_8_r_aw
                0x0000000000043b60                m68k_op_bclr_32_s_d
                0x0000000000043bc0                m68k_op_bclr_8_s_ai
                0x0000000000043c20                m68k_op_bclr_8_s_pi
                0x0000000000043c90                m68k_op_bclr_8_s_pi7
                0x0000000000043cf0                m68k_op_bclr_8_s_pd
                0x0000000000043d60                m68k_op_bclr_8_s_pd7
                0x0000000000043dc0                m68k_op_bclr_8_s_di
                0x0000000000043e40                m68k_op_bclr_8_s_ix
                0x0000000000043ea0                m68k_op_bclr_8_s_aw
                0x0000000000043f10                m68k_op_bclr_8_s_al
                0x0000000000043f80                m68k_op_bra_16
                0x0000000000043fd0                m68k_op_bset_8_r_di
                0x0000000000044040                m68k_op_bset_8_r_aw
                0x00000000000440a0                m68k_op_bset_32_s_d
                0x00000000000440f0                m68k_op_bset_8_s_ai
                0x0000000000044150                m68k_op_bset_8_s_pi
                0x00000000000441c0                m68k_op_bset_8_s_pi7
                0x0000000000044220                m68k_op_bset_8_s_pd
                0x0000000000044290                m68k_op_bset_8_s_pd7
                0x00000000000442f0                m68k_op_bset_8_s_di
                0x0000000000044370                m68k_op_bset_8_s_ix
                0x00000000000443d0                m68k_op_bset_8_s_aw
                0x0000000000044440                m68k_op_bset_8_s_al
                0x00000000000444b0                m68k_op_bsr_16
                0x0000000000044500                m68k_op_btst_8_r_i
                0x0000000000044550                m68k_op_btst_32_s_d
                0x00000000000445a0                m68k_op_btst_8_s_ai
                0x00000000000445f0                m68k_op_btst_8_s_pi7
                0x0000000000044640                m68k_op_btst_8_s_pd
                0x0000000000044680                m68k_op_btst_8_s_pd7
                0x00000000000446d0                m68k_op_btst_8_s_di
                0x0000000000044710                m68k_op_btst_8_s_ix
                0x0000000000044750                m68k_op_chk_16_i
                0x00000000000447e0                m68k_op_clr_8_di
                0x0000000000044850                m68k_op_clr_8_aw
                0x00000000000448b0                m68k_op_clr_16_di
                0x0000000000044920                m68k_op_clr_16_aw
                0x0000000000044980                m68k_op_clr_32_di
                0x00000000000449f0                m68k_op_clr_32_aw
                0x0000000000044a50                m68k_op_cmp_8_i
                0x0000000000044ac0                m68k_op_cmp_16_i
                0x0000000000044b30                m68k_op_cmpa_16_i
                0x0000000000044bb0                m68k_op_cmpi_8_d
                0x0000000000044c20                m68k_op_cmpi_8_ai
                0x0000000000044c90                m68k_op_cmpi_8_pi
                0x0000000000044cf0                m68k_op_cmpi_8_pi7
                0x0000000000044d60                m68k_op_cmpi_8_pd
                0x0000000000044dc0                m68k_op_cmpi_8_pd7
                0x0000000000044e30                m68k_op_cmpi_8_di
                0x0000000000044e90                m68k_op_cmpi_8_ix
                0x0000000000044ef0                m68k_op_cmpi_16_d
                0x0000000000044f60                m68k_op_divs_16_i
                0x0000000000045050                m68k_op_divu_16_i
                0x00000000000450f0                m68k_op_eor_8_di
                0x0000000000045170                m68k_op_eor_8_aw
                0x00000000000451e0                m68k_op_eor_32_di
                0x0000000000045260                m68k_op_eor_32_aw
                0x00000000000452d0                m68k_op_eori_8_d
                0x0000000000045340                m68k_op_eori_8_ai
                0x00000000000453b0                m68k_op_eori_8_pi
                0x0000000000045430                m68k_op_eori_8_pi7
                0x00000000000454a0                m68k_op_eori_8_pd
                0x0000000000045520                m68k_op_eori_8_pd7
                0x0000000000045590                m68k_op_eori_8_di
                0x0000000000045620                m68k_op_eori_8_ix
                0x0000000000045690                m68k_op_eori_8_aw
                0x0000000000045710                m68k_op_eori_8_al
                0x0000000000045790                m68k_op_eori_16_d
                0x0000000000045800                m68k_op_eori_32_di
                0x0000000000045890                m68k_op_eori_32_aw
                0x0000000000045910                m68k_op_eori_16_toc
                0x00000000000459d0                m68k_op_jmp_32_di
                0x0000000000045a20                m68k_op_jmp_32_aw
                0x0000000000045a60                m68k_op_jsr_32_di
                0x0000000000045ac0                m68k_op_jsr_32_aw
                0x0000000000045b10                m68k_op_lea_32_di
                0x0000000000045b60                m68k_op_link_16_a7
                0x0000000000045bb0                m68k_op_link_16
                0x0000000000045c20                m68k_op_move_8_d_i
                0x0000000000045c80                m68k_op_move_8_ai_i
                0x0000000000045cf0                m68k_op_move_8_pi7_i
                0x0000000000045d50                m68k_op_move_8_pi_i
                0x0000000000045dc0                m68k_op_move_8_pd7_i
                0x0000000000045e20                m68k_op_move_8_pd_i
                0x0000000000045e90                m68k_op_move_8_di_d
                0x0000000000045f00                m68k_op_move_8_di_ai
                0x0000000000045f80                m68k_op_move_8_di_pi
                0x0000000000045ff0                m68k_op_move_8_di_pi7
                0x0000000000046070                m68k_op_move_8_di_pd
                0x00000000000460e0                m68k_op_move_8_di_pd7
                0x0000000000046160                m68k_op_move_8_di_di
                0x00000000000461d0                m68k_op_move_8_di_ix
                0x0000000000046240                m68k_op_move_8_di_aw
                0x00000000000462d0                m68k_op_move_8_di_al
                0x0000000000046350                m68k_op_move_8_di_pcdi
                0x00000000000463e0                m68k_op_move_8_di_pcix
                0x0000000000046450                m68k_op_move_8_di_i
                0x00000000000464d0                m68k_op_move_8_ix_i
                0x0000000000046540                m68k_op_move_8_aw_d
                0x00000000000465a0                m68k_op_move_8_aw_ai
                0x0000000000046610                m68k_op_move_8_aw_pi7
                0x0000000000046680                m68k_op_move_8_aw_pd
                0x00000000000466e0                m68k_op_move_8_aw_pd7
                0x0000000000046740                m68k_op_move_8_aw_di
                0x00000000000467a0                m68k_op_move_8_aw_ix
                0x0000000000046800                m68k_op_move_8_aw_i
                0x0000000000046870                m68k_op_move_8_al_i
                0x00000000000468e0                m68k_op_move_16_d_i
                0x0000000000046950                m68k_op_move_16_ai_i
                0x00000000000469c0                m68k_op_move_16_pi_i
                0x0000000000046a40                m68k_op_move_16_pd_i
                0x0000000000046ac0                m68k_op_move_16_di_d
                0x0000000000046b40                m68k_op_move_16_di_a
                0x0000000000046bc0                m68k_op_move_16_di_i
                0x0000000000046c40                m68k_op_move_16_ix_i
                0x0000000000046cb0                m68k_op_move_16_aw_d
                0x0000000000046d20                m68k_op_move_16_aw_a
                0x0000000000046d90                m68k_op_move_16_aw_i
                0x0000000000046e00                m68k_op_move_16_al_i