Archive member included because of file (symbol)

/home/ashish/me/lib/libm.a(s_fabs.o)
                              browser.o (fabs)
/home/ashish/me/lib/libm.a(s_ceil.o)
                              layout.o (ceil)
/home/ashish/me/lib/libm.a(sf_ceil.o)
                              html_redraw.o (ceilf)
/home/ashish/me/lib/libiconv.a(iconv.o)
                              utf8.o (libiconv_open)
/home/ashish/me/lib/libnsbmp.a(libnsbmp.o)
                              bmp.o (bmp_create)
/home/ashish/me/lib/libnsgif.a(libnsgif.o)
                              gif.o (gif_create)
/home/ashish/me/lib/libpng.a(pngerror.o)
                              png.o (png_set_longjmp_fn)
/home/ashish/me/lib/libpng.a(pngget.o)
                              png.o (png_get_valid)
/home/ashish/me/lib/libpng.a(png.o)
                              png.o (png_get_io_ptr)
/home/ashish/me/lib/libpng.a(pngpread.o)
                              png.o (png_get_progressive_ptr)
/home/ashish/me/lib/libpng.a(pngread.o)
                              png.o (png_destroy_read_struct)
/home/ashish/me/lib/libpng.a(pngrio.o)
                              png.o (png_set_read_fn)
/home/ashish/me/lib/libpng.a(pngrtran.o)
                              png.o (png_set_strip_16)
/home/ashish/me/lib/libpng.a(pngrutil.o)
                              /home/ashish/me/lib/libpng.a(pngpread.o) (png_read_filter_row)
/home/ashish/me/lib/libpng.a(pngset.o)
                              /home/ashish/me/lib/libpng.a(pngrutil.o) (png_set_oFFs)
/home/ashish/me/lib/libpng.a(pngtrans.o)
                              /home/ashish/me/lib/libpng.a(pngread.o) (png_set_bgr)
/home/ashish/me/lib/libpng.a(pngmem.o)
                              /home/ashish/me/lib/libpng.a(pngread.o) (png_set_mem_fn)
/home/ashish/me/lib/libjpeg.a(jdapimin.o)
                              jpeg.o (jpeg_finish_decompress)
/home/ashish/me/lib/libjpeg.a(jdapistd.o)
                              jpeg.o (jpeg_read_scanlines)
/home/ashish/me/lib/libjpeg.a(jdinput.o)
                              /home/ashish/me/lib/libjpeg.a(jdapimin.o) (jinit_input_controller)
/home/ashish/me/lib/libjpeg.a(jdmarker.o)
                              jpeg.o (jpeg_resync_to_restart)
/home/ashish/me/lib/libjpeg.a(jdmaster.o)
                              jpeg.o (jpeg_calc_output_dimensions)
/home/ashish/me/lib/libjpeg.a(jdmerge.o)
                              /home/ashish/me/lib/libjpeg.a(jdmaster.o) (jinit_merged_upsampler)
/home/ashish/me/lib/libjpeg.a(jdphuff.o)
                              /home/ashish/me/lib/libjpeg.a(jdmaster.o) (jinit_phuff_decoder)
/home/ashish/me/lib/libjpeg.a(jdpostct.o)
                              /home/ashish/me/lib/libjpeg.a(jdmaster.o) (jinit_d_post_controller)
/home/ashish/me/lib/libjpeg.a(jdsample.o)
                              /home/ashish/me/lib/libjpeg.a(jdmaster.o) (jinit_upsampler)
/home/ashish/me/lib/libjpeg.a(jerror.o)
                              jpeg.o (jpeg_std_error)
/home/ashish/me/lib/libjpeg.a(jquant1.o)
                              /home/ashish/me/lib/libjpeg.a(jdmaster.o) (jinit_1pass_quantizer)
/home/ashish/me/lib/libjpeg.a(jquant2.o)
                              /home/ashish/me/lib/libjpeg.a(jdmaster.o) (jinit_2pass_quantizer)
/home/ashish/me/lib/libjpeg.a(jutils.o)
                              /home/ashish/me/lib/libjpeg.a(jdinput.o) (jdiv_round_up)
/home/ashish/me/lib/libjpeg.a(jmemmgr.o)
                              /home/ashish/me/lib/libjpeg.a(jdapimin.o) (jinit_memory_mgr)
/home/ashish/me/lib/libjpeg.a(jmemnobs.o)
                              /home/ashish/me/lib/libjpeg.a(jmemmgr.o) (jpeg_mem_available)
/home/ashish/me/lib/libjpeg.a(jcomapi.o)
                              /home/ashish/me/lib/libjpeg.a(jdapimin.o) (jpeg_abort)
/home/ashish/me/lib/libjpeg.a(jdcoefct.o)
                              /home/ashish/me/lib/libjpeg.a(jdmaster.o) (jinit_d_coef_controller)
/home/ashish/me/lib/libjpeg.a(jdcolor.o)
                              /home/ashish/me/lib/libjpeg.a(jdmaster.o) (jinit_color_deconverter)
/home/ashish/me/lib/libjpeg.a(jddctmgr.o)
                              /home/ashish/me/lib/libjpeg.a(jdmaster.o) (jinit_inverse_dct)
/home/ashish/me/lib/libjpeg.a(jdhuff.o)
                              /home/ashish/me/lib/libjpeg.a(jdphuff.o) (jpeg_fill_bit_buffer)
/home/ashish/me/lib/libjpeg.a(jdmainct.o)
                              /home/ashish/me/lib/libjpeg.a(jdmaster.o) (jinit_d_main_controller)
/home/ashish/me/lib/libjpeg.a(jidctflt.o)
                              /home/ashish/me/lib/libjpeg.a(jddctmgr.o) (jpeg_idct_float)
/home/ashish/me/lib/libjpeg.a(jidctfst.o)
                              /home/ashish/me/lib/libjpeg.a(jddctmgr.o) (jpeg_idct_ifast)
/home/ashish/me/lib/libjpeg.a(jidctint.o)
                              /home/ashish/me/lib/libjpeg.a(jddctmgr.o) (jpeg_idct_islow)
/home/ashish/me/lib/libjpeg.a(jidctred.o)
                              /home/ashish/me/lib/libjpeg.a(jddctmgr.o) (jpeg_idct_4x4)
[...]
Memory Configuration

Name             Origin             Length             Attributes
*default*        0x0000000000000000 0xffffffffffffffff

Linker script and memory map


.text           0x0000000000000000   0x1bef40
                0x0000000000000000                code = .
                0x0000000000000000                _code = .
 *(.text)
 .text          0x0000000000000000       0x24 /home/ashish/me/stub/crt0.o
                0x0000000000000000                start
                0x0000000000000000                __menuet__app_header
                0x0000000000000014                __menuet__memsize
 *fill*         0x0000000000000024        0xc 
 .text          0x0000000000000030      0xec3 about.o
                0x0000000000000e90                fetch_about_register
 *fill*         0x0000000000000ef3        0xd 
 .text          0x0000000000000f00      0x3c2 base64.o
                0x0000000000000f00                base64_encode
                0x0000000000001040                base64_encode_alloc
                0x00000000000010b0                isbase64
                0x00000000000010d0                base64_decode
                0x0000000000001240                base64_decode_alloc
 .text          0x00000000000012c2      0x17a bitmap_fbtk.o
                0x0000000000001359                fbtk_set_bitmap
                0x000000000000137d                fbtk_create_bitmap
                0x00000000000013cb                fbtk_create_button
 *fill*         0x000000000000143c        0x4 
 .text          0x0000000000001440      0x476 bitmap.o
                0x0000000000001440                bitmap_create
                0x0000000000001560                bitmap_get_buffer
                0x00000000000015a0                bitmap_get_rowstride
                0x00000000000015e0                bitmap_destroy
                0x0000000000001610                bitmap_save
                0x0000000000001620                bitmap_modified
                0x0000000000001630                bitmap_set_opaque
                0x00000000000016d0                bitmap_test_opaque
                0x00000000000017f0                bitmap_get_opaque
                0x0000000000001830                bitmap_get_width
                0x0000000000001870                bitmap_get_height
                0x00000000000018b0                bitmap_get_bpp
 *fill*         0x00000000000018b6        0xa 
 .text          0x00000000000018c0      0x4d0 bmp.o
                0x0000000000001d60                nsbmp_init
 .text          0x0000000000001d90     0x5f99 box_construct.o
                0x0000000000004d20                dom_to_box
                0x0000000000004dc0                box_construct_init
                0x0000000000005210                box_construct_fini
                0x0000000000005820                box_extract_link
 *fill*         0x0000000000007d29        0x7 
 .text          0x0000000000007d30     0x1443 box_normalise.o
                0x0000000000007d30                box_normalise_block
 *fill*         0x0000000000009173        0xd 
 .text          0x0000000000009180     0x19ca box.o
                0x0000000000009880                box_style_alloc
                0x00000000000098b0                box_create
                0x0000000000009ae0                box_add_child
                0x0000000000009b70                box_insert_sibling
                0x0000000000009bc0                box_free_box
                0x0000000000009c30                box_free
                0x0000000000009c70                box_unlink_and_free
                0x0000000000009ce0                box_coords
                0x0000000000009d90                box_bounds
                0x0000000000009dd0                box_at_point
                0x000000000000a130                box_pick_text_box
                0x000000000000a220                box_find_by_id
                0x000000000000a280                box_visible
                0x000000000000a2b0                box_dump
                0x000000000000a890                box_handle_scrollbars
                0x000000000000ab10                box_vscrollbar_present
                0x000000000000ab30                box_hscrollbar_present
 *fill*         0x000000000000ab4a        0x6 
 .text          0x000000000000ab50     0x4e4e browser.o
                0x000000000000b370                browser_window_redraw
                0x000000000000b9c0                browser_window_redraw_ready
                0x000000000000ba40                browser_window_update_extent
                0x000000000000ba70                browser_window_get_position
                0x000000000000bba0                browser_window_set_position
                0x000000000000bc30                browser_window_set_drag_type
                0x000000000000bcb0                browser_window_get_drag_type
                0x000000000000bcc0                browser_window_get_root
                0x000000000000bcf0                browser_window_has_selection
                0x000000000000bd40                browser_window_set_selection
                0x000000000000c1a0                browser_window_get_selection
                0x000000000000c1d0                browser_window_scroll_visible
                0x000000000000c260                browser_window_set_scroll
                0x000000000000c2e0                browser_window_get_contextual_content
                0x000000000000c3d0                browser_window_scroll_at_point
                0x000000000000c500                browser_window_drop_file_at_point
                0x000000000000c610                browser_window_debug_dump
                0x000000000000c630                browser_window_initialise_common
                0x000000000000c970                browser_window_get_dimensions
                0x000000000000c9e0                browser_window_set_dimensions
                0x000000000000ca70                browser_window_update_box
                0x000000000000cb50                browser_window_update
                0x000000000000cec0                browser_window_set_status
                0x000000000000cf90                browser_window_set_pointer
                0x000000000000d060                browser_window_destroy
                0x000000000000d0a0                browser_window_reformat
                0x000000000000d150                browser_window_set_scale
                0x000000000000d1b0                browser_window_get_scale
                0x000000000000d1c0                browser_window_refresh_url_bar
                0x000000000000dc90                browser_window_stop
                0x000000000000ddf0                browser_window_go_post
                0x000000000000e6d0                browser_window_go
                0x000000000000e700                browser_window_create
                0x000000000000ebe0                browser_window_reload
                0x000000000000ecf0                browser_window_download
                0x000000000000ed20                browser_window_go_unverifiable
                0x000000000000ee30                browser_window_find_target
                0x000000000000f110                browser_window_mouse_track
                0x000000000000f570                browser_window_redraw_rect
                0x000000000000f580                browser_window_page_drag_start
                0x000000000000f600                browser_window_mouse_click
                0x000000000000f8a0                browser_window_back_available
                0x000000000000f8e0                browser_window_forward_available
                0x000000000000f920                browser_window_reload_available
                0x000000000000f950                browser_window_stop_available
 *fill*         0x000000000000f99e        0x2 
 .text          0x000000000000f9a0        0x0 caret_image.o
 .text          0x000000000000f9a0      0x285 challenge.o
                0x000000000000f9f0                http__parse_challenge
                0x000000000000fbf0                http_challenge_list_iterate
                0x000000000000fc20                http_challenge_list_destroy
 *fill*         0x000000000000fc25        0xb 
 .text          0x000000000000fc30      0x14a clipboard.o
                0x000000000000fc30                gui_get_clipboard
                0x000000000000fd10                gui_set_clipboard
 *fill*         0x000000000000fd7a        0x6 
 .text          0x000000000000fd80      0x18a content-disposition.o
                0x000000000000fd80                http_parse_content_disposition
                0x000000000000fec0                http_content_disposition_destroy
 *fill*         0x000000000000ff0a        0x6 
 .text          0x000000000000ff10      0x32e content_factory.o
                0x000000000000ffa0                content_factory_fini
                0x0000000000010020                content_factory_register_handler
                0x0000000000010140                content_factory_type_from_mime_type
                0x0000000000010170                content_factory_create_content
 *fill*         0x000000000001023e        0x2 
 .text          0x0000000000010240     0x1d00 content.o
                0x00000000000102f0                content_can_reformat
                0x0000000000010320                content_set_status
                0x0000000000010370                content__init
                0x0000000000010540                content_set_error
                0x0000000000010560                content_mouse_action
                0x00000000000105d0                content_redraw
                0x0000000000010640                content_add_user
                0x00000000000106e0                content_remove_user
                0x00000000000107f0                content_count_users
                0x0000000000010840                content_matches_quirks
                0x0000000000010860                content_is_shareable
                0x0000000000010880                content_broadcast
                0x0000000000010900                content_set_ready
                0x0000000000010980                content_set_done
                0x0000000000010c50                content__reformat
                0x0000000000010d90                content_reformat
                0x0000000000010dd0                content_mouse_track
                0x0000000000010ea0                content__request_redraw
                0x0000000000010ee0                content_request_redraw
                0x0000000000010f30                content_broadcast_errorcode
                0x0000000000010fc0                content_open
                0x0000000000011090                content_close
                0x0000000000011140                content_get_selection
                0x0000000000011190                content_get_contextual_content
                0x0000000000011200                content_scroll_at_point
                0x0000000000011270                content_drop_file_at_point
                0x00000000000112e0                content_debug_dump
                0x0000000000011330                content_add_error
                0x0000000000011340                content__set_title
                0x0000000000011390                content_find_rfc5988_link
                0x0000000000011410                content__free_rfc5988_link
                0x0000000000011590                content_destroy
                0x0000000000011700                content__add_rfc5988_link
                0x00000000000117f0                content_get_type
                0x0000000000011820                content_get_mime_type
                0x0000000000011850                content__get_mime_type
                0x0000000000011870                content_get_url
                0x0000000000011890                content__get_title
                0x00000000000118e0                content_get_title
                0x0000000000011900                content_get_status
                0x0000000000011930                content__get_status
                0x0000000000011950                content_get_status_message
                0x0000000000011980                content__get_status_message
                0x00000000000119a0                content_get_width
                0x00000000000119d0                content__get_width
                0x00000000000119f0                content_get_height
                0x0000000000011a20                content__get_height
                0x0000000000011a40                content_get_available_width
                0x0000000000011a70                content__get_available_width
                0x0000000000011a90                content__get_source_data
                0x0000000000011af0                content_get_source_data
                0x0000000000011b20                content_invalidate_reuse_data
                0x0000000000011b50                content__invalidate_reuse_data
                0x0000000000011b80                content_get_refresh_url
                0x0000000000011bb0                content__get_refresh_url
                0x0000000000011bd0                content__get_bitmap
                0x0000000000011c20                content_get_bitmap
                0x0000000000011c40                content__get_opaque
                0x0000000000011ca0                content_get_opaque
                0x0000000000011cc0                content_get_quirks
                0x0000000000011cf0                content_is_locked
                0x0000000000011d10                content__is_locked
                0x0000000000011d20                content_get_llcache_handle
                0x0000000000011d40                content_clone
                0x0000000000011d70                content__clone
                0x0000000000011ed0                content_abort
 .text          0x0000000000011f40      0x3da content-type.o
                0x0000000000011f40                http_parse_content_type
                0x00000000000122d0                http_content_type_destroy
 *fill*         0x000000000001231a        0x6 
 .text          0x0000000000012320      0xb3e cookies.o
                0x0000000000012b10                cookies_schedule_update
                0x0000000000012b70                cookies_initialise
                0x0000000000012bf0                cookies_get_tree_flags
                0x0000000000012c00                cookies_remove
                0x0000000000012c40                cookies_cleanup
                0x0000000000012c60                cookies_delete_selected
                0x0000000000012c90                cookies_delete_all
                0x0000000000012d60                cookies_select_all
                0x0000000000012d80                cookies_clear_selection
                0x0000000000012da0                cookies_expand_all
                0x0000000000012dc0                cookies_expand_domains
                0x0000000000012de0                cookies_expand_cookies
                0x0000000000012e00                cookies_collapse_all
                0x0000000000012e20                cookies_collapse_domains
                0x0000000000012e40                cookies_collapse_cookies
 *fill*         0x0000000000012e5e        0x2 
 .text          0x0000000000012e60     0x56ea corestrings.o
                0x0000000000012e60                corestrings_fini
                0x00000000000164d0                corestrings_init
 *fill*         0x000000000001854a        0x6 
 .text          0x0000000000018550      0xd9f css.o
                0x0000000000018c20                nscss_create_css_data
                0x0000000000018ed0                nscss_process_css_data
                0x0000000000018ee0                nscss_convert_css_data
                0x0000000000019170                nscss_destroy_css_data
                0x0000000000019200                nscss_get_stylesheet
                0x0000000000019240                nscss_get_imports
                0x00000000000192a0                nscss_init
 *fill*         0x00000000000192ef        0x1 
 .text          0x00000000000192f0     0x1e01 curl.o
                0x00000000000197b0                fetch_curl_register
                0x0000000000019950                send_header_callbacks
                0x00000000000199d0                convert_to_asciiz
                0x0000000000019ad0                fetch_curl_header
                0x0000000000019c10                curl_slist_append
                0x0000000000019cd0                curl_slist_free_all
                0x000000000001a190                curl_multi_add_handle
                0x000000000001a280                curl_multi_remove_handle
                0x000000000001b0a0                curl_easy_init
                0x000000000001b0b0                curl_multi_perform
                0x000000000001b0e0                curl_easy_cleanup
 *fill*         0x000000000001b0f1        0xf 
 .text          0x000000000001b100      0x7d3 data.o
                0x000000000001b870                fetch_data_register
 *fill*         0x000000000001b8d3        0xd 
 .text          0x000000000001b8e0      0x34c dirlist.o
                0x000000000001b8e0                dirlist_generate_top
                0x000000000001b910                dirlist_generate_hide_columns
                0x000000000001b990                dirlist_generate_title
                0x000000000001b9d0                dirlist_generate_parent_link
                0x000000000001ba10                dirlist_generate_headings
                0x000000000001ba90                dirlist_generate_row
                0x000000000001bc00                dirlist_generate_bottom
 .text          0x000000000001bc2c      0x186 dll.o
                0x000000000001bc2c                dll_load
                0x000000000001bd4f                mem_Alloc
                0x000000000001bd69                mem_ReAlloc
                0x000000000001bd94                mem_Free
 *fill*         0x000000000001bdb2        0xe 
 .text          0x000000000001bdc0      0x538 download.o
                0x000000000001c0b0                download_context_create
                0x000000000001c110                download_context_destroy
                0x000000000001c2a0                download_context_abort
                0x000000000001c2b0                download_context_get_url
                0x000000000001c2d0                download_context_get_mime_type
                0x000000000001c2e0                download_context_get_total_length
                0x000000000001c2f0                download_context_get_filename
 *fill*         0x000000000001c2f8        0x8 
 .text          0x000000000001c300     0x32ac dump.o
                0x000000000001c5c0                nscss_dump_computed_style
 .text          0x000000000001f5ac      0x444 event.o
                0x000000000001f5ac                fbtk_input
                0x000000000001f61c                fbtk_click
                0x000000000001f6f3                fbtk_tgrab_pointer
                0x000000000001f736                fbtk_warp_pointer
                0x000000000001f895                fbtk_event
                0x000000000001f9a3                fbtk_keycode_to_ucs4
 .text          0x000000000001f9f0      0x886 fbtk.o
                0x000000000001fa27                fbtk_request_redraw
                0x000000000001fab6                fbtk_set_mapping
                0x000000000001fae1                fbtk_set_zorder
                0x000000000001fb16                fbtk_set_pos_and_size
                0x000000000001fb6b                fbtk_clip_rect
                0x000000000001fc99                fbtk_clip_to_widget
                0x000000000001fcca                fbtk_get_root_widget
                0x000000000001fce7                fbtk_set_caret
                0x000000000001fd9a                fbtk_set_ptr
                0x000000000001fdcd                fbtk_get_absx
                0x000000000001fde4                fbtk_get_absy
                0x000000000001fdfb                fbtk_get_height
                0x000000000001fe06                fbtk_get_width
                0x000000000001fe11                fbtk_get_bbox
                0x000000000001fe54                fbtk_get_caret
                0x000000000001feb3                fbtk_get_widget_at
                0x000000000001ff11                fbtk_widget_new
                0x000000000001ffc1                fbtk_get_redraw_pending
                0x000000000001ffdd                fbtk_get_handler
                0x000000000001fff6                fbtk_set_handler
                0x000000000002001d                fbtk_post_callback
                0x00000000000200a4                fbtk_destroy_widget
                0x00000000000201b0                fbtk_redraw
                0x00000000000201cd                fbtk_set_focus
                0x0000000000020206                fbtk_get_nsfb
                0x000000000002021a                fbtk_init
 *fill*         0x0000000000020276        0xa 
 .text          0x0000000000020280      0xbf2 fetch.o
                0x00000000000204d0                fetch_init
                0x0000000000020560                fetch_quit
                0x0000000000020640                fetch_add_fetcher
                0x00000000000206e0                fetch_start
                0x00000000000209c0                fetch_abort
                0x0000000000020a00                fetch_free
                0x0000000000020aa0                fetch_poll
                0x0000000000020ae0                fetch_can_fetch
                0x0000000000020b50                fetch_change_callback
                0x0000000000020b90                fetch_http_code
                0x0000000000020ba0                fetch_get_verifiable
                0x0000000000020bd0                fetch_multipart_data_destroy
                0x0000000000020c10                fetch_multipart_data_clone
                0x0000000000020cf0                fetch_send_callback
                0x0000000000020d00                fetch_remove_from_queues
                0x0000000000020dd0                fetch_set_http_code
                0x0000000000020de0                fetch_get_referer_to_send
                0x0000000000020e10                fetch_set_cookie
 *fill*         0x0000000000020e72        0xe 
 .text          0x0000000000020e80      0xd5c filename.o
                0x0000000000021840                filename_request
                0x0000000000021970                filename_claim
                0x0000000000021a20                filename_release
                0x0000000000021ad0                filename_initialise
                0x0000000000021bc0                filename_flush
 *fill*         0x0000000000021bdc        0x4 
 .text          0x0000000000021be0      0xcf3 file.o
                0x0000000000022870                fetch_file_register
 *fill*         0x00000000000228d3        0xd 
 .text          0x00000000000228e0      0x6ac filepath.o
                0x00000000000228e0                filepath_vsfindfile
                0x0000000000022970                filepath_sfindfile
                0x0000000000022990                filepath_findfile
                0x00000000000229f0                filepath_sfind
                0x0000000000022a50                filepath_find
                0x0000000000022ac0                filepath_sfinddef
                0x0000000000022bc0                filepath_generate
                0x0000000000022d00                filepath_path_to_strvec
                0x0000000000022f70                filepath_free_strvec
 *fill*         0x0000000000022f8c        0x4 
 .text          0x0000000000022f90      0x1ad filetype.o
                0x0000000000022f90                fetch_filetype
                0x0000000000023130                fetch_mimetype
 .text          0x000000000002313d       0x9a fill.o
                0x0000000000023192                fbtk_create_fill
 *fill*         0x00000000000231d7        0x9 
 .text          0x00000000000231e0      0x2e5 findfile.o
                0x00000000000231e0                fb_init_resource
                0x00000000000232a0                path_to_url
                0x0000000000023350                url_to_path
                0x0000000000023410                gui_get_resource_url
 *fill*         0x00000000000234c5        0xb 
 .text          0x00000000000234d0      0xdde font_freetype.o
                0x0000000000023720                utf8_to_local_encoding
                0x0000000000023740                utf8_from_local_encoding
                0x0000000000023790                fb_font_init
                0x0000000000023f20                fb_font_finalise
                0x0000000000023f50                fb_getglyph
 *fill*         0x00000000000242ae        0x2 
 .text          0x00000000000242b0      0x197 font.o
                0x00000000000242b0                font_plot_style_from_css
 *fill*         0x0000000000024447        0x9 
 .text          0x0000000000024450     0x2128 form.o
                0x0000000000024a70                form_new
                0x0000000000024ba0                form_new_control
                0x0000000000024bd0                form_add_control
                0x0000000000024c20                form_add_option
                0x0000000000024d00                form_successful_controls
                0x00000000000257f0                form_open_select_menu
                0x0000000000025a30                form_free_select_menu
                0x0000000000025a70                form_free_control
                0x0000000000025b10                form_free
                0x0000000000025b70                form_redraw_select_menu
                0x0000000000025fa0                form_clip_inside_select_menu
                0x0000000000026020                form_select_process_selection
                0x0000000000026070                form_select_mouse_action
                0x0000000000026170                form_select_mouse_drag_end
                0x0000000000026220                form_select_get_dimensions
                0x0000000000026240                form_select_menu_callback
                0x00000000000262a0                form_radio_set
                0x0000000000026380                form_submit
 *fill*         0x0000000000026578        0x8 
 .text          0x0000000000026580      0x8a0 framebuffer.o
                0x0000000000026b40                framebuffer_initialise
                0x0000000000026dc0                framebuffer_finalise
                0x0000000000026de0                framebuffer_set_cursor
                0x0000000000026e10                framebuffer_set_surface
 .text          0x0000000000026e20     0x1bfc frames.o
                0x0000000000026e20                browser_window_scroll_callback
                0x00000000000277f0                browser_window_handle_scrollbars
                0x0000000000027a50                browser_window_recalculate_iframes
                0x0000000000027aa0                browser_window_create_iframes
                0x0000000000027cd0                browser_window_recalculate_frameset
                0x0000000000028370                browser_window_create_frameset
                0x00000000000287e0                browser_window_resize_frame
                0x00000000000289d0                browser_window_frame_resize_start
 *fill*         0x0000000000028a1c        0x4 
 .text          0x0000000000028a20       0xe7 generics.o
                0x0000000000028a20                http___item_list_destroy
                0x0000000000028a50                http___item_list_parse
 *fill*         0x0000000000028b07        0x9 
 .text          0x0000000000028b10      0x81b gif.o
                0x0000000000029310                nsgif_init
 *fill*         0x000000000002932b        0x5 
 .text          0x0000000000029330     0x2b26 gui.o
                0x000000000002a800                gui_options_init_defaults
                0x000000000002a900                gui_poll
                0x000000000002a980                gui_quit
                0x000000000002a9e0                gui_create_browser_window
                0x000000000002b810                gui_window_destroy
                0x000000000002b830                gui_window_set_title
                0x000000000002b890                gui_window_redraw_window
                0x000000000002b8d0                gui_window_update_box
                0x000000000002b920                gui_window_get_scroll
                0x000000000002b970                gui_window_set_scroll
                0x000000000002ba00                gui_window_scroll_visible
                0x000000000002ba80                gui_window_get_dimensions
                0x000000000002bae0                gui_window_update_extent
                0x000000000002bb80                gui_window_set_status
                0x000000000002bb90                gui_window_set_pointer
                0x000000000002bc00                gui_window_hide_pointer
                0x000000000002bc10                gui_window_set_url
                0x000000000002bc20                gui_window_start_throbber
                0x000000000002bc40                gui_window_stop_throbber
                0x000000000002bc70                gui_window_place_caret
                0x000000000002bcf0                gui_window_remove_caret
                0x000000000002bd40                gui_window_new_content
                0x000000000002bd50                gui_window_scroll_start
                0x000000000002bd60                gui_window_drag_start
                0x000000000002bd70                gui_window_save_link
                0x000000000002bd80                gui_window_set_icon
                0x000000000002bd90                gui_window_set_search_ico
                0x000000000002bda0                gui_download_window_create
                0x000000000002bdb0                gui_download_window_data
                0x000000000002bdc0                gui_download_window_error
                0x000000000002bdd0                gui_download_window_done
                0x000000000002bde0                gui_drag_save_object
                0x000000000002bdf0                gui_drag_save_selection
                0x000000000002be00                gui_start_selection
                0x000000000002be10                gui_clear_selection
                0x000000000002be20                gui_create_form_select_menu
                0x000000000002be30                gui_launch_url
                0x000000000002be40                gui_cert_verify
 *fill*         0x000000000002be56        0x2 
 .text          0x000000000002be58        0x0 hand_image.o
 *fill*         0x000000000002be58        0x8 
 .text          0x000000000002be60      0x409 hashtable.o
                0x000000000002be60                hash_create
                0x000000000002bf30                hash_destroy
                0x000000000002bfb0                hash_add
                0x000000000002c170                hash_get
                0x000000000002c200                hash_iterate
 *fill*         0x000000000002c269        0x7 
 .text          0x000000000002c270     0x1068 history_core.o
                0x000000000002c9d0                history_create
                0x000000000002ca10                history_add
                0x000000000002cd00                history_update
                0x000000000002cdc0                history_destroy
                0x000000000002cdf0                history_clone
                0x000000000002cec0                history_back_available
                0x000000000002cef0                history_forward_available
                0x000000000002cf20                history_go
                0x000000000002d020                history_back
                0x000000000002d050                history_forward
                0x000000000002d080                history_size
                0x000000000002d0a0                history_redraw
                0x000000000002d0e0                history_redraw_rectangle
                0x000000000002d160                history_click
                0x000000000002d1a0                history_position_url
                0x000000000002d1d0                history_enumerate_forward
                0x000000000002d230                history_enumerate_back
                0x000000000002d290                history_enumerate
                0x000000000002d2b0                history_entry_get_url
                0x000000000002d2c0                history_entry_get_fragment_id
                0x000000000002d2d0                history_entry_get_title
 *fill*         0x000000000002d2d8        0x8 
 .text          0x000000000002d2e0      0x956 history_global_core.o
                0x000000000002d6e0                history_global_initialise
                0x000000000002d9e0                history_global_get_tree_flags
                0x000000000002d9f0                history_global_cleanup
                0x000000000002da10                global_history_add
                0x000000000002da40                history_global_export
                0x000000000002da60                history_global_delete_selected
                0x000000000002da80                history_global_delete_all
                0x000000000002db20                history_global_select_all
                0x000000000002db40                history_global_clear_selection
                0x000000000002db60                history_global_expand_all
                0x000000000002db80                history_global_expand_directories
                0x000000000002dba0                history_global_expand_addresses
                0x000000000002dbc0                history_global_collapse_all
                0x000000000002dbe0                history_global_collapse_directories
                0x000000000002dc00                history_global_collapse_addresses
                0x000000000002dc20                history_global_launch_selected
 *fill*         0x000000000002dc36        0x2 
 .text          0x000000000002dc38        0x0 history_image_g.o
 .text          0x000000000002dc38        0x0 history_image.o
 *fill*         0x000000000002dc38        0x8 
 .text          0x000000000002dc40     0x10d7 hlcache.o
                0x000000000002e3f0                hlcache_initialise
                0x000000000002e4b0                hlcache_stop
                0x000000000002e4d0                hlcache_poll
                0x000000000002e4e0                hlcache_handle_retrieve
                0x000000000002e650                hlcache_handle_release
                0x000000000002e740                hlcache_handle_get_content
                0x000000000002e780                hlcache_handle_abort
                0x000000000002e960                hlcache_handle_replace_callback
                0x000000000002e980                hlcache_handle_clone
                0x000000000002e990                hlcache_handle_get_url
                0x000000000002ea00                hlcache_finalise
 *fill*         0x000000000002ed17        0x9 
 .text          0x000000000002ed20      0xb42 hotlist.o
                0x000000000002efc0                hotlist_initialise
                0x000000000002f1f0                hotlist_get_tree_flags
                0x000000000002f200                hotlist_cleanup
                0x000000000002f230                hotlist_visited
                0x000000000002f270                hotlist_export
                0x000000000002f290                hotlist_edit_selected
                0x000000000002f2e0                hotlist_delete_selected
                0x000000000002f300                hotlist_select_all
                0x000000000002f320                hotlist_clear_selection
                0x000000000002f340                hotlist_expand_all
                0x000000000002f360                hotlist_expand_directories
                0x000000000002f380                hotlist_expand_addresses
                0x000000000002f3a0                hotlist_collapse_all
                0x000000000002f3c0                hotlist_collapse_directories
                0x000000000002f3e0                hotlist_collapse_addresses
                0x000000000002f400                hotlist_add_folder
                0x000000000002f580                hotlist_add_entry
                0x000000000002f690                hotlist_add_page
                0x000000000002f730                hotlist_add_page_xy
                0x000000000002f800                hotlist_launch_selected
                0x000000000002f820                hotlist_set_default_folder
 *fill*         0x000000000002f862        0xe 
 .text          0x000000000002f870      0xe4e html_forms.o
                0x000000000002f870                html_forms_get_forms
                0x000000000002fc20                html_forms_get_control_for_node
 *fill*         0x00000000000306be        0x2 
 .text          0x00000000000306c0     0x16f2 html_interaction.o
                0x0000000000030860                html_overflow_scroll_callback
                0x0000000000030940                html_overflow_scroll_drag_end
                0x00000000000309e0                html_mouse_action
                0x0000000000031bf0                html_mouse_track
 *fill*         0x0000000000031db2        0xe 
 .text          0x0000000000031dc0     0x4d98 html.o
                0x0000000000034b30                html_finish_conversion
                0x0000000000035140                html_begin_conversion
                0x0000000000036110                html_fetch_object
                0x0000000000036250                html_redraw_a_box
                0x00000000000362a0                html__redraw_a_box
                0x00000000000366c0                html_set_status
                0x00000000000366d0                html_set_search
                0x00000000000366e0                html_get_search
                0x00000000000366f0                html_get_document
                0x0000000000036730                html_get_box_tree
                0x0000000000036770                html_get_encoding
                0x00000000000367b0                html_get_encoding_source
                0x00000000000367f0                html_get_frameset
                0x0000000000036830                html_get_iframe
                0x0000000000036870                html_get_base_url
                0x00000000000368b0                html_get_base_target
                0x00000000000368f0                html_get_stylesheets
                0x0000000000036950                html_get_objects
                0x00000000000369b0                html_get_id_offset
                0x0000000000036a10                html_init
                0x0000000000036b10                html_get_browser_window
 *fill*         0x0000000000036b58        0x8 
 .text          0x0000000000036b60     0x4ff9 html_redraw.o
                0x00000000000380b0                text_redraw
                0x0000000000038680                html_redraw_box
                0x000000000003b9b0                html_redraw
 *fill*         0x000000000003bb59        0x7 
 .text          0x000000000003bb60      0xf48 html_script.o
                0x000000000003c310                html_scripts_exec
                0x000000000003c400                html_process_script
                0x000000000003c9e0                html_free_scripts
 *fill*         0x000000000003caa8        0x8 
 .text          0x000000000003cab0      0x376 http.o
                0x000000000003cab0                HTTP_YAY
                0x000000000003cad0                kol_exit
                0x000000000003caf0                HTTP_INIT
 *fill*         0x000000000003ce26        0xa 
 .text          0x000000000003ce30      0x65e ico.o
                0x000000000003d460                nsico_init
 *fill*         0x000000000003d48e        0x2 
 .text          0x000000000003d490     0x14b6 image_cache.o
                0x000000000003d660                image_cache_get_bitmap
                0x000000000003d710                image_cache_speculate
                0x000000000003d740                image_cache_find_bitmap
                0x000000000003d770                image_cache_init
                0x000000000003d840                image_cache_fini
                0x000000000003dd70                image_cache_add
                0x000000000003df00                image_cache_remove
                0x000000000003df90                image_cache_snsummaryf
                0x000000000003e420                image_cache_snentryf
                0x000000000003e760                image_cache_redraw
                0x000000000003e8a0                image_cache_destroy
                0x000000000003e930                image_cache_get_internal
                0x000000000003e940                image_cache_content_type
 *fill*         0x000000000003e946        0xa 
 .text          0x000000000003e950     0x1293 imagemap.o
                0x000000000003f0f0                imagemap_destroy
                0x000000000003f230                imagemap_dump
                0x000000000003f520                imagemap_extract
                0x000000000003f8f0                imagemap_get
 *fill*         0x000000000003fbe3        0xd 
 .text          0x000000000003fbf0      0x18a image.o
                0x000000000003fbf0                image_init
                0x000000000003fc30                image_bitmap_plot
 *fill*         0x000000000003fd7a        0x6 
 .text          0x000000000003fd80       0xf6 internal.o
                0x000000000003fd80                nscss_resolve_url
 *fill*         0x000000000003fe76        0xa 
 .text          0x000000000003fe80      0x81e jpeg.o
                0x0000000000040670                nsjpeg_init
 *fill*         0x000000000004069e        0x2 
 .text          0x00000000000406a0     0x10b5 knockout.o
                0x0000000000041610                knockout_plot_end
                0x0000000000041650                knockout_plot_start
 *fill*         0x0000000000041755        0xb 
 .text          0x0000000000041760     0x9008 layout.o
                0x0000000000044520                layout_inline_container
                0x0000000000048ca0                layout_minmax_table
                0x000000000004a390                layout_calculate_descendant_bboxes
                0x000000000004a640                layout_document
 .text          0x000000000004a768        0x0 left_arrow_g.o
 .text          0x000000000004a768        0x0 left_arrow.o
 *fill*         0x000000000004a768        0x8 
 .text          0x000000000004a770      0x783 libdom.o
                0x000000000004a7b0                libdom_treewalk
                0x000000000004a9b0                libdom_find_element
                0x000000000004aa10                libdom_find_first_element
                0x000000000004ab40                libdom_iterate_child_elements
                0x000000000004ac50                libdom_hubbub_error_to_nserror
                0x000000000004ad20                libdom_parse_file
 *fill*         0x000000000004aef3        0xd 
 .text          0x000000000004af00      0x8c2 list.o
                0x000000000004b2d0                render_list_destroy_counters
                0x000000000004b330                render_list_counter_reset
                0x000000000004b420                render_list_counter_increment
                0x000000000004b4b0                render_list_counter_end_scope
                0x000000000004b500                render_list_counter
                0x000000000004b7c0                render_list_test
 *fill*         0x000000000004b7c2        0xe 
 .text          0x000000000004b7d0     0x2593 llcache.o
                0x000000000004d430                llcache_clean
                0x000000000004d5a0                llcache_initialise
                0x000000000004d680                llcache_finalise
                0x000000000004d7f0                llcache_poll
                0x000000000004d840                llcache_handle_retrieve
                0x000000000004d8d0                llcache_handle_change_callback
                0x000000000004d8f0                llcache_handle_release
                0x000000000004d950                llcache_handle_clone
                0x000000000004d9a0                llcache_handle_abort
                0x000000000004dbd0                llcache_handle_force_stream
                0x000000000004dc60                llcache_handle_invalidate_cache_data
                0x000000000004dc90                llcache_handle_get_url
                0x000000000004dcb0                llcache_handle_get_source_data
                0x000000000004dce0                llcache_handle_get_header
                0x000000000004dd50                llcache_handle_references_same_object
 *fill*         0x000000000004dd63        0xd 
 .text          0x000000000004dd70      0x320 locale.o
                0x000000000004dd70                ls_isalpha
                0x000000000004ddb0                ls_isalnum
                0x000000000004ddf0                ls_iscntrl
                0x000000000004de30                ls_isdigit
                0x000000000004de70                ls_isgraph
                0x000000000004deb0                ls_islower
                0x000000000004def0                ls_isprint
                0x000000000004df30                ls_ispunct
                0x000000000004df70                ls_isspace
                0x000000000004dfb0                ls_isupper
                0x000000000004dff0                ls_isxdigit
                0x000000000004e030                ls_tolower
                0x000000000004e060                ls_toupper
 .text          0x000000000004e090      0x586 localhistory.o
                0x000000000004e1c0                fb_create_localhistory
                0x000000000004e5f0                fb_localhistory_map
 *fill*         0x000000000004e616        0xa 
 .text          0x000000000004e620       0x16 login.o
                0x000000000004e620                gui_401login_open
 *fill*         0x000000000004e636        0xa 
 .text          0x000000000004e640      0x18d log.o
                0x000000000004e640                nslog_init
                0x000000000004e6d0                nslog_gettime
                0x000000000004e7b0                nslog_log
 *fill*         0x000000000004e7cd        0x3 
 .text          0x000000000004e7d0        0x0 menu_image.o
 .text          0x000000000004e7d0      0x6fb messages.o
                0x000000000004e7d0                messages_load_ctx
                0x000000000004ea00                messages_load
                0x000000000004eb00                messages_get_ctx
                0x000000000004eb50                messages_get_buff
                0x000000000004ec10                messages_get
                0x000000000004ec30                messages_get_errorcode
 *fill*         0x000000000004eecb        0x5 
 .text          0x000000000004eed0     0x1892 mimesniff.o
                0x000000000004f450                mimesniff_init
                0x000000000004f750                mimesniff_fini
                0x000000000004fe80                mimesniff_compute_effective_type
 *fill*         0x0000000000050762        0xe 
 .text          0x0000000000050770      0x128 misc.o
                0x0000000000050770                warn_user
                0x00000000000507d0                die
                0x0000000000050820                filename_from_path
                0x0000000000050850                path_add_part
 *fill*         0x0000000000050898        0x8 
 .text          0x00000000000508a0      0x136 mouse.o
                0x00000000000508a0                browser_mouse_state_dump
 *fill*         0x00000000000509d6        0x2 
 .text          0x00000000000509d8        0x0 move_image.o
 *fill*         0x00000000000509d8        0x8 
 .text          0x00000000000509e0      0x82a netsurf.o
                0x0000000000050aa0                netsurf_init
                0x0000000000050e70                netsurf_main_loop
                0x0000000000050ec0                netsurf_exit
 *fill*         0x000000000005120a        0x6 
 .text          0x0000000000051210       0x66 none.o
                0x0000000000051210                js_initialise
                0x0000000000051220                js_finalise
                0x0000000000051230                js_newcontext
                0x0000000000051240                js_destroycontext
                0x0000000000051250                js_newcompartment
                0x0000000000051260                js_exec
                0x0000000000051270                js_fire_event
 .text          0x0000000000051276        0x0 nsfont_bold.o
 .text          0x0000000000051276        0x0 nsfont_italic_bold.o
 .text          0x0000000000051276        0x0 nsfont_italic.o
 .text          0x0000000000051276        0x0 nsfont_regular.o
 *fill*         0x0000000000051276        0xa 
 .text          0x0000000000051280     0x296b nsurl.o
                0x0000000000052540                nsurl_create
                0x0000000000052730                nsurl_ref
                0x0000000000052760                nsurl_unref
                0x00000000000529f0                nsurl_compare
                0x0000000000052bd0                nsurl_get
                0x0000000000052c60                nsurl_get_component
                0x0000000000052db0                nsurl_has_component
                0x0000000000052f00                nsurl_access
                0x0000000000052f30                nsurl_access_leaf
                0x0000000000052f90                nsurl_length
                0x0000000000052fc0                nsurl_join
                0x0000000000053500                nsurl_defragment
                0x00000000000535f0                nsurl_refragment
                0x0000000000053760                nsurl_replace_query
                0x0000000000053980                nsurl_parent
 *fill*         0x0000000000053beb        0x5 
 .text          0x0000000000053bf0      0x997 options.o
                0x0000000000053d00                nsoption_read
                0x0000000000053f10                nsoption_write
                0x0000000000054060                nsoption_commandline
                0x0000000000054210                nsoption_snoptionf
                0x0000000000054530                nsoption_dump
 *fill*         0x0000000000054587        0x1 
 .text          0x0000000000054588        0x0 osk_image.o
 .text          0x0000000000054588      0x1bc osk.o
                0x00000000000545d9                fbtk_enable_oskb
                0x000000000005471a                map_osk
 *fill*         0x0000000000054744        0xc 
 .text          0x0000000000054750      0x2e5 parameter.o
                0x00000000000547d0                http__parse_parameter
                0x0000000000054970                http_parameter_list_find_item
                0x0000000000054a00                http_parameter_list_iterate
                0x0000000000054a30                http_parameter_list_destroy
 .text          0x0000000000054a35        0x0 plot_style.o
 *fill*         0x0000000000054a35        0xb 
 .text          0x0000000000054a40      0xf63 png.o
                0x0000000000055970                nspng_init
 *fill*         0x00000000000559a3        0x1 
 .text          0x00000000000559a4        0x0 pointer_image.o
 *fill*         0x00000000000559a4        0xc 
 .text          0x00000000000559b0      0x150 primitives.o
                0x00000000000559b0                http__skip_LWS
                0x00000000000559e0                http__parse_token
                0x0000000000055a70                http__parse_quoted_string
 .text          0x0000000000055b00      0x6b6 print.o
                0x0000000000055b00                print_set_up
                0x0000000000055c70                print_draw_next_page
                0x0000000000055da0                print_cleanup
                0x0000000000055df0                print_basic_run
                0x0000000000055ea0                print_make_settings
 *fill*         0x00000000000561b6        0x2 
 .text          0x00000000000561b8        0x0 progress_image.o
 .text          0x00000000000561b8        0x0 reload_g.o
 .text          0x00000000000561b8        0x0 reload.o
 *fill*         0x00000000000561b8        0x8 
 .text          0x00000000000561c0      0x683 resource.o
                0x00000000000567e0                fetch_resource_register
 *fill*         0x0000000000056843        0x1 
 .text          0x0000000000056844        0x0 right_arrow_g.o
 .text          0x0000000000056844        0x0 right_arrow.o
 *fill*         0x0000000000056844        0xc 
 .text          0x0000000000056850     0x1981 save_complete.o
                0x0000000000058140                save_complete_init
                0x0000000000058160                save_complete
 *fill*         0x00000000000581d1        0xf 
 .text          0x00000000000581e0      0x631 save_text.o
                0x00000000000581e0                save_text_solve_whitespace
                0x0000000000058650                save_as_text
 *fill*         0x0000000000058811        0xf 
 .text          0x0000000000058820      0x38b schedule.o
                0x0000000000058820                schedule
                0x00000000000588a0                schedule_remove
                0x00000000000589b0                schedule_run
                0x0000000000058ae0                list_schedule
 *fill*         0x0000000000058bab        0x5 
 .text          0x0000000000058bb0     0x1a98 scrollbar.o
                0x0000000000058f20                scrollbar_create
                0x0000000000059020                scrollbar_destroy
                0x0000000000059040                scrollbar_redraw
                0x0000000000059de0                scrollbar_set
                0x0000000000059eb0                scrollbar_scroll
                0x0000000000059fb0                scrollbar_get_offset
                0x0000000000059fd0                scrollbar_set_extents
                0x000000000005a090                scrollbar_is_horizontal
                0x000000000005a0a0                scrollbar_mouse_action
                0x000000000005a4c0                scrollbar_mouse_drag_end
                0x000000000005a5d0                scrollbar_start_content_drag
                0x000000000005a600                scrollbar_make_pair
                0x000000000005a640                scrollbar_get_data
 .text          0x000000000005a648        0x0 scrolld.o
 .text          0x000000000005a648        0x0 scrolll.o
 .text          0x000000000005a648      0xe4a scroll.o
                0x000000000005b11a                fbtk_create_vscroll
                0x000000000005b233                fbtk_create_hscroll
                0x000000000005b34c                fbtk_set_scroll_parameters
                0x000000000005b405                fbtk_set_scroll_position
 *fill*         0x000000000005b492        0x2 
 .text          0x000000000005b494        0x0 scrollr.o
 .text          0x000000000005b494        0x0 scrollu.o
 *fill*         0x000000000005b494        0xc 
 .text          0x000000000005b4a0      0x1f9 search.o
                0x000000000005b4e0                browser_window_search_create_context
                0x000000000005b570                browser_window_search_destroy_context
                0x000000000005b5c0                browser_window_search_verify_new
                0x000000000005b600                browser_window_search_step
                0x000000000005b650                browser_window_search_show_all
 *fill*         0x000000000005b699        0x7 
 .text          0x000000000005b6a0      0xcc5 search_ren.o
                0x000000000005bab0                search_create_context
                0x000000000005bc20                search_term_highlighted
                0x000000000005bc90                search_show_all
                0x000000000005bd80                search_step
                0x000000000005c2c0                search_destroy_context
 *fill*         0x000000000005c365        0xb 
 .text          0x000000000005c370      0x421 searchweb.o
                0x000000000005c370                search_is_url
                0x000000000005c380                search_web_provider_details
                0x000000000005c4e0                search_web_provider_name
                0x000000000005c520                search_web_provider_host
                0x000000000005c560                search_web_ico_name
                0x000000000005c5a0                search_web_get_url
                0x000000000005c680                search_web_new_window
                0x000000000005c6f0                search_web_from_term
                0x000000000005c750                search_web_retrieve_ico
                0x000000000005c760                search_web_ico
                0x000000000005c770                search_web_cleanup
 *fill*         0x000000000005c791        0xf 
 .text          0x000000000005c7a0     0x15ba selection.o
                0x000000000005d0d0                selection_destroy
                0x000000000005d0f0                selection_read_only
                0x000000000005d120                selection_label_subtree
                0x000000000005d1b0                selection_reinit
                0x000000000005d2d0                selection_get_copy
                0x000000000005d360                selection_copy_to_clipboard
                0x000000000005d430                selection_clear
                0x000000000005d4d0                selection_prepare
                0x000000000005d520                selection_create
                0x000000000005d570                selection_init
                0x000000000005d5c0                selection_set_start
                0x000000000005d6a0                selection_set_end
                0x000000000005d700                selection_click
                0x000000000005d920                selection_track
                0x000000000005d9f0                selection_select_all
                0x000000000005da80                selection_get_start
                0x000000000005dab0                selection_get_end
                0x000000000005dae0                selection_highlighted
                0x000000000005db60                selection_save_text
                0x000000000005dd10                selection_update
 *fill*         0x000000000005dd5a        0x6 
 .text          0x000000000005dd60     0x46d9 select.o
                0x000000000005de50                nscss_compute_font_size
                0x000000000005f8e0                nscss_create_inline_style
                0x000000000005fac0                nscss_get_style
                0x000000000005fb00                nscss_get_blank_style
                0x000000000005fba0                nscss_parse_colour
 *fill*         0x0000000000062439        0x7 
 .text          0x0000000000062440      0x459 sslcert.o
                0x0000000000062490                sslcert_init
                0x00000000000624b0                sslcert_get_tree_flags
                0x00000000000624c0                sslcert_cleanup
                0x00000000000624e0                sslcert_create_session_data
                0x0000000000062550                sslcert_load_tree
                0x0000000000062820                sslcert_reject
                0x0000000000062850                sslcert_accept
 *fill*         0x0000000000062899        0x3 
 .text          0x000000000006289c        0x0 stop_image_g.o
 .text          0x000000000006289c        0x0 stop_image.o
 *fill*         0x000000000006289c        0x4 
 .text          0x00000000000628a0      0x1da system_colour.o
                0x00000000000628a0                gui_system_colour_init
                0x0000000000062920                gui_system_colour_finalize
                0x0000000000062990                gui_system_colour_char
                0x00000000000629e0                gui_system_colour
 *fill*         0x0000000000062a7a        0x6 
 .text          0x0000000000062a80     0x1bd3 table.o
                0x00000000000630a0                table_calculate_column_types
                0x0000000000063610                table_used_border_for_cell
 *fill*         0x0000000000064653        0xd 
 .text          0x0000000000064660     0x2dc1 talloc.o
                0x00000000000647d0                talloc_parent
                0x0000000000064820                talloc_parent_name
                0x0000000000064870                _talloc_set_destructor
                0x00000000000648a0                _talloc_reference
                0x0000000000064a30                talloc_increase_ref_count
                0x0000000000064a50                _talloc_steal
                0x0000000000064ca0                talloc_get_name
                0x0000000000064ce0                talloc_check_name
                0x0000000000064d60                _talloc
                0x0000000000064e40                talloc_set_name_const
                0x0000000000064e70                talloc_named_const
                0x0000000000064f70                _talloc_move
                0x0000000000064f90                talloc_total_size
                0x0000000000065010                talloc_total_blocks
                0x00000000000651d0                talloc_reference_count
                0x0000000000065210                talloc_report_depth_cb
                0x0000000000065310                talloc_report_depth_file
                0x0000000000065340                talloc_report_full
                0x00000000000653a0                talloc_report
                0x0000000000065400                talloc_enable_null_tracking
                0x0000000000065420                talloc_enable_leak_report
                0x0000000000065450                talloc_enable_leak_report_full
                0x0000000000065480                _talloc_zero
                0x0000000000065580                _talloc_memdup
                0x0000000000065680                talloc_strdup
                0x00000000000656e0                talloc_strndup
                0x00000000000658a0                talloc_vasprintf
                0x00000000000659f0                talloc_set_name
                0x0000000000065a50                talloc_asprintf
                0x0000000000065a70                _talloc_array
                0x0000000000065b80                _talloc_zero_array
                0x0000000000065bc0                talloc_autofree_context
                0x0000000000065cd0                talloc_get_size
                0x0000000000065d10                talloc_find_parent_byname
                0x0000000000065d80                talloc_show_parents
                0x0000000000065e70                talloc_is_parent
                0x0000000000066570                talloc_named
                0x00000000000666b0                talloc_init
                0x0000000000066840                _talloc_realloc
                0x0000000000066a60                _talloc_realloc_array
                0x0000000000066aa0                talloc_append_string
                0x0000000000066b50                talloc_vasprintf_append
                0x0000000000066c50                talloc_asprintf_append
                0x0000000000066c70                talloc_realloc_fn
                0x0000000000066c90                talloc_disable_null_tracking
                0x0000000000066cc0                talloc_unlink
                0x0000000000066ee0                talloc_free
                0x0000000000067130                talloc_free_children
 *fill*         0x0000000000067421        0xf 
 .text          0x0000000000067430     0x3150 textarea.o
                0x00000000000682a0                textarea_create
                0x0000000000068710                textarea_destroy
                0x0000000000068780                textarea_set_text
                0x0000000000068850                textarea_get_text
                0x0000000000068900                textarea_get_caret
                0x0000000000068990                textarea_set_caret
                0x0000000000068ea0                textarea_redraw
                0x0000000000069710                textarea_keypress
                0x0000000000069f90                textarea_mouse_action
                0x000000000006a4f0                textarea_get_dimensions
                0x000000000006a520                textarea_set_dimensions
 .text          0x000000000006a580      0x236 textinput.o
                0x000000000006a580                browser_window_place_caret
                0x000000000006a630                browser_window_remove_caret
                0x000000000006a680                browser_window_key_press
                0x000000000006a770                browser_window_paste_text
 *fill*         0x000000000006a7b6        0xa 
 .text          0x000000000006a7c0     0x2ed6 textinput_r.o
                0x000000000006c570                textinput_textarea_click
                0x000000000006d500                textinput_input_click
 .text          0x000000000006d696      0xb4d text.o
                0x000000000006df43                fbtk_writable_text
                0x000000000006df71                fbtk_set_text
                0x000000000006e081                fbtk_create_text
                0x000000000006e0d5                fbtk_create_writable_text
                0x000000000006e16b                fbtk_create_text_button
 *fill*         0x000000000006e1e3        0xd 
 .text          0x000000000006e1f0     0x1d18 textplain.o
                0x000000000006e210                textplain_get_selection
                0x000000000006f0c0                textplain_close
                0x000000000006f6c0                textplain_init
                0x000000000006f7d0                textplain_set_search
                0x000000000006f7e0                textplain_get_search
                0x000000000006f7f0                textplain_line_count
                0x000000000006f820                textplain_size
                0x000000000006f850                textplain_offset_from_coords
                0x000000000006fc20                textplain_find_line
                0x000000000006fc90                textplain_coords_from_range
                0x000000000006fe00                textplain_get_line
                0x000000000006fe60                textplain_get_raw_data
                0x000000000006fec0                textplain_get_browser_window
 .text          0x000000000006ff08        0x0 throbber0.o
 .text          0x000000000006ff08        0x0 throbber1.o
 .text          0x000000000006ff08        0x0 throbber2.o
 .text          0x000000000006ff08        0x0 throbber3.o
 .text          0x000000000006ff08        0x0 throbber4.o
 .text          0x000000000006ff08        0x0 throbber5.o
 .text          0x000000000006ff08        0x0 throbber6.o
 .text          0x000000000006ff08        0x0 throbber7.o
 .text          0x000000000006ff08        0x0 throbber8.o
 *fill*         0x000000000006ff08        0x8 
 .text          0x000000000006ff10      0x179 thumb_ddesk.o
                0x000000000006ff10                thumbnail_redraw
 *fill*         0x0000000000070089        0x7 
 .text          0x0000000000070090      0x1b6 thumbnail.o
                0x0000000000070090                thumbnail_create
 *fill*         0x0000000000070246        0xa 
 .text          0x0000000000070250     0x3988 tree_ddesk.o
                0x0000000000071740                tree_set_icon_dir
                0x00000000000717a0                tree_setup_colours
                0x0000000000071900                tree_create_node_element
                0x0000000000071940                tree_link_node
                0x0000000000071a70                tree_create_folder_node
                0x0000000000071b80                tree_create
                0x0000000000071d50                tree_create_leaf_node
                0x0000000000071e60                tree_get_redraw
                0x0000000000071e70                tree_set_node_selected
                0x0000000000071f40                tree_set_node_user_callback
                0x0000000000071f60                tree_set_redraw
                0x0000000000071f80                tree_node_has_selection
                0x0000000000071fe0                tree_node_is_deleted
                0x0000000000071ff0                tree_node_is_folder
                0x0000000000072000                tree_node_is_default
                0x0000000000072010                tree_update_node_element
                0x00000000000723f0                tree_delink_node
                0x0000000000072710                tree_delete
                0x0000000000072760                tree_delete_node
                0x00000000000729f0                tree_set_node_expanded
                0x0000000000072a40                tree_set_node_sort_function
                0x0000000000072ac0                tree_set_node_icon
                0x0000000000072af0                tree_update_element_text
                0x0000000000072b80                tree_node_element_get_text
                0x0000000000072b90                tree_get_root
                0x0000000000072ba0                tree_is_edited
                0x0000000000072bb0                tree_drag_status
                0x0000000000072bc0                tree_get_default_folder_node
                0x0000000000072be0                tree_clear_default_folder_node
                0x0000000000072c20                tree_node_get_parent
                0x0000000000072c30                tree_node_get_child
                0x0000000000072c40                tree_node_get_next
                0x0000000000072c50                tree_draw
                0x0000000000072dc0                tree_node_find_element
                0x0000000000072e20                tree_delete_selected_nodes
                0x0000000000072ee0                tree_get_selected_node
                0x0000000000072f60                tree_set_default_folder_node
                0x0000000000072fd0                tree_get_link_details
                0x00000000000730b0                tree_launch_selected
                0x00000000000730e0                tree_set_node_selected_at
                0x0000000000073130                tree_drag_end
                0x0000000000073310                tree_keypress
                0x0000000000073380                tree_alphabetical_sort
                0x00000000000733a0                tree_start_edit
                0x0000000000073570                tree_mouse_action
                0x0000000000073a00                tree_load_icon
 *fill*         0x0000000000073bd8        0x8 
 .text          0x0000000000073be0        0xd tree.o
                0x0000000000073be0                tree_icon_name_from_content_type
 *fill*         0x0000000000073bed        0x3 
 .text          0x0000000000073bf0     0x168a tree_url_node.o
                0x0000000000073c60                tree_url_node_init
                0x0000000000073ce0                tree_url_node_cleanup
                0x0000000000073d40                tree_create_URL_node
                0x0000000000073ef0                tree_update_URL_node
                0x0000000000074150                tree_create_URL_node_readonly
                0x0000000000074920                tree_url_node_get_title
                0x0000000000074950                tree_url_node_get_url
                0x0000000000074bc0                tree_url_node_edit_title
                0x0000000000074bf0                tree_url_node_edit_url
                0x0000000000074c20                tree_url_node_callback
                0x0000000000074f20                tree_urlfile_load
                0x00000000000751b0                tree_urlfile_save
 *fill*         0x000000000007527a        0x6 
 .text          0x0000000000075280     0x582b urldb.o
                0x0000000000077640                urldb_save
                0x0000000000077710                urldb_set_url_persistence
                0x0000000000077750                urldb_set_url_title
                0x00000000000777b0                urldb_set_url_content_type
                0x00000000000777f0                urldb_update_url_visit_data
                0x0000000000077840                urldb_reset_url_visit_data
                0x0000000000077880                urldb_get_url_data
                0x00000000000778c0                urldb_get_url
                0x0000000000077900                urldb_get_cert_permissions
                0x0000000000077950                urldb_set_thumbnail
                0x00000000000779b0                urldb_get_thumbnail
                0x00000000000779f0                urldb_iterate_partial
                0x0000000000077c20                urldb_iterate_entries
                0x0000000000077c80                urldb_iterate_cookies
                0x0000000000077ce0                urldb_add_host
                0x0000000000077e80                urldb_add_path
                0x0000000000078050                urldb_load
                0x0000000000078920                urldb_add_url
                0x0000000000078b70                urldb_get_auth_details
                0x0000000000078c20                urldb_set_auth_details
                0x0000000000078d80                urldb_set_cert_permissions
                0x0000000000079060                urldb_dump
                0x0000000000079090                urldb_get_cookie
                0x00000000000799c0                urldb_set_cookie
                0x0000000000079f30                urldb_load_cookies
                0x000000000007a9a0                urldb_delete_cookie
                0x000000000007a9c0                urldb_save_cookies
                0x000000000007aa60                urldb_destroy
 *fill*         0x000000000007aaab        0x5 
 .text          0x000000000007aab0     0x14e7 url.o
                0x000000000007adf0                url_init
                0x000000000007ae20                url_host_is_ip_address
                0x000000000007afb0                url_join
                0x000000000007b760                url_host
                0x000000000007b860                url_scheme
                0x000000000007b8d0                url_path
                0x000000000007b940                url_nice
                0x000000000007bc30                url_unescape
                0x000000000007be00                url_escape
 *fill*         0x000000000007bf97        0x9 
 .text          0x000000000007bfa0       0xdf useragent.o
                0x000000000007bfa0                user_agent_string
 .text          0x000000000007c07f       0x4b user.o
                0x000000000007c07f                fbtk_get_userpw
                0x000000000007c09c                fbtk_create_user
 *fill*         0x000000000007c0ca        0x6 
 .text          0x000000000007c0d0      0x87b utf8.o
                0x000000000007c370                utf8_to_ucs4
                0x000000000007c3a0                utf8_from_ucs4
                0x000000000007c400                utf8_length
                0x000000000007c430                utf8_bounded_length
                0x000000000007c460                utf8_char_byte_length
                0x000000000007c4a0                utf8_prev
                0x000000000007c4e0                utf8_next
                0x000000000007c610                utf8_finalise
                0x000000000007c650                utf8_to_enc
                0x000000000007c680                utf8_from_enc
                0x000000000007c6b0                utf8_to_html
 *fill*         0x000000000007c94b        0x5 
 .text          0x000000000007c950      0x577 utils.o
                0x000000000007c950                nscss_len2pt
                0x000000000007cb30                nscss_len2px
 *fill*         0x000000000007cec7        0x9 
 .text          0x000000000007ced0      0x77a utils_utils.o
                0x000000000007ced0                ns_realloc
                0x000000000007cf30                strip
                0x000000000007cfd0                whitespace
                0x000000000007d020                remove_underscores
                0x000000000007d090                squash_whitespace
                0x000000000007d180                cnv_space2nbsp
                0x000000000007d220                is_dir
                0x000000000007d260                regcomp_wrapper
                0x000000000007d2d0                human_friendly_bytesize
                0x000000000007d3b0                rfc1123_date
                0x000000000007d4a0                wallclock
                0x000000000007d530                strcasestr
                0x000000000007d5a0                strndup
                0x000000000007d620                strchrnul
 .text          0x000000000007d64a        0x0 version.o
 .text          0x000000000007d64a      0x1d0 window.o
                0x000000000007d6a2                fbtk_create_window
 *fill*         0x000000000007d81a        0x6 
 .text          0x000000000007d820       0xef www-authenticate.o
                0x000000000007d820                http_parse_www_authenticate
                0x000000000007d8f0                http_www_authenticate_destroy
 *fill*         0x000000000007d90f        0x1 
 .text          0x000000000007d910      0x904 snprintf.o
                0x000000000007d910                vsnprintf
                0x000000000007e1fa                snprintf
 .text          0x000000000007e214      0x21e stubs.o
                0x000000000007e214                locale_charset
                0x000000000007e22b                strtof
                0x000000000007e23f                realpath
                0x000000000007e32f                inet_aton
                0x000000000007e343                va_copy
                0x000000000007e353                timeradd
                0x000000000007e384                timersub
                0x000000000007e3b2                timerisset
                0x000000000007e3cd                timercmp
                0x000000000007e3e2                wctomb
                0x000000000007e3f6                wcrtomb
                0x000000000007e40a                mbrtowc
                0x000000000007e41e                johab_hangul_decompose
 *fill*         0x000000000007e432        0x2 
 .text          0x000000000007e434      0x286 divdi3.o
                0x000000000007e5a7                __divdi3
                0x000000000007e5f6                __moddi3
                0x000000000007e673                __udivdi3
                0x000000000007e697                __umoddi3
 *fill*         0x000000000007e6ba        0x2 
 .text          0x000000000007e6bc       0x1c /home/ashish/me/lib/libm.a(s_fabs.o)
                0x000000000007e6bc                fabs
 .text          0x000000000007e6d8       0x29 /home/ashish/me/lib/libm.a(s_ceil.o)
                0x000000000007e6d8                ceil
 *fill*         0x000000000007e701        0x3 
 .text          0x000000000007e704       0x29 /home/ashish/me/lib/libm.a(sf_ceil.o)
                0x000000000007e704                ceilf
 *fill*         0x000000000007e72d        0x3 
 .text          0x000000000007e730     0x3800 /home/ashish/me/lib/libiconv.a(iconv.o)
                0x00000000000815ae                aliases_lookup
                0x000000000008165a                libiconv_open
                0x0000000000081957                libiconv
                0x000000000008199b                libiconv_close
                0x00000000000819ad                libiconv_open_into
                0x0000000000081c92                libiconvctl
                0x0000000000081d69                libiconvlist
                0x0000000000081e45                iconv_canonicalize
 .text          0x0000000000081f30     0x120b /home/ashish/me/lib/libnsbmp.a(libnsbmp.o)
                0x0000000000082ac3                bmp_create
                0x0000000000082aec                ico_collection_create
                0x0000000000082b15                bmp_analyse
                0x0000000000082b7d                ico_analyse
                0x0000000000082cde                ico_find
                0x0000000000082d4a                bmp_decode
                0x00000000000830a1                bmp_decode_trans
                0x00000000000830ba                bmp_finalise
                0x00000000000830f9                ico_finalise
 .text          0x000000000008313b      0xfce /home/ashish/me/lib/libnsgif.a(libnsgif.o)
                0x0000000000083308                gif_create
                0x000000000008333c                gif_decode_frame
                0x0000000000083a69                gif_finalise
                0x0000000000083ade                gif_initialise
 *fill*         0x0000000000084109        0x3 
 .text          0x000000000008410c      0x3fc /home/ashish/me/lib/libpng.a(pngerror.o)
                0x000000000008410c                png_set_longjmp_fn
                0x000000000008412e                png_set_error_fn
                0x0000000000084155                png_get_error_ptr
                0x0000000000084169                png_set_strip_error_numbers
                0x000000000008418a                png_longjmp
                0x0000000000084248                png_warning
                0x0000000000084305                png_chunk_warning
                0x000000000008433d                png_error
                0x000000000008444a                png_fixed_error
                0x0000000000084492                png_chunk_error
                0x00000000000844c0                png_chunk_benign_error
                0x00000000000844e4                png_benign_error
 .text          0x0000000000084508      0xd9e /home/ashish/me/lib/libpng.a(pngget.o)
                0x0000000000084508                png_get_valid
                0x0000000000084524                png_get_rowbytes
                0x000000000008453d                png_get_rows
                0x0000000000084559                png_get_image_width
                0x0000000000084571                png_get_image_height
                0x000000000008458a                png_get_bit_depth
                0x00000000000845a3                png_get_color_type
                0x00000000000845bc                png_get_filter_type
                0x00000000000845d5                png_get_interlace_type
                0x00000000000845ee                png_get_compression_type
                0x0000000000084607                png_get_x_pixels_per_meter
                0x000000000008462c                png_get_y_pixels_per_meter
                0x0000000000084651                png_get_pixels_per_meter
                0x0000000000084679                png_get_pixel_aspect_ratio
                0x00000000000846bf                png_get_x_offset_microns
                0x00000000000846e4                png_get_y_offset_microns
                0x0000000000084709                png_get_x_offset_pixels
                0x000000000008472e                png_get_y_offset_pixels
                0x0000000000084753                png_get_x_offset_inches
                0x000000000008478e                png_get_y_offset_inches
                0x00000000000847c9                png_get_pHYs_dpi
                0x00000000000848a6                png_get_channels
                0x00000000000848bf                png_get_signature
                0x00000000000848d8                png_get_bKGD
                0x0000000000084905                png_get_cHRM
                0x00000000000849ed                png_get_cHRM_fixed
                0x0000000000084aa5                png_get_gAMA_fixed
                0x0000000000084ad2                png_get_gAMA
                0x0000000000084b01                png_get_sRGB
                0x0000000000084b2f                png_get_iCCP
                0x0000000000084b8d                png_get_sPLT
                0x0000000000084bb8                png_get_hIST
                0x0000000000084be8                png_get_oFFs
                0x0000000000084c32                png_get_pCAL
                0x0000000000084cca                png_get_sCAL_s
                0x0000000000084d0d                png_get_pHYs
                0x0000000000084d5d                png_get_PLTE
                0x0000000000084d93                png_get_sBIT
                0x0000000000084dc0                png_get_text
                0x0000000000084e03                png_get_tIME
                0x0000000000084e30                png_get_tRNS
                0x0000000000084ea1                png_get_unknown_chunks
                0x0000000000084ecc                png_get_rgb_to_gray_status
                0x0000000000084ee0                png_get_user_chunk_ptr
                0x0000000000084ef4                png_get_compression_buffer_size
                0x0000000000084f08                png_get_user_width_max
                0x0000000000084f1c                png_get_user_height_max
                0x0000000000084f30                png_get_chunk_cache_max
                0x0000000000084f44                png_get_chunk_malloc_max
                0x0000000000084f58                png_get_io_state
                0x0000000000084f66                png_get_io_chunk_type
                0x0000000000084f9c                png_get_io_chunk_name
                0x0000000000084fa9                png_get_sCAL
                0x0000000000085004                png_get_sCAL_fixed
                0x0000000000085084                png_get_IHDR
                0x000000000008513a                png_get_y_offset_inches_fixed
                0x0000000000085171                png_get_x_offset_inches_fixed
                0x00000000000851d3                png_get_y_pixels_per_inch
                0x00000000000851fd                png_get_x_pixels_per_inch
                0x0000000000085227                png_get_pixels_per_inch
                0x0000000000085257                png_get_pixel_aspect_ratio_fixed
 *fill*         0x00000000000852a6        0x2 
 .text          0x00000000000852a8     0x1a96 /home/ashish/me/lib/libpng.a(png.o)
                0x00000000000852a8                png_get_io_ptr
                0x00000000000852bc                png_init_io
                0x00000000000852d1                png_get_copyright
                0x00000000000852db                png_get_libpng_ver
                0x00000000000852e5                png_get_header_ver
                0x00000000000852ef                png_get_header_version
                0x00000000000852f9                png_access_version_number
                0x0000000000085303                png_check_fp_number
                0x00000000000853d8                png_check_fp_string
                0x0000000000085474                png_64bit_product
                0x00000000000854ce                png_gamma_significant
                0x00000000000854e6                png_reciprocal2
                0x000000000008554d                png_reciprocal
                0x00000000000855b1                png_muldiv
                0x00000000000857a2                png_gamma_16bit_correct
                0x000000000008581a                png_gamma_8bit_correct
                0x00000000000858f1                png_build_gamma_table
                0x0000000000085c54                png_gamma_correct
                0x0000000000085c89                png_muldiv_warn
                0x0000000000085cc3                png_check_cHRM_fixed
                0x0000000000085dfc                png_data_freer
                0x0000000000085e49                png_zalloc
                0x0000000000085ea7                png_fixed
                0x0000000000085f14                png_ascii_from_fixed
                0x0000000000085fd9                png_check_IHDR
                0x0000000000086217                png_set_sig_bytes
                0x000000000008624a                png_ascii_from_fp
                0x00000000000865dd                png_reset_zstream
                0x00000000000865ff                png_handle_as_unknown
                0x0000000000086655                png_sig_cmp
                0x00000000000866bf                png_convert_to_rfc1123
                0x0000000000086775                png_zfree
                0x0000000000086781                png_free_data
                0x0000000000086b96                png_info_init_3
                0x0000000000086bdf                png_info_destroy
                0x0000000000086c42                png_destroy_info_struct
                0x0000000000086c8e                png_create_info_struct
                0x0000000000086cd3                png_calculate_crc
                0x0000000000086d1f                png_reset_crc
 *fill*         0x0000000000086d3e        0x2 
 .text          0x0000000000086d40     0x1e8e /home/ashish/me/lib/libpng.a(pngpread.o)
                0x0000000000086d40                png_push_crc_skip
                0x0000000000086d5b                png_push_restore_buffer
                0x0000000000086d87                png_push_have_info
                0x0000000000086d9f                png_push_have_end
                0x0000000000086db7                png_push_have_row
                0x0000000000086de3                png_get_progressive_ptr
                0x0000000000086df7                png_set_progressive_read_fn
                0x0000000000086e31                png_progressive_combine_row
                0x0000000000086e79                png_push_fill_buffer
                0x0000000000086f12                png_push_handle_unknown
                0x000000000008704c                png_push_handle_iTXt
                0x00000000000870ac                png_push_handle_zTXt
                0x000000000008710c                png_push_handle_tEXt
                0x000000000008716c                png_process_data_skip
                0x00000000000871ce                png_read_push_finish_row
                0x0000000000087309                png_push_process_row
                0x00000000000876f1                png_process_IDAT_data
                0x000000000008784f                png_push_save_buffer
                0x0000000000087962                png_push_read_IDAT
                0x0000000000087b14                png_push_crc_finish
                0x0000000000087bee                png_push_read_iTXt
                0x0000000000087d41                png_push_read_zTXt
                0x000000000008807d                png_push_read_tEXt
                0x000000000008819a                png_process_data_pause
                0x00000000000881df                png_push_read_chunk
                0x0000000000088a54                png_push_read_sig
                0x0000000000088af9                png_process_some_data
                0x0000000000088b79                png_process_data
 *fill*         0x0000000000088bce        0x2 
 .text          0x0000000000088bd0     0x1aa3 /home/ashish/me/lib/libpng.a(pngread.o)
                0x0000000000088bd0                png_set_read_status_fn
                0x0000000000088be5                png_read_destroy
                0x0000000000088eaf                png_destroy_read_struct
                0x0000000000088f82                png_read_end
                0x00000000000894f8                png_start_read_image
                0x0000000000089526                png_read_row
                0x000000000008999c                png_read_image
                0x0000000000089a51                png_read_rows
                0x0000000000089ad5                png_read_update_info
                0x0000000000089b20                png_read_info
                0x000000000008a13f                png_read_png
                0x000000000008a34c                png_create_read_struct_2
                0x000000000008a654                png_create_read_struct
 *fill*         0x000000000008a673        0x1 
 .text          0x000000000008a674       0xc4 /home/ashish/me/lib/libpng.a(pngrio.o)
                0x000000000008a674                png_set_read_fn
                0x000000000008a6d6                png_default_read_data
                0x000000000008a711                png_read_data
 .text          0x000000000008a738     0x47eb /home/ashish/me/lib/libpng.a(pngrtran.o)
                0x000000000008a738                png_set_strip_16
                0x000000000008a74e                png_set_strip_alpha
                0x000000000008a764                png_set_expand
                0x000000000008a781                png_set_palette_to_rgb
                0x000000000008a79e                png_set_expand_gray_1_2_4_to_8
                0x000000000008a7bb                png_set_tRNS_to_alpha
                0x000000000008a7d4                png_set_gray_to_rgb
                0x000000000008a802                png_set_read_user_transform_fn
                0x000000000008a821                png_read_transform_info
                0x000000000008a9b4                png_do_unpack
                0x000000000008aad9                png_do_unshift
                0x000000000008ac77                png_do_chop
                0x000000000008acb9                png_do_read_swap_alpha
                0x000000000008adb7                png_do_read_invert_alpha
                0x000000000008ae37                png_do_read_filler
                0x000000000008b0d2                png_do_gray_to_rgb
                0x000000000008b248                png_do_rgb_to_gray
                0x000000000008b8d0                png_build_grayscale_palette
                0x000000000008b915                png_do_gamma
                0x000000000008bcc8                png_do_expand_palette
                0x000000000008bf28                png_do_expand
                0x000000000008c31f                png_do_quantize